interactions:
- request:
    body: status=Toot%21
    headers:
      Accept:
      - '*/*'
      Accept-Encoding:
      - gzip, deflate, br
      Authorization:
      - Bearer __MASTODON_PY_TEST_ACCESS_TOKEN
      Connection:
      - keep-alive
      Content-Length:
      - '14'
      Content-Type:
      - application/x-www-form-urlencoded
      User-Agent:
      - tests/v311
    method: POST
    uri: http://localhost:3000/api/v1/statuses
  response:
    body:
      string: '{"id":"115504859660364532","created_at":"2025-11-06T21:24:49.251Z","in_reply_to_id":null,"in_reply_to_account_id":null,"sensitive":false,"spoiler_text":"","visibility":"public","language":"ja","uri":"http://localhost:3000/ap/users/115504821318011161/statuses/115504859660364532","url":"http://localhost:3000/@mastodonpy_test/115504859660364532","replies_count":0,"reblogs_count":0,"favourites_count":0,"quotes_count":0,"edited_at":null,"favourited":false,"reblogged":false,"muted":false,"bookmarked":false,"pinned":false,"content":"\u003cp\u003eToot!\u003c/p\u003e","filtered":[],"reblog":null,"application":{"name":"Mastodon.py
        test suite","website":null},"account":{"id":"115504821318011161","username":"mastodonpy_test","acct":"mastodonpy_test","display_name":"John
        Lennon","locked":true,"bot":false,"discoverable":null,"indexable":false,"group":false,"created_at":"2025-11-06T00:00:00.000Z","note":"\u003cp\u003eI
        walk funny\u003c/p\u003e","url":"http://localhost:3000/@mastodonpy_test","uri":"http://localhost:3000/ap/users/115504821318011161","avatar":"http://localhost:3000/system/accounts/avatars/115/504/821/318/011/161/original/b5d4efe356da6fc7.jpg","avatar_static":"http://localhost:3000/system/accounts/avatars/115/504/821/318/011/161/original/b5d4efe356da6fc7.jpg","header":"http://localhost:3000/system/accounts/headers/115/504/821/318/011/161/original/8bd773726703313d.jpg","header_static":"http://localhost:3000/system/accounts/headers/115/504/821/318/011/161/original/8bd773726703313d.jpg","followers_count":0,"following_count":1,"statuses_count":9,"last_status_at":"2025-11-06","hide_collections":null,"noindex":false,"emojis":[],"roles":[],"fields":[{"name":"bread","value":"toasty.","verified_at":null},{"name":"lasagna","value":"no!!!","verified_at":null}]},"media_attachments":[],"mentions":[],"tags":[],"emojis":[],"quote":null,"card":null,"poll":null,"quote_approval":{"automatic":["public"],"manual":[],"current_user":"automatic"}}'
    headers:
      cache-control:
      - private, no-store
      content-length:
      - '1956'
      content-security-policy:
      - default-src 'none'; frame-ancestors 'none'; form-action 'none'
      content-type:
      - application/json; charset=utf-8
      etag:
      - W/"cf43d8ca3735449b5299803e411fde94"
      referrer-policy:
      - strict-origin-when-cross-origin
      server-timing:
      - cache_read.active_support;dur=0.06, sql.active_record;dur=16.01, cache_generate.active_support;dur=3.26,
        cache_write.active_support;dur=0.12, instantiation.active_record;dur=0.54,
        start_processing.action_controller;dur=0.00, start_transaction.active_record;dur=0.00,
        transaction.active_record;dur=7.72, render.active_model_serializers;dur=12.97,
        process_action.action_controller;dur=66.49
      vary:
      - Authorization, Origin
      x-content-type-options:
      - nosniff
      x-frame-options:
      - SAMEORIGIN
      x-permitted-cross-domain-policies:
      - none
      x-ratelimit-limit:
      - '300'
      x-ratelimit-remaining:
      - '207'
      x-ratelimit-reset:
      - '2025-11-07T00:00:00.285382Z'
      x-request-id:
      - ff09ca3c-23dd-4775-876a-91add815b713
      x-runtime:
      - '0.083454'
      x-xss-protection:
      - '0'
    status:
      code: 200
      message: OK
- request:
    body: null
    headers:
      Accept:
      - '*/*'
      Accept-Encoding:
      - gzip, deflate, br
      Authorization:
      - Bearer __MASTODON_PY_TEST_ACCESS_TOKEN
      Connection:
      - keep-alive
      User-Agent:
      - tests/v311
    method: GET
    uri: http://localhost:3000/api/v1/timelines/home?max_id=115504859660365532&min_id=115504859660363532
  response:
    body:
      string: '[{"id":"115504859660364532","created_at":"2025-11-06T21:24:49.251Z","in_reply_to_id":null,"in_reply_to_account_id":null,"sensitive":false,"spoiler_text":"","visibility":"public","language":"ja","uri":"http://localhost:3000/ap/users/115504821318011161/statuses/115504859660364532","url":"http://localhost:3000/@mastodonpy_test/115504859660364532","replies_count":0,"reblogs_count":0,"favourites_count":0,"quotes_count":0,"edited_at":null,"favourited":false,"reblogged":false,"muted":false,"bookmarked":false,"pinned":false,"content":"\u003cp\u003eToot!\u003c/p\u003e","filtered":[],"reblog":null,"application":{"name":"Mastodon.py
        test suite","website":null},"account":{"id":"115504821318011161","username":"mastodonpy_test","acct":"mastodonpy_test","display_name":"John
        Lennon","locked":true,"bot":false,"discoverable":null,"indexable":false,"group":false,"created_at":"2025-11-06T00:00:00.000Z","note":"\u003cp\u003eI
        walk funny\u003c/p\u003e","url":"http://localhost:3000/@mastodonpy_test","uri":"http://localhost:3000/ap/users/115504821318011161","avatar":"http://localhost:3000/system/accounts/avatars/115/504/821/318/011/161/original/b5d4efe356da6fc7.jpg","avatar_static":"http://localhost:3000/system/accounts/avatars/115/504/821/318/011/161/original/b5d4efe356da6fc7.jpg","header":"http://localhost:3000/system/accounts/headers/115/504/821/318/011/161/original/8bd773726703313d.jpg","header_static":"http://localhost:3000/system/accounts/headers/115/504/821/318/011/161/original/8bd773726703313d.jpg","followers_count":0,"following_count":1,"statuses_count":9,"last_status_at":"2025-11-06","hide_collections":null,"noindex":false,"emojis":[],"roles":[],"fields":[{"name":"bread","value":"toasty.","verified_at":null},{"name":"lasagna","value":"no!!!","verified_at":null}]},"media_attachments":[],"mentions":[],"tags":[],"emojis":[],"quote":null,"card":null,"poll":null,"quote_approval":{"automatic":["public"],"manual":[],"current_user":"automatic"}}]'
    headers:
      cache-control:
      - private, no-store
      content-length:
      - '1958'
      content-security-policy:
      - default-src 'none'; frame-ancestors 'none'; form-action 'none'
      content-type:
      - application/json; charset=utf-8
      etag:
      - W/"8633cc5bf4503c09939dbb13bf23af40"
      link:
      - <http://localhost:3000/api/v1/timelines/home?max_id=115504859660364532>; rel="next",
        <http://localhost:3000/api/v1/timelines/home?min_id=115504859660364532>; rel="prev"
      referrer-policy:
      - strict-origin-when-cross-origin
      server-timing:
      - cache_read.active_support;dur=0.07, sql.active_record;dur=3.61, cache_generate.active_support;dur=3.92,
        cache_write.active_support;dur=0.16, instantiation.active_record;dur=0.56,
        start_processing.action_controller;dur=0.00, render.active_model_serializers;dur=6.07,
        process_action.action_controller;dur=49.52
      vary:
      - Authorization, Origin
      x-content-type-options:
      - nosniff
      x-frame-options:
      - SAMEORIGIN
      x-permitted-cross-domain-policies:
      - none
      x-ratelimit-limit:
      - '300'
      x-ratelimit-remaining:
      - '299'
      x-ratelimit-reset:
      - '2025-11-06T21:25:00.394985Z'
      x-request-id:
      - 863484bb-cddf-4ec1-8730-feaf21d92d11
      x-runtime:
      - '0.068092'
      x-xss-protection:
      - '0'
    status:
      code: 200
      message: OK
- request:
    body: null
    headers:
      Accept:
      - '*/*'
      Accept-Encoding:
      - gzip, deflate, br
      Authorization:
      - Bearer __MASTODON_PY_TEST_ACCESS_TOKEN
      Connection:
      - keep-alive
      User-Agent:
      - tests/v311
    method: GET
    uri: http://localhost:3000/api/v1/timelines/home?max_id=115504859660363532&min_id=115504859660362532
  response:
    body:
      string: '[]'
    headers:
      cache-control:
      - private, no-store
      content-length:
      - '2'
      content-security-policy:
      - default-src 'none'; frame-ancestors 'none'; form-action 'none'
      content-type:
      - application/json; charset=utf-8
      etag:
      - W/"4f53cda18c2baa0c0354bb5f9a3ecbe5"
      referrer-policy:
      - strict-origin-when-cross-origin
      server-timing:
      - cache_read.active_support;dur=0.06, sql.active_record;dur=1.27, cache_generate.active_support;dur=3.54,
        cache_write.active_support;dur=0.14, instantiation.active_record;dur=0.22,
        start_processing.action_controller;dur=0.00, render.active_model_serializers;dur=0.04,
        process_action.action_controller;dur=28.95
      vary:
      - Authorization, Origin
      x-content-type-options:
      - nosniff
      x-frame-options:
      - SAMEORIGIN
      x-permitted-cross-domain-policies:
      - none
      x-ratelimit-limit:
      - '300'
      x-ratelimit-remaining:
      - '299'
      x-ratelimit-reset:
      - '2025-11-06T21:25:00.524087Z'
      x-request-id:
      - 8ce3fe9b-566e-4d7a-ab8e-11ab4b2babf8
      x-runtime:
      - '0.047473'
      x-xss-protection:
      - '0'
    status:
      code: 200
      message: OK
- request:
    body: null
    headers:
      Accept:
      - '*/*'
      Accept-Encoding:
      - gzip, deflate, br
      Authorization:
      - Bearer __MASTODON_PY_TEST_ACCESS_TOKEN
      Connection:
      - keep-alive
      User-Agent:
      - tests/v311
    method: GET
    uri: http://localhost:3000/api/v1/timelines/home?max_id=115504859660366532&min_id=115504859660365532
  response:
    body:
      string: '[]'
    headers:
      cache-control:
      - private, no-store
      content-length:
      - '2'
      content-security-policy:
      - default-src 'none'; frame-ancestors 'none'; form-action 'none'
      content-type:
      - application/json; charset=utf-8
      etag:
      - W/"4f53cda18c2baa0c0354bb5f9a3ecbe5"
      referrer-policy:
      - strict-origin-when-cross-origin
      server-timing:
      - cache_read.active_support;dur=0.04, sql.active_record;dur=1.32, cache_generate.active_support;dur=3.03,
        cache_write.active_support;dur=0.12, instantiation.active_record;dur=0.20,
        start_processing.action_controller;dur=0.00, render.active_model_serializers;dur=0.04,
        process_action.action_controller;dur=29.48
      vary:
      - Authorization, Origin
      x-content-type-options:
      - nosniff
      x-frame-options:
      - SAMEORIGIN
      x-permitted-cross-domain-policies:
      - none
      x-ratelimit-limit:
      - '300'
      x-ratelimit-remaining:
      - '299'
      x-ratelimit-reset:
      - '2025-11-06T21:25:00.597810Z'
      x-request-id:
      - f7a1a1a4-5b38-4c38-b979-69e0132fa519
      x-runtime:
      - '0.047012'
      x-xss-protection:
      - '0'
    status:
      code: 200
      message: OK
- request:
    body: null
    headers:
      Accept:
      - '*/*'
      Accept-Encoding:
      - gzip, deflate, br
      Authorization:
      - Bearer __MASTODON_PY_TEST_ACCESS_TOKEN
      Connection:
      - keep-alive
      User-Agent:
      - tests/v311
    method: GET
    uri: http://localhost:3000/api/v1/timelines/home?since_id=115504859660363532
  response:
    body:
      string: '[{"id":"115504859660364532","created_at":"2025-11-06T21:24:49.251Z","in_reply_to_id":null,"in_reply_to_account_id":null,"sensitive":false,"spoiler_text":"","visibility":"public","language":"ja","uri":"http://localhost:3000/ap/users/115504821318011161/statuses/115504859660364532","url":"http://localhost:3000/@mastodonpy_test/115504859660364532","replies_count":0,"reblogs_count":0,"favourites_count":0,"quotes_count":0,"edited_at":null,"favourited":false,"reblogged":false,"muted":false,"bookmarked":false,"pinned":false,"content":"\u003cp\u003eToot!\u003c/p\u003e","filtered":[],"reblog":null,"application":{"name":"Mastodon.py
        test suite","website":null},"account":{"id":"115504821318011161","username":"mastodonpy_test","acct":"mastodonpy_test","display_name":"John
        Lennon","locked":true,"bot":false,"discoverable":null,"indexable":false,"group":false,"created_at":"2025-11-06T00:00:00.000Z","note":"\u003cp\u003eI
        walk funny\u003c/p\u003e","url":"http://localhost:3000/@mastodonpy_test","uri":"http://localhost:3000/ap/users/115504821318011161","avatar":"http://localhost:3000/system/accounts/avatars/115/504/821/318/011/161/original/b5d4efe356da6fc7.jpg","avatar_static":"http://localhost:3000/system/accounts/avatars/115/504/821/318/011/161/original/b5d4efe356da6fc7.jpg","header":"http://localhost:3000/system/accounts/headers/115/504/821/318/011/161/original/8bd773726703313d.jpg","header_static":"http://localhost:3000/system/accounts/headers/115/504/821/318/011/161/original/8bd773726703313d.jpg","followers_count":0,"following_count":1,"statuses_count":9,"last_status_at":"2025-11-06","hide_collections":null,"noindex":false,"emojis":[],"roles":[],"fields":[{"name":"bread","value":"toasty.","verified_at":null},{"name":"lasagna","value":"no!!!","verified_at":null}]},"media_attachments":[],"mentions":[],"tags":[],"emojis":[],"quote":null,"card":null,"poll":null,"quote_approval":{"automatic":["public"],"manual":[],"current_user":"automatic"}}]'
    headers:
      cache-control:
      - private, no-store
      content-length:
      - '1958'
      content-security-policy:
      - default-src 'none'; frame-ancestors 'none'; form-action 'none'
      content-type:
      - application/json; charset=utf-8
      etag:
      - W/"8633cc5bf4503c09939dbb13bf23af40"
      link:
      - <http://localhost:3000/api/v1/timelines/home?max_id=115504859660364532>; rel="next",
        <http://localhost:3000/api/v1/timelines/home?min_id=115504859660364532>; rel="prev"
      referrer-policy:
      - strict-origin-when-cross-origin
      server-timing:
      - cache_read.active_support;dur=0.07, sql.active_record;dur=3.85, cache_generate.active_support;dur=3.52,
        cache_write.active_support;dur=0.15, instantiation.active_record;dur=0.56,
        start_processing.action_controller;dur=0.00, render.active_model_serializers;dur=6.11,
        process_action.action_controller;dur=61.75
      vary:
      - Authorization, Origin
      x-content-type-options:
      - nosniff
      x-frame-options:
      - SAMEORIGIN
      x-permitted-cross-domain-policies:
      - none
      x-ratelimit-limit:
      - '300'
      x-ratelimit-remaining:
      - '299'
      x-ratelimit-reset:
      - '2025-11-06T21:25:00.677181Z'
      x-request-id:
      - f2e24d26-20be-4fa6-a37e-576d33ddc05a
      x-runtime:
      - '0.079678'
      x-xss-protection:
      - '0'
    status:
      code: 200
      message: OK
- request:
    body: null
    headers:
      Accept:
      - '*/*'
      Accept-Encoding:
      - gzip, deflate, br
      Authorization:
      - Bearer __MASTODON_PY_TEST_ACCESS_TOKEN
      Connection:
      - keep-alive
      Content-Length:
      - '0'
      User-Agent:
      - tests/v311
    method: DELETE
    uri: http://localhost:3000/api/v1/statuses/115504859660364532
  response:
    body:
      string: '{"id":"115504859660364532","created_at":"2025-11-06T21:24:49.251Z","in_reply_to_id":null,"in_reply_to_account_id":null,"sensitive":false,"spoiler_text":"","visibility":"public","language":"ja","uri":"http://localhost:3000/ap/users/115504821318011161/statuses/115504859660364532","url":"http://localhost:3000/@mastodonpy_test/115504859660364532","replies_count":0,"reblogs_count":0,"favourites_count":0,"quotes_count":0,"edited_at":null,"favourited":false,"reblogged":false,"muted":false,"bookmarked":false,"pinned":false,"text":"Toot!","filtered":[],"reblog":null,"application":{"name":"Mastodon.py
        test suite","website":null},"account":{"id":"115504821318011161","username":"mastodonpy_test","acct":"mastodonpy_test","display_name":"John
        Lennon","locked":true,"bot":false,"discoverable":null,"indexable":false,"group":false,"created_at":"2025-11-06T00:00:00.000Z","note":"\u003cp\u003eI
        walk funny\u003c/p\u003e","url":"http://localhost:3000/@mastodonpy_test","uri":"http://localhost:3000/ap/users/115504821318011161","avatar":"http://localhost:3000/system/accounts/avatars/115/504/821/318/011/161/original/b5d4efe356da6fc7.jpg","avatar_static":"http://localhost:3000/system/accounts/avatars/115/504/821/318/011/161/original/b5d4efe356da6fc7.jpg","header":"http://localhost:3000/system/accounts/headers/115/504/821/318/011/161/original/8bd773726703313d.jpg","header_static":"http://localhost:3000/system/accounts/headers/115/504/821/318/011/161/original/8bd773726703313d.jpg","followers_count":0,"following_count":1,"statuses_count":8,"last_status_at":"2025-11-06","hide_collections":null,"noindex":false,"emojis":[],"roles":[],"fields":[{"name":"bread","value":"toasty.","verified_at":null},{"name":"lasagna","value":"no!!!","verified_at":null}]},"media_attachments":[],"mentions":[],"tags":[],"emojis":[],"quote":null,"card":null,"poll":null,"quote_approval":{"automatic":["public"],"manual":[],"current_user":"automatic"}}'
    headers:
      cache-control:
      - private, no-store
      content-length:
      - '1926'
      content-security-policy:
      - default-src 'none'; frame-ancestors 'none'; form-action 'none'
      content-type:
      - application/json; charset=utf-8
      etag:
      - W/"1f9fd2b76de05800825aa6429bce8f4e"
      referrer-policy:
      - strict-origin-when-cross-origin
      server-timing:
      - cache_read.active_support;dur=0.07, sql.active_record;dur=8.09, cache_generate.active_support;dur=3.17,
        cache_write.active_support;dur=0.14, instantiation.active_record;dur=0.57,
        start_processing.action_controller;dur=0.00, start_transaction.active_record;dur=0.00,
        transaction.active_record;dur=4.49, render.active_model_serializers;dur=17.69,
        process_action.action_controller;dur=56.73
      vary:
      - Authorization, Origin
      x-content-type-options:
      - nosniff
      x-frame-options:
      - SAMEORIGIN
      x-permitted-cross-domain-policies:
      - none
      x-ratelimit-limit:
      - '30'
      x-ratelimit-remaining:
      - '29'
      x-ratelimit-reset:
      - '2025-11-06T21:30:00.816487Z'
      x-request-id:
      - 6bb88fcc-df12-4cb2-a624-1236af9a8211
      x-runtime:
      - '0.074949'
      x-xss-protection:
      - '0'
    status:
      code: 200
      message: OK
version: 1
