interactions:
- request:
    body: title=ham+burglars&replies_policy=list&exclusive=0
    headers:
      Accept:
      - '*/*'
      Accept-Encoding:
      - gzip, deflate, br
      Authorization:
      - Bearer __MASTODON_PY_TEST_ACCESS_TOKEN
      Connection:
      - keep-alive
      Content-Length:
      - '50'
      Content-Type:
      - application/x-www-form-urlencoded
      User-Agent:
      - tests/v311
    method: POST
    uri: http://localhost:3000/api/v1/lists
  response:
    body:
      string: '{"id":"1","title":"ham burglars","replies_policy":"list","exclusive":false}'
    headers:
      Content-Length:
      - '75'
      cache-control:
      - private, no-store
      content-security-policy:
      - default-src 'none'; frame-ancestors 'none'; form-action 'none'
      content-type:
      - application/json; charset=utf-8
      etag:
      - W/"cdf617c2791a55f66b3ec2ae3e58a444"
      referrer-policy:
      - strict-origin-when-cross-origin
      server-timing:
      - cache_read.active_support;dur=0.03, sql.active_record;dur=5.44, cache_generate.active_support;dur=1.20,
        cache_write.active_support;dur=0.09, instantiation.active_record;dur=0.25,
        start_processing.action_controller;dur=0.01, start_transaction.active_record;dur=0.00,
        transaction.active_record;dur=6.10, render.active_model_serializers;dur=0.15,
        process_action.action_controller;dur=38.27
      vary:
      - Authorization, Origin
      x-content-type-options:
      - nosniff
      x-frame-options:
      - SAMEORIGIN
      x-permitted-cross-domain-policies:
      - none
      x-ratelimit-limit:
      - '300'
      x-ratelimit-remaining:
      - '299'
      x-ratelimit-reset:
      - '2025-08-17T18:45:00.971625Z'
      x-request-id:
      - 6add729b-e8cd-4489-803d-3029c553e0d8
      x-runtime:
      - '0.060541'
      x-xss-protection:
      - '0'
    status:
      code: 200
      message: OK
- request:
    body: null
    headers:
      Accept:
      - '*/*'
      Accept-Encoding:
      - gzip, deflate, br
      Authorization:
      - Bearer __MASTODON_PY_TEST_ACCESS_TOKEN
      Connection:
      - keep-alive
      User-Agent:
      - tests/v311
    method: GET
    uri: http://localhost:3000/api/v1/lists
  response:
    body:
      string: '[{"id":"1","title":"ham burglars","replies_policy":"list","exclusive":false}]'
    headers:
      Content-Length:
      - '77'
      cache-control:
      - private, no-store
      content-security-policy:
      - default-src 'none'; frame-ancestors 'none'; form-action 'none'
      content-type:
      - application/json; charset=utf-8
      etag:
      - W/"48c8c98ccb5228fc9d03815a6e95f41d"
      referrer-policy:
      - strict-origin-when-cross-origin
      server-timing:
      - cache_read.active_support;dur=0.03, sql.active_record;dur=1.04, cache_generate.active_support;dur=1.08,
        cache_write.active_support;dur=0.07, instantiation.active_record;dur=1.82,
        start_processing.action_controller;dur=0.01, render.active_model_serializers;dur=0.17,
        process_action.action_controller;dur=29.20
      vary:
      - Authorization, Origin
      x-content-type-options:
      - nosniff
      x-frame-options:
      - SAMEORIGIN
      x-permitted-cross-domain-policies:
      - none
      x-ratelimit-limit:
      - '300'
      x-ratelimit-remaining:
      - '299'
      x-ratelimit-reset:
      - '2025-08-17T18:45:00.035381Z'
      x-request-id:
      - 890489bf-a7f0-4835-8ce1-c3274c36a735
      x-runtime:
      - '0.049956'
      x-xss-protection:
      - '0'
    status:
      code: 200
      message: OK
- request:
    body: null
    headers:
      Accept:
      - '*/*'
      Accept-Encoding:
      - gzip, deflate, br
      Authorization:
      - Bearer __MASTODON_PY_TEST_ACCESS_TOKEN
      Connection:
      - keep-alive
      Content-Length:
      - '0'
      User-Agent:
      - tests/v311
    method: DELETE
    uri: http://localhost:3000/api/v1/lists/1
  response:
    body:
      string: '{}'
    headers:
      Content-Length:
      - '2'
      cache-control:
      - private, no-store
      content-security-policy:
      - default-src 'none'; frame-ancestors 'none'; form-action 'none'
      content-type:
      - application/json; charset=utf-8
      etag:
      - W/"44136fa355b3678a1146ad16f7e8649e"
      referrer-policy:
      - strict-origin-when-cross-origin
      server-timing:
      - cache_read.active_support;dur=0.03, sql.active_record;dur=5.69, cache_generate.active_support;dur=1.10,
        cache_write.active_support;dur=0.07, instantiation.active_record;dur=0.24,
        start_processing.action_controller;dur=0.00, start_transaction.active_record;dur=0.00,
        transaction.active_record;dur=5.67, render.active_model_serializers;dur=0.02,
        process_action.action_controller;dur=34.99
      vary:
      - Authorization, Origin
      x-content-type-options:
      - nosniff
      x-frame-options:
      - SAMEORIGIN
      x-permitted-cross-domain-policies:
      - none
      x-ratelimit-limit:
      - '300'
      x-ratelimit-remaining:
      - '299'
      x-ratelimit-reset:
      - '2025-08-17T18:45:00.091732Z'
      x-request-id:
      - 880da855-6298-42ba-aaaf-d96fb7a17290
      x-runtime:
      - '0.052134'
      x-xss-protection:
      - '0'
    status:
      code: 200
      message: OK
version: 1
