interactions:
- request:
    body: null
    headers:
      Accept:
      - '*/*'
      Accept-Encoding:
      - gzip, deflate, br
      Authorization:
      - Bearer __MASTODON_PY_TEST_ACCESS_TOKEN
      Connection:
      - keep-alive
      User-Agent:
      - tests/v311
    method: GET
    uri: http://localhost:3000/api/v2/search?q=mastodonpy_test&resolve=1&exclude_unreviewed=1
  response:
    body:
      string: '{"accounts":[{"id":"115045158004229352","username":"mastodonpy_test","acct":"mastodonpy_test","display_name":"John
        Lennon","locked":true,"bot":false,"discoverable":null,"indexable":false,"group":false,"created_at":"2025-08-17T00:00:00.000Z","note":"\u003cp\u003eI
        walk funny\u003c/p\u003e","url":"http://localhost:3000/@mastodonpy_test","uri":"http://localhost:3000/users/mastodonpy_test","avatar":"http://localhost:3000/system/accounts/avatars/115/045/158/004/229/352/original/228aadcd9f964064.jpg","avatar_static":"http://localhost:3000/system/accounts/avatars/115/045/158/004/229/352/original/228aadcd9f964064.jpg","header":"http://localhost:3000/system/accounts/headers/115/045/158/004/229/352/original/75c82cb34a6eb173.jpg","header_static":"http://localhost:3000/system/accounts/headers/115/045/158/004/229/352/original/75c82cb34a6eb173.jpg","followers_count":0,"following_count":0,"statuses_count":12,"last_status_at":"2025-08-17","hide_collections":null,"noindex":false,"emojis":[],"roles":[],"fields":[{"name":"bread","value":"toasty.","verified_at":null},{"name":"lasagna","value":"no!!!","verified_at":null}]},{"id":"115045158144846374","username":"mastodonpy_test_2","acct":"mastodonpy_test_2","display_name":"","locked":false,"bot":false,"discoverable":true,"indexable":true,"group":false,"created_at":"2025-08-17T00:00:00.000Z","note":"","url":"http://localhost:3000/@mastodonpy_test_2","uri":"http://localhost:3000/users/mastodonpy_test_2","avatar":"http://localhost:3000/avatars/original/missing.png","avatar_static":"http://localhost:3000/avatars/original/missing.png","header":"http://localhost:3000/headers/original/missing.png","header_static":"http://localhost:3000/headers/original/missing.png","followers_count":0,"following_count":0,"statuses_count":61,"last_status_at":"2025-08-17","hide_collections":null,"noindex":false,"emojis":[],"roles":[],"fields":[]}],"statuses":[],"hashtags":[]}'
    headers:
      Content-Length:
      - '1911'
      cache-control:
      - private, no-store
      content-security-policy:
      - default-src 'none'; frame-ancestors 'none'; form-action 'none'
      content-type:
      - application/json; charset=utf-8
      etag:
      - W/"eda2619b43adfe84996e82cd8dcacc2c"
      referrer-policy:
      - strict-origin-when-cross-origin
      server-timing:
      - cache_read.active_support;dur=0.09, sql.active_record;dur=2.97, cache_generate.active_support;dur=1.43,
        cache_write.active_support;dur=0.10, instantiation.active_record;dur=0.40,
        start_processing.action_controller;dur=0.01, unpermitted_parameters.action_controller;dur=0.00,
        cache_fetch_hit.active_support;dur=0.00, render.active_model_serializers;dur=5.30,
        process_action.action_controller;dur=40.35
      vary:
      - Authorization, Origin
      x-content-type-options:
      - nosniff
      x-frame-options:
      - SAMEORIGIN
      x-permitted-cross-domain-policies:
      - none
      x-ratelimit-limit:
      - '300'
      x-ratelimit-remaining:
      - '299'
      x-ratelimit-reset:
      - '2025-08-17T18:45:00.515672Z'
      x-request-id:
      - 896f828f-ee57-43c4-83ed-ee1f6d046734
      x-runtime:
      - '0.060268'
      x-xss-protection:
      - '0'
    status:
      code: 200
      message: OK
- request:
    body: null
    headers:
      Accept:
      - '*/*'
      Accept-Encoding:
      - gzip, deflate, br
      Authorization:
      - Bearer __MASTODON_PY_TEST_ACCESS_TOKEN
      Connection:
      - keep-alive
      User-Agent:
      - tests/v311
    method: GET
    uri: http://localhost:3000/api/v2/search?q=mastodonpy_test&resolve=1&exclude_unreviewed=1
  response:
    body:
      string: '{"accounts":[{"id":"115045158004229352","username":"mastodonpy_test","acct":"mastodonpy_test","display_name":"John
        Lennon","locked":true,"bot":false,"discoverable":null,"indexable":false,"group":false,"created_at":"2025-08-17T00:00:00.000Z","note":"\u003cp\u003eI
        walk funny\u003c/p\u003e","url":"http://localhost:3000/@mastodonpy_test","uri":"http://localhost:3000/users/mastodonpy_test","avatar":"http://localhost:3000/system/accounts/avatars/115/045/158/004/229/352/original/228aadcd9f964064.jpg","avatar_static":"http://localhost:3000/system/accounts/avatars/115/045/158/004/229/352/original/228aadcd9f964064.jpg","header":"http://localhost:3000/system/accounts/headers/115/045/158/004/229/352/original/75c82cb34a6eb173.jpg","header_static":"http://localhost:3000/system/accounts/headers/115/045/158/004/229/352/original/75c82cb34a6eb173.jpg","followers_count":0,"following_count":0,"statuses_count":12,"last_status_at":"2025-08-17","hide_collections":null,"noindex":false,"emojis":[],"roles":[],"fields":[{"name":"bread","value":"toasty.","verified_at":null},{"name":"lasagna","value":"no!!!","verified_at":null}]},{"id":"115045158144846374","username":"mastodonpy_test_2","acct":"mastodonpy_test_2","display_name":"","locked":false,"bot":false,"discoverable":true,"indexable":true,"group":false,"created_at":"2025-08-17T00:00:00.000Z","note":"","url":"http://localhost:3000/@mastodonpy_test_2","uri":"http://localhost:3000/users/mastodonpy_test_2","avatar":"http://localhost:3000/avatars/original/missing.png","avatar_static":"http://localhost:3000/avatars/original/missing.png","header":"http://localhost:3000/headers/original/missing.png","header_static":"http://localhost:3000/headers/original/missing.png","followers_count":0,"following_count":0,"statuses_count":61,"last_status_at":"2025-08-17","hide_collections":null,"noindex":false,"emojis":[],"roles":[],"fields":[]}],"statuses":[],"hashtags":[]}'
    headers:
      Content-Length:
      - '1911'
      cache-control:
      - private, no-store
      content-security-policy:
      - default-src 'none'; frame-ancestors 'none'; form-action 'none'
      content-type:
      - application/json; charset=utf-8
      etag:
      - W/"eda2619b43adfe84996e82cd8dcacc2c"
      referrer-policy:
      - strict-origin-when-cross-origin
      server-timing:
      - cache_read.active_support;dur=0.09, sql.active_record;dur=2.62, cache_generate.active_support;dur=1.45,
        cache_write.active_support;dur=0.11, instantiation.active_record;dur=0.34,
        start_processing.action_controller;dur=0.01, unpermitted_parameters.action_controller;dur=0.00,
        cache_fetch_hit.active_support;dur=0.00, render.active_model_serializers;dur=7.14,
        process_action.action_controller;dur=39.12
      vary:
      - Authorization, Origin
      x-content-type-options:
      - nosniff
      x-frame-options:
      - SAMEORIGIN
      x-permitted-cross-domain-policies:
      - none
      x-ratelimit-limit:
      - '300'
      x-ratelimit-remaining:
      - '299'
      x-ratelimit-reset:
      - '2025-08-17T18:45:00.614289Z'
      x-request-id:
      - 991ce75c-ccee-4193-8823-635295bef433
      x-runtime:
      - '0.059634'
      x-xss-protection:
      - '0'
    status:
      code: 200
      message: OK
- request:
    body: null
    headers:
      Accept:
      - '*/*'
      Accept-Encoding:
      - gzip, deflate, br
      Authorization:
      - Bearer __MASTODON_PY_TEST_ACCESS_TOKEN
      Connection:
      - keep-alive
      User-Agent:
      - tests/v311
    method: GET
    uri: http://localhost:3000/api/v2/search?q=mastodonpy_test&resolve=1&exclude_unreviewed=1&type=statuses
  response:
    body:
      string: '{"accounts":[],"statuses":[],"hashtags":[]}'
    headers:
      Content-Length:
      - '43'
      cache-control:
      - private, no-store
      content-security-policy:
      - default-src 'none'; frame-ancestors 'none'; form-action 'none'
      content-type:
      - application/json; charset=utf-8
      etag:
      - W/"80e643200b4aece67dbe6d242a4e5722"
      referrer-policy:
      - strict-origin-when-cross-origin
      server-timing:
      - cache_read.active_support;dur=0.03, sql.active_record;dur=0.70, cache_generate.active_support;dur=0.99,
        cache_write.active_support;dur=0.08, instantiation.active_record;dur=0.23,
        start_processing.action_controller;dur=0.01, unpermitted_parameters.action_controller;dur=0.00,
        render.active_model_serializers;dur=0.22, process_action.action_controller;dur=26.60
      vary:
      - Authorization, Origin
      x-content-type-options:
      - nosniff
      x-frame-options:
      - SAMEORIGIN
      x-permitted-cross-domain-policies:
      - none
      x-ratelimit-limit:
      - '300'
      x-ratelimit-remaining:
      - '299'
      x-ratelimit-reset:
      - '2025-08-17T18:45:00.712372Z'
      x-request-id:
      - f580dc98-a340-43bf-af85-e98ea205762c
      x-runtime:
      - '0.043537'
      x-xss-protection:
      - '0'
    status:
      code: 200
      message: OK
version: 1
