interactions:
- request:
    body: null
    headers:
      Accept:
      - '*/*'
      Accept-Encoding:
      - gzip, deflate, br
      Authorization:
      - Bearer __MASTODON_PY_TEST_ACCESS_TOKEN_2
      Connection:
      - keep-alive
      User-Agent:
      - tests/v311
    method: GET
    uri: http://localhost:3000/api/v2/notifications/policy
  response:
    body:
      string: '{"for_not_following":"accept","for_not_followers":"accept","for_new_accounts":"accept","for_private_mentions":"filter","for_limited_accounts":"filter","summary":{"pending_requests_count":0,"pending_notifications_count":0}}'
    headers:
      cache-control:
      - private, no-store
      content-length:
      - '222'
      content-security-policy:
      - default-src 'none'; frame-ancestors 'none'; form-action 'none'
      content-type:
      - application/json; charset=utf-8
      etag:
      - W/"1fe62b83e0aed327fbf1f30df7ad7e96"
      referrer-policy:
      - strict-origin-when-cross-origin
      server-timing:
      - cache_read.active_support;dur=0.03, sql.active_record;dur=5.12, cache_generate.active_support;dur=1.51,
        cache_write.active_support;dur=0.11, instantiation.active_record;dur=0.21,
        start_processing.action_controller;dur=0.01, render.active_model_serializers;dur=0.16,
        process_action.action_controller;dur=41.63
      vary:
      - Authorization, Origin
      x-content-type-options:
      - nosniff
      x-frame-options:
      - SAMEORIGIN
      x-permitted-cross-domain-policies:
      - none
      x-ratelimit-limit:
      - '300'
      x-ratelimit-remaining:
      - '299'
      x-ratelimit-reset:
      - '2025-11-06T21:25:00.611992Z'
      x-request-id:
      - ea4bf8a0-db72-495c-b39d-c8d032279800
      x-runtime:
      - '0.065185'
      x-xss-protection:
      - '0'
    status:
      code: 200
      message: OK
- request:
    body: for_not_following=filter&for_not_followers=accept
    headers:
      Accept:
      - '*/*'
      Accept-Encoding:
      - gzip, deflate, br
      Authorization:
      - Bearer __MASTODON_PY_TEST_ACCESS_TOKEN_2
      Connection:
      - keep-alive
      Content-Length:
      - '49'
      Content-Type:
      - application/x-www-form-urlencoded
      User-Agent:
      - tests/v311
    method: PATCH
    uri: http://localhost:3000/api/v2/notifications/policy
  response:
    body:
      string: '{"for_not_following":"filter","for_not_followers":"accept","for_new_accounts":"accept","for_private_mentions":"filter","for_limited_accounts":"filter","summary":{"pending_requests_count":0,"pending_notifications_count":0}}'
    headers:
      cache-control:
      - private, no-store
      content-length:
      - '222'
      content-security-policy:
      - default-src 'none'; frame-ancestors 'none'; form-action 'none'
      content-type:
      - application/json; charset=utf-8
      etag:
      - W/"017d15acc00d01e7395f157390a5994c"
      referrer-policy:
      - strict-origin-when-cross-origin
      server-timing:
      - cache_read.active_support;dur=0.03, sql.active_record;dur=5.85, cache_generate.active_support;dur=1.04,
        cache_write.active_support;dur=0.07, instantiation.active_record;dur=0.22,
        start_processing.action_controller;dur=0.00, start_transaction.active_record;dur=0.00,
        transaction.active_record;dur=4.58, render.active_model_serializers;dur=0.16,
        process_action.action_controller;dur=35.31
      vary:
      - Authorization, Origin
      x-content-type-options:
      - nosniff
      x-frame-options:
      - SAMEORIGIN
      x-permitted-cross-domain-policies:
      - none
      x-ratelimit-limit:
      - '300'
      x-ratelimit-remaining:
      - '299'
      x-ratelimit-reset:
      - '2025-11-06T21:25:00.700845Z'
      x-request-id:
      - 5e88518e-229f-48ac-a58a-2334a2e0d65b
      x-runtime:
      - '0.053951'
      x-xss-protection:
      - '0'
    status:
      code: 200
      message: OK
- request:
    body: for_not_following=accept&for_not_followers=accept&for_new_accounts=accept&for_private_mentions=accept&for_limited_accounts=accept
    headers:
      Accept:
      - '*/*'
      Accept-Encoding:
      - gzip, deflate, br
      Authorization:
      - Bearer __MASTODON_PY_TEST_ACCESS_TOKEN_2
      Connection:
      - keep-alive
      Content-Length:
      - '129'
      Content-Type:
      - application/x-www-form-urlencoded
      User-Agent:
      - tests/v311
    method: PATCH
    uri: http://localhost:3000/api/v2/notifications/policy
  response:
    body:
      string: '{"for_not_following":"accept","for_not_followers":"accept","for_new_accounts":"accept","for_private_mentions":"accept","for_limited_accounts":"accept","summary":{"pending_requests_count":0,"pending_notifications_count":0}}'
    headers:
      cache-control:
      - private, no-store
      content-length:
      - '222'
      content-security-policy:
      - default-src 'none'; frame-ancestors 'none'; form-action 'none'
      content-type:
      - application/json; charset=utf-8
      etag:
      - W/"5b34317397a0dd74b93479cc531b50b9"
      referrer-policy:
      - strict-origin-when-cross-origin
      server-timing:
      - cache_read.active_support;dur=0.02, sql.active_record;dur=10.13, cache_generate.active_support;dur=1.07,
        cache_write.active_support;dur=0.07, instantiation.active_record;dur=3.27,
        start_processing.action_controller;dur=0.01, start_transaction.active_record;dur=0.01,
        transaction.active_record;dur=5.13, render.active_model_serializers;dur=0.19,
        process_action.action_controller;dur=47.41
      vary:
      - Authorization, Origin
      x-content-type-options:
      - nosniff
      x-frame-options:
      - SAMEORIGIN
      x-permitted-cross-domain-policies:
      - none
      x-ratelimit-limit:
      - '300'
      x-ratelimit-remaining:
      - '299'
      x-ratelimit-reset:
      - '2025-11-06T21:25:00.799137Z'
      x-request-id:
      - 3d1f0b94-4d5a-4975-bb6d-7c4a5b292723
      x-runtime:
      - '0.082132'
      x-xss-protection:
      - '0'
    status:
      code: 200
      message: OK
version: 1
