interactions:
- request:
    body: null
    headers:
      Accept:
      - '*/*'
      Accept-Encoding:
      - gzip, deflate, br
      Authorization:
      - Bearer __MASTODON_PY_TEST_ACCESS_TOKEN
      Connection:
      - keep-alive
      User-Agent:
      - tests/v311
    method: GET
    uri: http://localhost:3000/api/v1/accounts/verify_credentials
  response:
    body:
      string: '{"id":"115045158004229352","username":"mastodonpy_test","acct":"mastodonpy_test","display_name":"John
        Lennon","locked":true,"bot":false,"discoverable":null,"indexable":false,"group":false,"created_at":"2025-08-17T00:00:00.000Z","note":"\u003cp\u003eI
        walk funny\u003c/p\u003e","url":"http://localhost:3000/@mastodonpy_test","uri":"http://localhost:3000/users/mastodonpy_test","avatar":"http://localhost:3000/system/accounts/avatars/115/045/158/004/229/352/original/228aadcd9f964064.jpg","avatar_static":"http://localhost:3000/system/accounts/avatars/115/045/158/004/229/352/original/228aadcd9f964064.jpg","header":"http://localhost:3000/system/accounts/headers/115/045/158/004/229/352/original/75c82cb34a6eb173.jpg","header_static":"http://localhost:3000/system/accounts/headers/115/045/158/004/229/352/original/75c82cb34a6eb173.jpg","followers_count":0,"following_count":0,"statuses_count":14,"last_status_at":"2025-08-17","hide_collections":null,"noindex":false,"source":{"privacy":"public","sensitive":false,"language":null,"note":"I
        walk funny","fields":[{"name":"bread","value":"toasty.","verified_at":null},{"name":"lasagna","value":"no!!!","verified_at":null}],"follow_requests_count":0,"hide_collections":null,"discoverable":null,"indexable":false,"attribution_domains":["example.com","another-example.com"]},"emojis":[],"roles":[],"fields":[{"name":"bread","value":"toasty.","verified_at":null},{"name":"lasagna","value":"no!!!","verified_at":null}],"role":{"id":"-99","name":"","permissions":"65536","color":"","highlighted":false}}'
    headers:
      Content-Length:
      - '1542'
      cache-control:
      - private, no-store
      content-security-policy:
      - default-src 'none'; frame-ancestors 'none'; form-action 'none'
      content-type:
      - application/json; charset=utf-8
      etag:
      - W/"5916d78a6e6235ea65202c7828dfdc56"
      referrer-policy:
      - strict-origin-when-cross-origin
      server-timing:
      - cache_read.active_support;dur=0.05, sql.active_record;dur=1.24, cache_generate.active_support;dur=1.47,
        cache_write.active_support;dur=0.11, instantiation.active_record;dur=0.23,
        start_processing.action_controller;dur=0.00, render.active_model_serializers;dur=4.50,
        process_action.action_controller;dur=30.57
      vary:
      - Authorization, Origin
      x-content-type-options:
      - nosniff
      x-frame-options:
      - SAMEORIGIN
      x-permitted-cross-domain-policies:
      - none
      x-ratelimit-limit:
      - '300'
      x-ratelimit-remaining:
      - '299'
      x-ratelimit-reset:
      - '2025-08-17T18:45:00.343131Z'
      x-request-id:
      - 1c391b79-b85a-486e-bb83-cea9a558fb70
      x-runtime:
      - '0.047173'
      x-xss-protection:
      - '0'
    status:
      code: 200
      message: OK
- request:
    body: status=Toot+number+0%21
    headers:
      Accept:
      - '*/*'
      Accept-Encoding:
      - gzip, deflate, br
      Authorization:
      - Bearer __MASTODON_PY_TEST_ACCESS_TOKEN
      Connection:
      - keep-alive
      Content-Length:
      - '23'
      Content-Type:
      - application/x-www-form-urlencoded
      User-Agent:
      - tests/v311
    method: POST
    uri: http://localhost:3000/api/v1/statuses
  response:
    body:
      string: '{"id":"115045580761942563","created_at":"2025-08-17T18:44:09.421Z","in_reply_to_id":null,"in_reply_to_account_id":null,"sensitive":false,"spoiler_text":"","visibility":"public","language":"ja","uri":"http://localhost:3000/users/mastodonpy_test/statuses/115045580761942563","url":"http://localhost:3000/@mastodonpy_test/115045580761942563","replies_count":0,"reblogs_count":0,"favourites_count":0,"edited_at":null,"favourited":false,"reblogged":false,"muted":false,"bookmarked":false,"pinned":false,"content":"\u003cp\u003eToot
        number 0!\u003c/p\u003e","filtered":[],"reblog":null,"application":{"name":"Mastodon.py
        test suite","website":null},"account":{"id":"115045158004229352","username":"mastodonpy_test","acct":"mastodonpy_test","display_name":"John
        Lennon","locked":true,"bot":false,"discoverable":null,"indexable":false,"group":false,"created_at":"2025-08-17T00:00:00.000Z","note":"\u003cp\u003eI
        walk funny\u003c/p\u003e","url":"http://localhost:3000/@mastodonpy_test","uri":"http://localhost:3000/users/mastodonpy_test","avatar":"http://localhost:3000/system/accounts/avatars/115/045/158/004/229/352/original/228aadcd9f964064.jpg","avatar_static":"http://localhost:3000/system/accounts/avatars/115/045/158/004/229/352/original/228aadcd9f964064.jpg","header":"http://localhost:3000/system/accounts/headers/115/045/158/004/229/352/original/75c82cb34a6eb173.jpg","header_static":"http://localhost:3000/system/accounts/headers/115/045/158/004/229/352/original/75c82cb34a6eb173.jpg","followers_count":0,"following_count":0,"statuses_count":15,"last_status_at":"2025-08-17","hide_collections":null,"noindex":false,"emojis":[],"roles":[],"fields":[{"name":"bread","value":"toasty.","verified_at":null},{"name":"lasagna","value":"no!!!","verified_at":null}]},"media_attachments":[],"mentions":[],"tags":[],"emojis":[],"quote":null,"card":null,"poll":null}'
    headers:
      Content-Length:
      - '1856'
      cache-control:
      - private, no-store
      content-security-policy:
      - default-src 'none'; frame-ancestors 'none'; form-action 'none'
      content-type:
      - application/json; charset=utf-8
      etag:
      - W/"532849e26571a8ab5fa261cf11909761"
      referrer-policy:
      - strict-origin-when-cross-origin
      server-timing:
      - cache_read.active_support;dur=0.06, sql.active_record;dur=17.02, cache_generate.active_support;dur=3.45,
        cache_write.active_support;dur=0.14, instantiation.active_record;dur=0.34,
        start_processing.action_controller;dur=0.00, start_transaction.active_record;dur=0.00,
        transaction.active_record;dur=9.27, render.active_model_serializers;dur=12.43,
        process_action.action_controller;dur=62.41
      vary:
      - Authorization, Origin
      x-content-type-options:
      - nosniff
      x-frame-options:
      - SAMEORIGIN
      x-permitted-cross-domain-policies:
      - none
      x-ratelimit-limit:
      - '300'
      x-ratelimit-remaining:
      - '263'
      x-ratelimit-reset:
      - '2025-08-17T21:00:00.452281Z'
      x-request-id:
      - ed021ba0-8f86-4e8d-b6c3-46cdfd67620a
      x-runtime:
      - '0.079175'
      x-xss-protection:
      - '0'
    status:
      code: 200
      message: OK
- request:
    body: status=Toot+number+1%21
    headers:
      Accept:
      - '*/*'
      Accept-Encoding:
      - gzip, deflate, br
      Authorization:
      - Bearer __MASTODON_PY_TEST_ACCESS_TOKEN
      Connection:
      - keep-alive
      Content-Length:
      - '23'
      Content-Type:
      - application/x-www-form-urlencoded
      User-Agent:
      - tests/v311
    method: POST
    uri: http://localhost:3000/api/v1/statuses
  response:
    body:
      string: '{"id":"115045580770079272","created_at":"2025-08-17T18:44:09.545Z","in_reply_to_id":null,"in_reply_to_account_id":null,"sensitive":false,"spoiler_text":"","visibility":"public","language":"ja","uri":"http://localhost:3000/users/mastodonpy_test/statuses/115045580770079272","url":"http://localhost:3000/@mastodonpy_test/115045580770079272","replies_count":0,"reblogs_count":0,"favourites_count":0,"edited_at":null,"favourited":false,"reblogged":false,"muted":false,"bookmarked":false,"pinned":false,"content":"\u003cp\u003eToot
        number 1!\u003c/p\u003e","filtered":[],"reblog":null,"application":{"name":"Mastodon.py
        test suite","website":null},"account":{"id":"115045158004229352","username":"mastodonpy_test","acct":"mastodonpy_test","display_name":"John
        Lennon","locked":true,"bot":false,"discoverable":null,"indexable":false,"group":false,"created_at":"2025-08-17T00:00:00.000Z","note":"\u003cp\u003eI
        walk funny\u003c/p\u003e","url":"http://localhost:3000/@mastodonpy_test","uri":"http://localhost:3000/users/mastodonpy_test","avatar":"http://localhost:3000/system/accounts/avatars/115/045/158/004/229/352/original/228aadcd9f964064.jpg","avatar_static":"http://localhost:3000/system/accounts/avatars/115/045/158/004/229/352/original/228aadcd9f964064.jpg","header":"http://localhost:3000/system/accounts/headers/115/045/158/004/229/352/original/75c82cb34a6eb173.jpg","header_static":"http://localhost:3000/system/accounts/headers/115/045/158/004/229/352/original/75c82cb34a6eb173.jpg","followers_count":0,"following_count":0,"statuses_count":15,"last_status_at":"2025-08-17","hide_collections":null,"noindex":false,"emojis":[],"roles":[],"fields":[{"name":"bread","value":"toasty.","verified_at":null},{"name":"lasagna","value":"no!!!","verified_at":null}]},"media_attachments":[],"mentions":[],"tags":[],"emojis":[],"quote":null,"card":null,"poll":null}'
    headers:
      Content-Length:
      - '1856'
      cache-control:
      - private, no-store
      content-security-policy:
      - default-src 'none'; frame-ancestors 'none'; form-action 'none'
      content-type:
      - application/json; charset=utf-8
      etag:
      - W/"36d0a6119a274552a1e24ff27bcbfb15"
      referrer-policy:
      - strict-origin-when-cross-origin
      server-timing:
      - cache_read.active_support;dur=0.07, sql.active_record;dur=14.07, cache_generate.active_support;dur=2.89,
        cache_write.active_support;dur=0.15, instantiation.active_record;dur=0.37,
        start_processing.action_controller;dur=0.00, start_transaction.active_record;dur=0.00,
        transaction.active_record;dur=6.13, render.active_model_serializers;dur=12.58,
        process_action.action_controller;dur=59.87
      vary:
      - Authorization, Origin
      x-content-type-options:
      - nosniff
      x-frame-options:
      - SAMEORIGIN
      x-permitted-cross-domain-policies:
      - none
      x-ratelimit-limit:
      - '300'
      x-ratelimit-remaining:
      - '262'
      x-ratelimit-reset:
      - '2025-08-17T21:00:00.573321Z'
      x-request-id:
      - f3fbfc2d-65a0-4dce-879a-9791a98e143a
      x-runtime:
      - '0.078376'
      x-xss-protection:
      - '0'
    status:
      code: 200
      message: OK
- request:
    body: status=Toot+number+2%21
    headers:
      Accept:
      - '*/*'
      Accept-Encoding:
      - gzip, deflate, br
      Authorization:
      - Bearer __MASTODON_PY_TEST_ACCESS_TOKEN
      Connection:
      - keep-alive
      Content-Length:
      - '23'
      Content-Type:
      - application/x-www-form-urlencoded
      User-Agent:
      - tests/v311
    method: POST
    uri: http://localhost:3000/api/v1/statuses
  response:
    body:
      string: '{"id":"115045580777936774","created_at":"2025-08-17T18:44:09.664Z","in_reply_to_id":null,"in_reply_to_account_id":null,"sensitive":false,"spoiler_text":"","visibility":"public","language":"ja","uri":"http://localhost:3000/users/mastodonpy_test/statuses/115045580777936774","url":"http://localhost:3000/@mastodonpy_test/115045580777936774","replies_count":0,"reblogs_count":0,"favourites_count":0,"edited_at":null,"favourited":false,"reblogged":false,"muted":false,"bookmarked":false,"pinned":false,"content":"\u003cp\u003eToot
        number 2!\u003c/p\u003e","filtered":[],"reblog":null,"application":{"name":"Mastodon.py
        test suite","website":null},"account":{"id":"115045158004229352","username":"mastodonpy_test","acct":"mastodonpy_test","display_name":"John
        Lennon","locked":true,"bot":false,"discoverable":null,"indexable":false,"group":false,"created_at":"2025-08-17T00:00:00.000Z","note":"\u003cp\u003eI
        walk funny\u003c/p\u003e","url":"http://localhost:3000/@mastodonpy_test","uri":"http://localhost:3000/users/mastodonpy_test","avatar":"http://localhost:3000/system/accounts/avatars/115/045/158/004/229/352/original/228aadcd9f964064.jpg","avatar_static":"http://localhost:3000/system/accounts/avatars/115/045/158/004/229/352/original/228aadcd9f964064.jpg","header":"http://localhost:3000/system/accounts/headers/115/045/158/004/229/352/original/75c82cb34a6eb173.jpg","header_static":"http://localhost:3000/system/accounts/headers/115/045/158/004/229/352/original/75c82cb34a6eb173.jpg","followers_count":0,"following_count":0,"statuses_count":16,"last_status_at":"2025-08-17","hide_collections":null,"noindex":false,"emojis":[],"roles":[],"fields":[{"name":"bread","value":"toasty.","verified_at":null},{"name":"lasagna","value":"no!!!","verified_at":null}]},"media_attachments":[],"mentions":[],"tags":[],"emojis":[],"quote":null,"card":null,"poll":null}'
    headers:
      Content-Length:
      - '1856'
      cache-control:
      - private, no-store
      content-security-policy:
      - default-src 'none'; frame-ancestors 'none'; form-action 'none'
      content-type:
      - application/json; charset=utf-8
      etag:
      - W/"731c1ea24a03977386b1ceb4cef77c84"
      referrer-policy:
      - strict-origin-when-cross-origin
      server-timing:
      - cache_read.active_support;dur=0.06, sql.active_record;dur=13.79, cache_generate.active_support;dur=3.33,
        cache_write.active_support;dur=0.12, instantiation.active_record;dur=0.39,
        start_processing.action_controller;dur=0.00, start_transaction.active_record;dur=0.00,
        transaction.active_record;dur=5.51, render.active_model_serializers;dur=12.08,
        process_action.action_controller;dur=59.55
      vary:
      - Authorization, Origin
      x-content-type-options:
      - nosniff
      x-frame-options:
      - SAMEORIGIN
      x-permitted-cross-domain-policies:
      - none
      x-ratelimit-limit:
      - '300'
      x-ratelimit-remaining:
      - '261'
      x-ratelimit-reset:
      - '2025-08-17T21:00:00.692725Z'
      x-request-id:
      - ee3ae740-aa7e-447a-8861-17acd20b304a
      x-runtime:
      - '0.076670'
      x-xss-protection:
      - '0'
    status:
      code: 200
      message: OK
- request:
    body: status=Toot+number+3%21
    headers:
      Accept:
      - '*/*'
      Accept-Encoding:
      - gzip, deflate, br
      Authorization:
      - Bearer __MASTODON_PY_TEST_ACCESS_TOKEN
      Connection:
      - keep-alive
      Content-Length:
      - '23'
      Content-Type:
      - application/x-www-form-urlencoded
      User-Agent:
      - tests/v311
    method: POST
    uri: http://localhost:3000/api/v1/statuses
  response:
    body:
      string: '{"id":"115045580785872235","created_at":"2025-08-17T18:44:09.785Z","in_reply_to_id":null,"in_reply_to_account_id":null,"sensitive":false,"spoiler_text":"","visibility":"public","language":"ja","uri":"http://localhost:3000/users/mastodonpy_test/statuses/115045580785872235","url":"http://localhost:3000/@mastodonpy_test/115045580785872235","replies_count":0,"reblogs_count":0,"favourites_count":0,"edited_at":null,"favourited":false,"reblogged":false,"muted":false,"bookmarked":false,"pinned":false,"content":"\u003cp\u003eToot
        number 3!\u003c/p\u003e","filtered":[],"reblog":null,"application":{"name":"Mastodon.py
        test suite","website":null},"account":{"id":"115045158004229352","username":"mastodonpy_test","acct":"mastodonpy_test","display_name":"John
        Lennon","locked":true,"bot":false,"discoverable":null,"indexable":false,"group":false,"created_at":"2025-08-17T00:00:00.000Z","note":"\u003cp\u003eI
        walk funny\u003c/p\u003e","url":"http://localhost:3000/@mastodonpy_test","uri":"http://localhost:3000/users/mastodonpy_test","avatar":"http://localhost:3000/system/accounts/avatars/115/045/158/004/229/352/original/228aadcd9f964064.jpg","avatar_static":"http://localhost:3000/system/accounts/avatars/115/045/158/004/229/352/original/228aadcd9f964064.jpg","header":"http://localhost:3000/system/accounts/headers/115/045/158/004/229/352/original/75c82cb34a6eb173.jpg","header_static":"http://localhost:3000/system/accounts/headers/115/045/158/004/229/352/original/75c82cb34a6eb173.jpg","followers_count":0,"following_count":0,"statuses_count":16,"last_status_at":"2025-08-17","hide_collections":null,"noindex":false,"emojis":[],"roles":[],"fields":[{"name":"bread","value":"toasty.","verified_at":null},{"name":"lasagna","value":"no!!!","verified_at":null}]},"media_attachments":[],"mentions":[],"tags":[],"emojis":[],"quote":null,"card":null,"poll":null}'
    headers:
      Content-Length:
      - '1856'
      cache-control:
      - private, no-store
      content-security-policy:
      - default-src 'none'; frame-ancestors 'none'; form-action 'none'
      content-type:
      - application/json; charset=utf-8
      etag:
      - W/"1aba0c03bb54533dce3661a2f417ac41"
      referrer-policy:
      - strict-origin-when-cross-origin
      server-timing:
      - cache_read.active_support;dur=0.07, sql.active_record;dur=15.37, cache_generate.active_support;dur=2.96,
        cache_write.active_support;dur=0.12, instantiation.active_record;dur=0.37,
        start_processing.action_controller;dur=0.00, start_transaction.active_record;dur=0.00,
        transaction.active_record;dur=5.40, render.active_model_serializers;dur=13.99,
        process_action.action_controller;dur=63.25
      vary:
      - Authorization, Origin
      x-content-type-options:
      - nosniff
      x-frame-options:
      - SAMEORIGIN
      x-permitted-cross-domain-policies:
      - none
      x-ratelimit-limit:
      - '300'
      x-ratelimit-remaining:
      - '260'
      x-ratelimit-reset:
      - '2025-08-17T21:00:00.816318Z'
      x-request-id:
      - 92e5c752-ab9c-4bc6-9cd6-99c1749f7d97
      x-runtime:
      - '0.081094'
      x-xss-protection:
      - '0'
    status:
      code: 200
      message: OK
- request:
    body: status=Toot+number+4%21
    headers:
      Accept:
      - '*/*'
      Accept-Encoding:
      - gzip, deflate, br
      Authorization:
      - Bearer __MASTODON_PY_TEST_ACCESS_TOKEN
      Connection:
      - keep-alive
      Content-Length:
      - '23'
      Content-Type:
      - application/x-www-form-urlencoded
      User-Agent:
      - tests/v311
    method: POST
    uri: http://localhost:3000/api/v1/statuses
  response:
    body:
      string: '{"id":"115045580794112078","created_at":"2025-08-17T18:44:09.911Z","in_reply_to_id":null,"in_reply_to_account_id":null,"sensitive":false,"spoiler_text":"","visibility":"public","language":"ja","uri":"http://localhost:3000/users/mastodonpy_test/statuses/115045580794112078","url":"http://localhost:3000/@mastodonpy_test/115045580794112078","replies_count":0,"reblogs_count":0,"favourites_count":0,"edited_at":null,"favourited":false,"reblogged":false,"muted":false,"bookmarked":false,"pinned":false,"content":"\u003cp\u003eToot
        number 4!\u003c/p\u003e","filtered":[],"reblog":null,"application":{"name":"Mastodon.py
        test suite","website":null},"account":{"id":"115045158004229352","username":"mastodonpy_test","acct":"mastodonpy_test","display_name":"John
        Lennon","locked":true,"bot":false,"discoverable":null,"indexable":false,"group":false,"created_at":"2025-08-17T00:00:00.000Z","note":"\u003cp\u003eI
        walk funny\u003c/p\u003e","url":"http://localhost:3000/@mastodonpy_test","uri":"http://localhost:3000/users/mastodonpy_test","avatar":"http://localhost:3000/system/accounts/avatars/115/045/158/004/229/352/original/228aadcd9f964064.jpg","avatar_static":"http://localhost:3000/system/accounts/avatars/115/045/158/004/229/352/original/228aadcd9f964064.jpg","header":"http://localhost:3000/system/accounts/headers/115/045/158/004/229/352/original/75c82cb34a6eb173.jpg","header_static":"http://localhost:3000/system/accounts/headers/115/045/158/004/229/352/original/75c82cb34a6eb173.jpg","followers_count":0,"following_count":0,"statuses_count":17,"last_status_at":"2025-08-17","hide_collections":null,"noindex":false,"emojis":[],"roles":[],"fields":[{"name":"bread","value":"toasty.","verified_at":null},{"name":"lasagna","value":"no!!!","verified_at":null}]},"media_attachments":[],"mentions":[],"tags":[],"emojis":[],"quote":null,"card":null,"poll":null}'
    headers:
      Content-Length:
      - '1856'
      cache-control:
      - private, no-store
      content-security-policy:
      - default-src 'none'; frame-ancestors 'none'; form-action 'none'
      content-type:
      - application/json; charset=utf-8
      etag:
      - W/"f56b6d84b2883c2aab06981f915f63e5"
      referrer-policy:
      - strict-origin-when-cross-origin
      server-timing:
      - cache_read.active_support;dur=0.07, sql.active_record;dur=14.55, cache_generate.active_support;dur=3.03,
        cache_write.active_support;dur=0.17, instantiation.active_record;dur=0.37,
        start_processing.action_controller;dur=0.00, start_transaction.active_record;dur=0.00,
        transaction.active_record;dur=6.41, render.active_model_serializers;dur=13.99,
        process_action.action_controller;dur=62.98
      vary:
      - Authorization, Origin
      x-content-type-options:
      - nosniff
      x-frame-options:
      - SAMEORIGIN
      x-permitted-cross-domain-policies:
      - none
      x-ratelimit-limit:
      - '300'
      x-ratelimit-remaining:
      - '259'
      x-ratelimit-reset:
      - '2025-08-17T21:00:00.942336Z'
      x-request-id:
      - 6ee24b1f-b3e1-403e-bcdc-7832139c4e3a
      x-runtime:
      - '0.080620'
      x-xss-protection:
      - '0'
    status:
      code: 200
      message: OK
- request:
    body: status=Toot+number+5%21
    headers:
      Accept:
      - '*/*'
      Accept-Encoding:
      - gzip, deflate, br
      Authorization:
      - Bearer __MASTODON_PY_TEST_ACCESS_TOKEN
      Connection:
      - keep-alive
      Content-Length:
      - '23'
      Content-Type:
      - application/x-www-form-urlencoded
      User-Agent:
      - tests/v311
    method: POST
    uri: http://localhost:3000/api/v1/statuses
  response:
    body:
      string: '{"id":"115045580802382081","created_at":"2025-08-17T18:44:10.038Z","in_reply_to_id":null,"in_reply_to_account_id":null,"sensitive":false,"spoiler_text":"","visibility":"public","language":"ja","uri":"http://localhost:3000/users/mastodonpy_test/statuses/115045580802382081","url":"http://localhost:3000/@mastodonpy_test/115045580802382081","replies_count":0,"reblogs_count":0,"favourites_count":0,"edited_at":null,"favourited":false,"reblogged":false,"muted":false,"bookmarked":false,"pinned":false,"content":"\u003cp\u003eToot
        number 5!\u003c/p\u003e","filtered":[],"reblog":null,"application":{"name":"Mastodon.py
        test suite","website":null},"account":{"id":"115045158004229352","username":"mastodonpy_test","acct":"mastodonpy_test","display_name":"John
        Lennon","locked":true,"bot":false,"discoverable":null,"indexable":false,"group":false,"created_at":"2025-08-17T00:00:00.000Z","note":"\u003cp\u003eI
        walk funny\u003c/p\u003e","url":"http://localhost:3000/@mastodonpy_test","uri":"http://localhost:3000/users/mastodonpy_test","avatar":"http://localhost:3000/system/accounts/avatars/115/045/158/004/229/352/original/228aadcd9f964064.jpg","avatar_static":"http://localhost:3000/system/accounts/avatars/115/045/158/004/229/352/original/228aadcd9f964064.jpg","header":"http://localhost:3000/system/accounts/headers/115/045/158/004/229/352/original/75c82cb34a6eb173.jpg","header_static":"http://localhost:3000/system/accounts/headers/115/045/158/004/229/352/original/75c82cb34a6eb173.jpg","followers_count":0,"following_count":0,"statuses_count":18,"last_status_at":"2025-08-17","hide_collections":null,"noindex":false,"emojis":[],"roles":[],"fields":[{"name":"bread","value":"toasty.","verified_at":null},{"name":"lasagna","value":"no!!!","verified_at":null}]},"media_attachments":[],"mentions":[],"tags":[],"emojis":[],"quote":null,"card":null,"poll":null}'
    headers:
      Content-Length:
      - '1856'
      cache-control:
      - private, no-store
      content-security-policy:
      - default-src 'none'; frame-ancestors 'none'; form-action 'none'
      content-type:
      - application/json; charset=utf-8
      etag:
      - W/"f061997ced51076a78fd6ca07bafc409"
      referrer-policy:
      - strict-origin-when-cross-origin
      server-timing:
      - cache_read.active_support;dur=0.07, sql.active_record;dur=21.94, cache_generate.active_support;dur=4.05,
        cache_write.active_support;dur=0.13, instantiation.active_record;dur=0.53,
        start_processing.action_controller;dur=0.00, start_transaction.active_record;dur=0.01,
        transaction.active_record;dur=10.77, render.active_model_serializers;dur=15.87,
        process_action.action_controller;dur=73.67
      vary:
      - Authorization, Origin
      x-content-type-options:
      - nosniff
      x-frame-options:
      - SAMEORIGIN
      x-permitted-cross-domain-policies:
      - none
      x-ratelimit-limit:
      - '300'
      x-ratelimit-remaining:
      - '258'
      x-ratelimit-reset:
      - '2025-08-17T21:00:00.077942Z'
      x-request-id:
      - a578c634-f7d8-4186-bf9d-edd6d442ac53
      x-runtime:
      - '0.092395'
      x-xss-protection:
      - '0'
    status:
      code: 200
      message: OK
- request:
    body: status=Toot+number+6%21
    headers:
      Accept:
      - '*/*'
      Accept-Encoding:
      - gzip, deflate, br
      Authorization:
      - Bearer __MASTODON_PY_TEST_ACCESS_TOKEN
      Connection:
      - keep-alive
      Content-Length:
      - '23'
      Content-Type:
      - application/x-www-form-urlencoded
      User-Agent:
      - tests/v311
    method: POST
    uri: http://localhost:3000/api/v1/statuses
  response:
    body:
      string: '{"id":"115045580811264553","created_at":"2025-08-17T18:44:10.172Z","in_reply_to_id":null,"in_reply_to_account_id":null,"sensitive":false,"spoiler_text":"","visibility":"public","language":"ja","uri":"http://localhost:3000/users/mastodonpy_test/statuses/115045580811264553","url":"http://localhost:3000/@mastodonpy_test/115045580811264553","replies_count":0,"reblogs_count":0,"favourites_count":0,"edited_at":null,"favourited":false,"reblogged":false,"muted":false,"bookmarked":false,"pinned":false,"content":"\u003cp\u003eToot
        number 6!\u003c/p\u003e","filtered":[],"reblog":null,"application":{"name":"Mastodon.py
        test suite","website":null},"account":{"id":"115045158004229352","username":"mastodonpy_test","acct":"mastodonpy_test","display_name":"John
        Lennon","locked":true,"bot":false,"discoverable":null,"indexable":false,"group":false,"created_at":"2025-08-17T00:00:00.000Z","note":"\u003cp\u003eI
        walk funny\u003c/p\u003e","url":"http://localhost:3000/@mastodonpy_test","uri":"http://localhost:3000/users/mastodonpy_test","avatar":"http://localhost:3000/system/accounts/avatars/115/045/158/004/229/352/original/228aadcd9f964064.jpg","avatar_static":"http://localhost:3000/system/accounts/avatars/115/045/158/004/229/352/original/228aadcd9f964064.jpg","header":"http://localhost:3000/system/accounts/headers/115/045/158/004/229/352/original/75c82cb34a6eb173.jpg","header_static":"http://localhost:3000/system/accounts/headers/115/045/158/004/229/352/original/75c82cb34a6eb173.jpg","followers_count":0,"following_count":0,"statuses_count":18,"last_status_at":"2025-08-17","hide_collections":null,"noindex":false,"emojis":[],"roles":[],"fields":[{"name":"bread","value":"toasty.","verified_at":null},{"name":"lasagna","value":"no!!!","verified_at":null}]},"media_attachments":[],"mentions":[],"tags":[],"emojis":[],"quote":null,"card":null,"poll":null}'
    headers:
      Content-Length:
      - '1856'
      cache-control:
      - private, no-store
      content-security-policy:
      - default-src 'none'; frame-ancestors 'none'; form-action 'none'
      content-type:
      - application/json; charset=utf-8
      etag:
      - W/"7ce9ca99b94af7a06ca853474b2eafdf"
      referrer-policy:
      - strict-origin-when-cross-origin
      server-timing:
      - cache_read.active_support;dur=0.09, sql.active_record;dur=15.79, cache_generate.active_support;dur=3.32,
        cache_write.active_support;dur=0.14, instantiation.active_record;dur=0.41,
        start_processing.action_controller;dur=0.00, start_transaction.active_record;dur=0.00,
        transaction.active_record;dur=6.04, render.active_model_serializers;dur=14.69,
        process_action.action_controller;dur=66.07
      vary:
      - Authorization, Origin
      x-content-type-options:
      - nosniff
      x-frame-options:
      - SAMEORIGIN
      x-permitted-cross-domain-policies:
      - none
      x-ratelimit-limit:
      - '300'
      x-ratelimit-remaining:
      - '257'
      x-ratelimit-reset:
      - '2025-08-17T21:00:00.205732Z'
      x-request-id:
      - 79ca2d2f-b1fd-4ca8-8299-f2ab512488e6
      x-runtime:
      - '0.083754'
      x-xss-protection:
      - '0'
    status:
      code: 200
      message: OK
- request:
    body: status=Toot+number+7%21
    headers:
      Accept:
      - '*/*'
      Accept-Encoding:
      - gzip, deflate, br
      Authorization:
      - Bearer __MASTODON_PY_TEST_ACCESS_TOKEN
      Connection:
      - keep-alive
      Content-Length:
      - '23'
      Content-Type:
      - application/x-www-form-urlencoded
      User-Agent:
      - tests/v311
    method: POST
    uri: http://localhost:3000/api/v1/statuses
  response:
    body:
      string: '{"id":"115045580819597630","created_at":"2025-08-17T18:44:10.300Z","in_reply_to_id":null,"in_reply_to_account_id":null,"sensitive":false,"spoiler_text":"","visibility":"public","language":"ja","uri":"http://localhost:3000/users/mastodonpy_test/statuses/115045580819597630","url":"http://localhost:3000/@mastodonpy_test/115045580819597630","replies_count":0,"reblogs_count":0,"favourites_count":0,"edited_at":null,"favourited":false,"reblogged":false,"muted":false,"bookmarked":false,"pinned":false,"content":"\u003cp\u003eToot
        number 7!\u003c/p\u003e","filtered":[],"reblog":null,"application":{"name":"Mastodon.py
        test suite","website":null},"account":{"id":"115045158004229352","username":"mastodonpy_test","acct":"mastodonpy_test","display_name":"John
        Lennon","locked":true,"bot":false,"discoverable":null,"indexable":false,"group":false,"created_at":"2025-08-17T00:00:00.000Z","note":"\u003cp\u003eI
        walk funny\u003c/p\u003e","url":"http://localhost:3000/@mastodonpy_test","uri":"http://localhost:3000/users/mastodonpy_test","avatar":"http://localhost:3000/system/accounts/avatars/115/045/158/004/229/352/original/228aadcd9f964064.jpg","avatar_static":"http://localhost:3000/system/accounts/avatars/115/045/158/004/229/352/original/228aadcd9f964064.jpg","header":"http://localhost:3000/system/accounts/headers/115/045/158/004/229/352/original/75c82cb34a6eb173.jpg","header_static":"http://localhost:3000/system/accounts/headers/115/045/158/004/229/352/original/75c82cb34a6eb173.jpg","followers_count":0,"following_count":0,"statuses_count":19,"last_status_at":"2025-08-17","hide_collections":null,"noindex":false,"emojis":[],"roles":[],"fields":[{"name":"bread","value":"toasty.","verified_at":null},{"name":"lasagna","value":"no!!!","verified_at":null}]},"media_attachments":[],"mentions":[],"tags":[],"emojis":[],"quote":null,"card":null,"poll":null}'
    headers:
      Content-Length:
      - '1856'
      cache-control:
      - private, no-store
      content-security-policy:
      - default-src 'none'; frame-ancestors 'none'; form-action 'none'
      content-type:
      - application/json; charset=utf-8
      etag:
      - W/"e2fc807712c919203ac5274cfaa937de"
      referrer-policy:
      - strict-origin-when-cross-origin
      server-timing:
      - cache_read.active_support;dur=0.07, sql.active_record;dur=15.09, cache_generate.active_support;dur=3.16,
        cache_write.active_support;dur=0.14, instantiation.active_record;dur=0.38,
        start_processing.action_controller;dur=0.02, start_transaction.active_record;dur=0.00,
        transaction.active_record;dur=5.95, render.active_model_serializers;dur=13.21,
        process_action.action_controller;dur=63.65
      vary:
      - Authorization, Origin
      x-content-type-options:
      - nosniff
      x-frame-options:
      - SAMEORIGIN
      x-permitted-cross-domain-policies:
      - none
      x-ratelimit-limit:
      - '300'
      x-ratelimit-remaining:
      - '256'
      x-ratelimit-reset:
      - '2025-08-17T21:00:00.331389Z'
      x-request-id:
      - ee198705-f32f-4e5e-adfd-2b3756ad24d4
      x-runtime:
      - '0.081620'
      x-xss-protection:
      - '0'
    status:
      code: 200
      message: OK
- request:
    body: status=Toot+number+8%21
    headers:
      Accept:
      - '*/*'
      Accept-Encoding:
      - gzip, deflate, br
      Authorization:
      - Bearer __MASTODON_PY_TEST_ACCESS_TOKEN
      Connection:
      - keep-alive
      Content-Length:
      - '23'
      Content-Type:
      - application/x-www-form-urlencoded
      User-Agent:
      - tests/v311
    method: POST
    uri: http://localhost:3000/api/v1/statuses
  response:
    body:
      string: '{"id":"115045580827467148","created_at":"2025-08-17T18:44:10.419Z","in_reply_to_id":null,"in_reply_to_account_id":null,"sensitive":false,"spoiler_text":"","visibility":"public","language":"ja","uri":"http://localhost:3000/users/mastodonpy_test/statuses/115045580827467148","url":"http://localhost:3000/@mastodonpy_test/115045580827467148","replies_count":0,"reblogs_count":0,"favourites_count":0,"edited_at":null,"favourited":false,"reblogged":false,"muted":false,"bookmarked":false,"pinned":false,"content":"\u003cp\u003eToot
        number 8!\u003c/p\u003e","filtered":[],"reblog":null,"application":{"name":"Mastodon.py
        test suite","website":null},"account":{"id":"115045158004229352","username":"mastodonpy_test","acct":"mastodonpy_test","display_name":"John
        Lennon","locked":true,"bot":false,"discoverable":null,"indexable":false,"group":false,"created_at":"2025-08-17T00:00:00.000Z","note":"\u003cp\u003eI
        walk funny\u003c/p\u003e","url":"http://localhost:3000/@mastodonpy_test","uri":"http://localhost:3000/users/mastodonpy_test","avatar":"http://localhost:3000/system/accounts/avatars/115/045/158/004/229/352/original/228aadcd9f964064.jpg","avatar_static":"http://localhost:3000/system/accounts/avatars/115/045/158/004/229/352/original/228aadcd9f964064.jpg","header":"http://localhost:3000/system/accounts/headers/115/045/158/004/229/352/original/75c82cb34a6eb173.jpg","header_static":"http://localhost:3000/system/accounts/headers/115/045/158/004/229/352/original/75c82cb34a6eb173.jpg","followers_count":0,"following_count":0,"statuses_count":20,"last_status_at":"2025-08-17","hide_collections":null,"noindex":false,"emojis":[],"roles":[],"fields":[{"name":"bread","value":"toasty.","verified_at":null},{"name":"lasagna","value":"no!!!","verified_at":null}]},"media_attachments":[],"mentions":[],"tags":[],"emojis":[],"quote":null,"card":null,"poll":null}'
    headers:
      Content-Length:
      - '1856'
      cache-control:
      - private, no-store
      content-security-policy:
      - default-src 'none'; frame-ancestors 'none'; form-action 'none'
      content-type:
      - application/json; charset=utf-8
      etag:
      - W/"f15031e12e791617faf7fc7dc73e0305"
      referrer-policy:
      - strict-origin-when-cross-origin
      server-timing:
      - cache_read.active_support;dur=0.07, sql.active_record;dur=14.34, cache_generate.active_support;dur=3.04,
        cache_write.active_support;dur=0.13, instantiation.active_record;dur=0.39,
        start_processing.action_controller;dur=0.00, start_transaction.active_record;dur=0.00,
        transaction.active_record;dur=5.42, render.active_model_serializers;dur=13.29,
        process_action.action_controller;dur=61.57
      vary:
      - Authorization, Origin
      x-content-type-options:
      - nosniff
      x-frame-options:
      - SAMEORIGIN
      x-permitted-cross-domain-policies:
      - none
      x-ratelimit-limit:
      - '300'
      x-ratelimit-remaining:
      - '255'
      x-ratelimit-reset:
      - '2025-08-17T21:00:00.449696Z'
      x-request-id:
      - cbd13093-3341-4621-9fe9-6c3d77b4f8bc
      x-runtime:
      - '0.080048'
      x-xss-protection:
      - '0'
    status:
      code: 200
      message: OK
- request:
    body: status=Toot+number+9%21
    headers:
      Accept:
      - '*/*'
      Accept-Encoding:
      - gzip, deflate, br
      Authorization:
      - Bearer __MASTODON_PY_TEST_ACCESS_TOKEN
      Connection:
      - keep-alive
      Content-Length:
      - '23'
      Content-Type:
      - application/x-www-form-urlencoded
      User-Agent:
      - tests/v311
    method: POST
    uri: http://localhost:3000/api/v1/statuses
  response:
    body:
      string: '{"id":"115045580835331784","created_at":"2025-08-17T18:44:10.540Z","in_reply_to_id":null,"in_reply_to_account_id":null,"sensitive":false,"spoiler_text":"","visibility":"public","language":"ja","uri":"http://localhost:3000/users/mastodonpy_test/statuses/115045580835331784","url":"http://localhost:3000/@mastodonpy_test/115045580835331784","replies_count":0,"reblogs_count":0,"favourites_count":0,"edited_at":null,"favourited":false,"reblogged":false,"muted":false,"bookmarked":false,"pinned":false,"content":"\u003cp\u003eToot
        number 9!\u003c/p\u003e","filtered":[],"reblog":null,"application":{"name":"Mastodon.py
        test suite","website":null},"account":{"id":"115045158004229352","username":"mastodonpy_test","acct":"mastodonpy_test","display_name":"John
        Lennon","locked":true,"bot":false,"discoverable":null,"indexable":false,"group":false,"created_at":"2025-08-17T00:00:00.000Z","note":"\u003cp\u003eI
        walk funny\u003c/p\u003e","url":"http://localhost:3000/@mastodonpy_test","uri":"http://localhost:3000/users/mastodonpy_test","avatar":"http://localhost:3000/system/accounts/avatars/115/045/158/004/229/352/original/228aadcd9f964064.jpg","avatar_static":"http://localhost:3000/system/accounts/avatars/115/045/158/004/229/352/original/228aadcd9f964064.jpg","header":"http://localhost:3000/system/accounts/headers/115/045/158/004/229/352/original/75c82cb34a6eb173.jpg","header_static":"http://localhost:3000/system/accounts/headers/115/045/158/004/229/352/original/75c82cb34a6eb173.jpg","followers_count":0,"following_count":0,"statuses_count":21,"last_status_at":"2025-08-17","hide_collections":null,"noindex":false,"emojis":[],"roles":[],"fields":[{"name":"bread","value":"toasty.","verified_at":null},{"name":"lasagna","value":"no!!!","verified_at":null}]},"media_attachments":[],"mentions":[],"tags":[],"emojis":[],"quote":null,"card":null,"poll":null}'
    headers:
      Content-Length:
      - '1856'
      cache-control:
      - private, no-store
      content-security-policy:
      - default-src 'none'; frame-ancestors 'none'; form-action 'none'
      content-type:
      - application/json; charset=utf-8
      etag:
      - W/"b837802d1e81f73dbb0369babf92d6df"
      referrer-policy:
      - strict-origin-when-cross-origin
      server-timing:
      - cache_read.active_support;dur=0.06, sql.active_record;dur=14.27, cache_generate.active_support;dur=2.90,
        cache_write.active_support;dur=0.12, instantiation.active_record;dur=0.36,
        start_processing.action_controller;dur=0.00, start_transaction.active_record;dur=0.00,
        transaction.active_record;dur=5.54, render.active_model_serializers;dur=12.37,
        process_action.action_controller;dur=59.24
      vary:
      - Authorization, Origin
      x-content-type-options:
      - nosniff
      x-frame-options:
      - SAMEORIGIN
      x-permitted-cross-domain-policies:
      - none
      x-ratelimit-limit:
      - '300'
      x-ratelimit-remaining:
      - '254'
      x-ratelimit-reset:
      - '2025-08-17T21:00:00.568640Z'
      x-request-id:
      - a1bf8cc1-a315-4473-8ea4-298f3b5b93be
      x-runtime:
      - '0.075986'
      x-xss-protection:
      - '0'
    status:
      code: 200
      message: OK
- request:
    body: null
    headers:
      Accept:
      - '*/*'
      Accept-Encoding:
      - gzip, deflate, br
      Authorization:
      - Bearer __MASTODON_PY_TEST_ACCESS_TOKEN
      Connection:
      - keep-alive
      User-Agent:
      - tests/v311
    method: GET
    uri: http://localhost:3000/api/v1/accounts/115045158004229352/statuses?limit=5
  response:
    body:
      string: '[{"id":"115045580835331784","created_at":"2025-08-17T18:44:10.540Z","in_reply_to_id":null,"in_reply_to_account_id":null,"sensitive":false,"spoiler_text":"","visibility":"public","language":"ja","uri":"http://localhost:3000/users/mastodonpy_test/statuses/115045580835331784","url":"http://localhost:3000/@mastodonpy_test/115045580835331784","replies_count":0,"reblogs_count":0,"favourites_count":0,"edited_at":null,"favourited":false,"reblogged":false,"muted":false,"bookmarked":false,"pinned":false,"content":"\u003cp\u003eToot
        number 9!\u003c/p\u003e","filtered":[],"reblog":null,"application":{"name":"Mastodon.py
        test suite","website":null},"account":{"id":"115045158004229352","username":"mastodonpy_test","acct":"mastodonpy_test","display_name":"John
        Lennon","locked":true,"bot":false,"discoverable":null,"indexable":false,"group":false,"created_at":"2025-08-17T00:00:00.000Z","note":"\u003cp\u003eI
        walk funny\u003c/p\u003e","url":"http://localhost:3000/@mastodonpy_test","uri":"http://localhost:3000/users/mastodonpy_test","avatar":"http://localhost:3000/system/accounts/avatars/115/045/158/004/229/352/original/228aadcd9f964064.jpg","avatar_static":"http://localhost:3000/system/accounts/avatars/115/045/158/004/229/352/original/228aadcd9f964064.jpg","header":"http://localhost:3000/system/accounts/headers/115/045/158/004/229/352/original/75c82cb34a6eb173.jpg","header_static":"http://localhost:3000/system/accounts/headers/115/045/158/004/229/352/original/75c82cb34a6eb173.jpg","followers_count":0,"following_count":0,"statuses_count":21,"last_status_at":"2025-08-17","hide_collections":null,"noindex":false,"emojis":[],"roles":[],"fields":[{"name":"bread","value":"toasty.","verified_at":null},{"name":"lasagna","value":"no!!!","verified_at":null}]},"media_attachments":[],"mentions":[],"tags":[],"emojis":[],"quote":null,"card":null,"poll":null},{"id":"115045580827467148","created_at":"2025-08-17T18:44:10.419Z","in_reply_to_id":null,"in_reply_to_account_id":null,"sensitive":false,"spoiler_text":"","visibility":"public","language":"ja","uri":"http://localhost:3000/users/mastodonpy_test/statuses/115045580827467148","url":"http://localhost:3000/@mastodonpy_test/115045580827467148","replies_count":0,"reblogs_count":0,"favourites_count":0,"edited_at":null,"favourited":false,"reblogged":false,"muted":false,"bookmarked":false,"pinned":false,"content":"\u003cp\u003eToot
        number 8!\u003c/p\u003e","filtered":[],"reblog":null,"application":{"name":"Mastodon.py
        test suite","website":null},"account":{"id":"115045158004229352","username":"mastodonpy_test","acct":"mastodonpy_test","display_name":"John
        Lennon","locked":true,"bot":false,"discoverable":null,"indexable":false,"group":false,"created_at":"2025-08-17T00:00:00.000Z","note":"\u003cp\u003eI
        walk funny\u003c/p\u003e","url":"http://localhost:3000/@mastodonpy_test","uri":"http://localhost:3000/users/mastodonpy_test","avatar":"http://localhost:3000/system/accounts/avatars/115/045/158/004/229/352/original/228aadcd9f964064.jpg","avatar_static":"http://localhost:3000/system/accounts/avatars/115/045/158/004/229/352/original/228aadcd9f964064.jpg","header":"http://localhost:3000/system/accounts/headers/115/045/158/004/229/352/original/75c82cb34a6eb173.jpg","header_static":"http://localhost:3000/system/accounts/headers/115/045/158/004/229/352/original/75c82cb34a6eb173.jpg","followers_count":0,"following_count":0,"statuses_count":21,"last_status_at":"2025-08-17","hide_collections":null,"noindex":false,"emojis":[],"roles":[],"fields":[{"name":"bread","value":"toasty.","verified_at":null},{"name":"lasagna","value":"no!!!","verified_at":null}]},"media_attachments":[],"mentions":[],"tags":[],"emojis":[],"quote":null,"card":null,"poll":null},{"id":"115045580819597630","created_at":"2025-08-17T18:44:10.300Z","in_reply_to_id":null,"in_reply_to_account_id":null,"sensitive":false,"spoiler_text":"","visibility":"public","language":"ja","uri":"http://localhost:3000/users/mastodonpy_test/statuses/115045580819597630","url":"http://localhost:3000/@mastodonpy_test/115045580819597630","replies_count":0,"reblogs_count":0,"favourites_count":0,"edited_at":null,"favourited":false,"reblogged":false,"muted":false,"bookmarked":false,"pinned":false,"content":"\u003cp\u003eToot
        number 7!\u003c/p\u003e","filtered":[],"reblog":null,"application":{"name":"Mastodon.py
        test suite","website":null},"account":{"id":"115045158004229352","username":"mastodonpy_test","acct":"mastodonpy_test","display_name":"John
        Lennon","locked":true,"bot":false,"discoverable":null,"indexable":false,"group":false,"created_at":"2025-08-17T00:00:00.000Z","note":"\u003cp\u003eI
        walk funny\u003c/p\u003e","url":"http://localhost:3000/@mastodonpy_test","uri":"http://localhost:3000/users/mastodonpy_test","avatar":"http://localhost:3000/system/accounts/avatars/115/045/158/004/229/352/original/228aadcd9f964064.jpg","avatar_static":"http://localhost:3000/system/accounts/avatars/115/045/158/004/229/352/original/228aadcd9f964064.jpg","header":"http://localhost:3000/system/accounts/headers/115/045/158/004/229/352/original/75c82cb34a6eb173.jpg","header_static":"http://localhost:3000/system/accounts/headers/115/045/158/004/229/352/original/75c82cb34a6eb173.jpg","followers_count":0,"following_count":0,"statuses_count":21,"last_status_at":"2025-08-17","hide_collections":null,"noindex":false,"emojis":[],"roles":[],"fields":[{"name":"bread","value":"toasty.","verified_at":null},{"name":"lasagna","value":"no!!!","verified_at":null}]},"media_attachments":[],"mentions":[],"tags":[],"emojis":[],"quote":null,"card":null,"poll":null},{"id":"115045580811264553","created_at":"2025-08-17T18:44:10.172Z","in_reply_to_id":null,"in_reply_to_account_id":null,"sensitive":false,"spoiler_text":"","visibility":"public","language":"ja","uri":"http://localhost:3000/users/mastodonpy_test/statuses/115045580811264553","url":"http://localhost:3000/@mastodonpy_test/115045580811264553","replies_count":0,"reblogs_count":0,"favourites_count":0,"edited_at":null,"favourited":false,"reblogged":false,"muted":false,"bookmarked":false,"pinned":false,"content":"\u003cp\u003eToot
        number 6!\u003c/p\u003e","filtered":[],"reblog":null,"application":{"name":"Mastodon.py
        test suite","website":null},"account":{"id":"115045158004229352","username":"mastodonpy_test","acct":"mastodonpy_test","display_name":"John
        Lennon","locked":true,"bot":false,"discoverable":null,"indexable":false,"group":false,"created_at":"2025-08-17T00:00:00.000Z","note":"\u003cp\u003eI
        walk funny\u003c/p\u003e","url":"http://localhost:3000/@mastodonpy_test","uri":"http://localhost:3000/users/mastodonpy_test","avatar":"http://localhost:3000/system/accounts/avatars/115/045/158/004/229/352/original/228aadcd9f964064.jpg","avatar_static":"http://localhost:3000/system/accounts/avatars/115/045/158/004/229/352/original/228aadcd9f964064.jpg","header":"http://localhost:3000/system/accounts/headers/115/045/158/004/229/352/original/75c82cb34a6eb173.jpg","header_static":"http://localhost:3000/system/accounts/headers/115/045/158/004/229/352/original/75c82cb34a6eb173.jpg","followers_count":0,"following_count":0,"statuses_count":21,"last_status_at":"2025-08-17","hide_collections":null,"noindex":false,"emojis":[],"roles":[],"fields":[{"name":"bread","value":"toasty.","verified_at":null},{"name":"lasagna","value":"no!!!","verified_at":null}]},"media_attachments":[],"mentions":[],"tags":[],"emojis":[],"quote":null,"card":null,"poll":null},{"id":"115045580802382081","created_at":"2025-08-17T18:44:10.038Z","in_reply_to_id":null,"in_reply_to_account_id":null,"sensitive":false,"spoiler_text":"","visibility":"public","language":"ja","uri":"http://localhost:3000/users/mastodonpy_test/statuses/115045580802382081","url":"http://localhost:3000/@mastodonpy_test/115045580802382081","replies_count":0,"reblogs_count":0,"favourites_count":0,"edited_at":null,"favourited":false,"reblogged":false,"muted":false,"bookmarked":false,"pinned":false,"content":"\u003cp\u003eToot
        number 5!\u003c/p\u003e","filtered":[],"reblog":null,"application":{"name":"Mastodon.py
        test suite","website":null},"account":{"id":"115045158004229352","username":"mastodonpy_test","acct":"mastodonpy_test","display_name":"John
        Lennon","locked":true,"bot":false,"discoverable":null,"indexable":false,"group":false,"created_at":"2025-08-17T00:00:00.000Z","note":"\u003cp\u003eI
        walk funny\u003c/p\u003e","url":"http://localhost:3000/@mastodonpy_test","uri":"http://localhost:3000/users/mastodonpy_test","avatar":"http://localhost:3000/system/accounts/avatars/115/045/158/004/229/352/original/228aadcd9f964064.jpg","avatar_static":"http://localhost:3000/system/accounts/avatars/115/045/158/004/229/352/original/228aadcd9f964064.jpg","header":"http://localhost:3000/system/accounts/headers/115/045/158/004/229/352/original/75c82cb34a6eb173.jpg","header_static":"http://localhost:3000/system/accounts/headers/115/045/158/004/229/352/original/75c82cb34a6eb173.jpg","followers_count":0,"following_count":0,"statuses_count":21,"last_status_at":"2025-08-17","hide_collections":null,"noindex":false,"emojis":[],"roles":[],"fields":[{"name":"bread","value":"toasty.","verified_at":null},{"name":"lasagna","value":"no!!!","verified_at":null}]},"media_attachments":[],"mentions":[],"tags":[],"emojis":[],"quote":null,"card":null,"poll":null}]'
    headers:
      Content-Length:
      - '9286'
      cache-control:
      - private, no-store
      content-security-policy:
      - default-src 'none'; frame-ancestors 'none'; form-action 'none'
      content-type:
      - application/json; charset=utf-8
      etag:
      - W/"c115c711cf9c172e2349793f9d9125ae"
      link:
      - <http://localhost:3000/api/v1/accounts/115045158004229352/statuses?limit=5&max_id=115045580802382081>;
        rel="next", <http://localhost:3000/api/v1/accounts/115045158004229352/statuses?limit=5&min_id=115045580835331784>;
        rel="prev"
      referrer-policy:
      - strict-origin-when-cross-origin
      server-timing:
      - cache_read.active_support;dur=0.16, sql.active_record;dur=3.57, cache_generate.active_support;dur=8.79,
        cache_write.active_support;dur=0.14, instantiation.active_record;dur=0.48,
        start_processing.action_controller;dur=0.00, cache_fetch_hit.active_support;dur=0.01,
        render.active_model_serializers;dur=11.67, process_action.action_controller;dur=58.23
      vary:
      - Authorization, Origin
      x-content-type-options:
      - nosniff
      x-frame-options:
      - SAMEORIGIN
      x-permitted-cross-domain-policies:
      - none
      x-ratelimit-limit:
      - '300'
      x-ratelimit-remaining:
      - '299'
      x-ratelimit-reset:
      - '2025-08-17T18:45:00.655866Z'
      x-request-id:
      - 8bd5b8ca-dd83-4b2f-9fb0-9760525f7a9b
      x-runtime:
      - '0.077196'
      x-xss-protection:
      - '0'
    status:
      code: 200
      message: OK
- request:
    body: null
    headers:
      Accept:
      - '*/*'
      Accept-Encoding:
      - gzip, deflate, br
      Authorization:
      - Bearer __MASTODON_PY_TEST_ACCESS_TOKEN
      Connection:
      - keep-alive
      User-Agent:
      - tests/v311
    method: GET
    uri: http://localhost:3000/api/v1/accounts/115045158004229352/statuses?limit=5&max_id=115045580802382081
  response:
    body:
      string: '[{"id":"115045580794112078","created_at":"2025-08-17T18:44:09.911Z","in_reply_to_id":null,"in_reply_to_account_id":null,"sensitive":false,"spoiler_text":"","visibility":"public","language":"ja","uri":"http://localhost:3000/users/mastodonpy_test/statuses/115045580794112078","url":"http://localhost:3000/@mastodonpy_test/115045580794112078","replies_count":0,"reblogs_count":0,"favourites_count":0,"edited_at":null,"favourited":false,"reblogged":false,"muted":false,"bookmarked":false,"pinned":false,"content":"\u003cp\u003eToot
        number 4!\u003c/p\u003e","filtered":[],"reblog":null,"application":{"name":"Mastodon.py
        test suite","website":null},"account":{"id":"115045158004229352","username":"mastodonpy_test","acct":"mastodonpy_test","display_name":"John
        Lennon","locked":true,"bot":false,"discoverable":null,"indexable":false,"group":false,"created_at":"2025-08-17T00:00:00.000Z","note":"\u003cp\u003eI
        walk funny\u003c/p\u003e","url":"http://localhost:3000/@mastodonpy_test","uri":"http://localhost:3000/users/mastodonpy_test","avatar":"http://localhost:3000/system/accounts/avatars/115/045/158/004/229/352/original/228aadcd9f964064.jpg","avatar_static":"http://localhost:3000/system/accounts/avatars/115/045/158/004/229/352/original/228aadcd9f964064.jpg","header":"http://localhost:3000/system/accounts/headers/115/045/158/004/229/352/original/75c82cb34a6eb173.jpg","header_static":"http://localhost:3000/system/accounts/headers/115/045/158/004/229/352/original/75c82cb34a6eb173.jpg","followers_count":0,"following_count":0,"statuses_count":21,"last_status_at":"2025-08-17","hide_collections":null,"noindex":false,"emojis":[],"roles":[],"fields":[{"name":"bread","value":"toasty.","verified_at":null},{"name":"lasagna","value":"no!!!","verified_at":null}]},"media_attachments":[],"mentions":[],"tags":[],"emojis":[],"quote":null,"card":null,"poll":null},{"id":"115045580785872235","created_at":"2025-08-17T18:44:09.785Z","in_reply_to_id":null,"in_reply_to_account_id":null,"sensitive":false,"spoiler_text":"","visibility":"public","language":"ja","uri":"http://localhost:3000/users/mastodonpy_test/statuses/115045580785872235","url":"http://localhost:3000/@mastodonpy_test/115045580785872235","replies_count":0,"reblogs_count":0,"favourites_count":0,"edited_at":null,"favourited":false,"reblogged":false,"muted":false,"bookmarked":false,"pinned":false,"content":"\u003cp\u003eToot
        number 3!\u003c/p\u003e","filtered":[],"reblog":null,"application":{"name":"Mastodon.py
        test suite","website":null},"account":{"id":"115045158004229352","username":"mastodonpy_test","acct":"mastodonpy_test","display_name":"John
        Lennon","locked":true,"bot":false,"discoverable":null,"indexable":false,"group":false,"created_at":"2025-08-17T00:00:00.000Z","note":"\u003cp\u003eI
        walk funny\u003c/p\u003e","url":"http://localhost:3000/@mastodonpy_test","uri":"http://localhost:3000/users/mastodonpy_test","avatar":"http://localhost:3000/system/accounts/avatars/115/045/158/004/229/352/original/228aadcd9f964064.jpg","avatar_static":"http://localhost:3000/system/accounts/avatars/115/045/158/004/229/352/original/228aadcd9f964064.jpg","header":"http://localhost:3000/system/accounts/headers/115/045/158/004/229/352/original/75c82cb34a6eb173.jpg","header_static":"http://localhost:3000/system/accounts/headers/115/045/158/004/229/352/original/75c82cb34a6eb173.jpg","followers_count":0,"following_count":0,"statuses_count":21,"last_status_at":"2025-08-17","hide_collections":null,"noindex":false,"emojis":[],"roles":[],"fields":[{"name":"bread","value":"toasty.","verified_at":null},{"name":"lasagna","value":"no!!!","verified_at":null}]},"media_attachments":[],"mentions":[],"tags":[],"emojis":[],"quote":null,"card":null,"poll":null},{"id":"115045580777936774","created_at":"2025-08-17T18:44:09.664Z","in_reply_to_id":null,"in_reply_to_account_id":null,"sensitive":false,"spoiler_text":"","visibility":"public","language":"ja","uri":"http://localhost:3000/users/mastodonpy_test/statuses/115045580777936774","url":"http://localhost:3000/@mastodonpy_test/115045580777936774","replies_count":0,"reblogs_count":0,"favourites_count":0,"edited_at":null,"favourited":false,"reblogged":false,"muted":false,"bookmarked":false,"pinned":false,"content":"\u003cp\u003eToot
        number 2!\u003c/p\u003e","filtered":[],"reblog":null,"application":{"name":"Mastodon.py
        test suite","website":null},"account":{"id":"115045158004229352","username":"mastodonpy_test","acct":"mastodonpy_test","display_name":"John
        Lennon","locked":true,"bot":false,"discoverable":null,"indexable":false,"group":false,"created_at":"2025-08-17T00:00:00.000Z","note":"\u003cp\u003eI
        walk funny\u003c/p\u003e","url":"http://localhost:3000/@mastodonpy_test","uri":"http://localhost:3000/users/mastodonpy_test","avatar":"http://localhost:3000/system/accounts/avatars/115/045/158/004/229/352/original/228aadcd9f964064.jpg","avatar_static":"http://localhost:3000/system/accounts/avatars/115/045/158/004/229/352/original/228aadcd9f964064.jpg","header":"http://localhost:3000/system/accounts/headers/115/045/158/004/229/352/original/75c82cb34a6eb173.jpg","header_static":"http://localhost:3000/system/accounts/headers/115/045/158/004/229/352/original/75c82cb34a6eb173.jpg","followers_count":0,"following_count":0,"statuses_count":21,"last_status_at":"2025-08-17","hide_collections":null,"noindex":false,"emojis":[],"roles":[],"fields":[{"name":"bread","value":"toasty.","verified_at":null},{"name":"lasagna","value":"no!!!","verified_at":null}]},"media_attachments":[],"mentions":[],"tags":[],"emojis":[],"quote":null,"card":null,"poll":null},{"id":"115045580770079272","created_at":"2025-08-17T18:44:09.545Z","in_reply_to_id":null,"in_reply_to_account_id":null,"sensitive":false,"spoiler_text":"","visibility":"public","language":"ja","uri":"http://localhost:3000/users/mastodonpy_test/statuses/115045580770079272","url":"http://localhost:3000/@mastodonpy_test/115045580770079272","replies_count":0,"reblogs_count":0,"favourites_count":0,"edited_at":null,"favourited":false,"reblogged":false,"muted":false,"bookmarked":false,"pinned":false,"content":"\u003cp\u003eToot
        number 1!\u003c/p\u003e","filtered":[],"reblog":null,"application":{"name":"Mastodon.py
        test suite","website":null},"account":{"id":"115045158004229352","username":"mastodonpy_test","acct":"mastodonpy_test","display_name":"John
        Lennon","locked":true,"bot":false,"discoverable":null,"indexable":false,"group":false,"created_at":"2025-08-17T00:00:00.000Z","note":"\u003cp\u003eI
        walk funny\u003c/p\u003e","url":"http://localhost:3000/@mastodonpy_test","uri":"http://localhost:3000/users/mastodonpy_test","avatar":"http://localhost:3000/system/accounts/avatars/115/045/158/004/229/352/original/228aadcd9f964064.jpg","avatar_static":"http://localhost:3000/system/accounts/avatars/115/045/158/004/229/352/original/228aadcd9f964064.jpg","header":"http://localhost:3000/system/accounts/headers/115/045/158/004/229/352/original/75c82cb34a6eb173.jpg","header_static":"http://localhost:3000/system/accounts/headers/115/045/158/004/229/352/original/75c82cb34a6eb173.jpg","followers_count":0,"following_count":0,"statuses_count":21,"last_status_at":"2025-08-17","hide_collections":null,"noindex":false,"emojis":[],"roles":[],"fields":[{"name":"bread","value":"toasty.","verified_at":null},{"name":"lasagna","value":"no!!!","verified_at":null}]},"media_attachments":[],"mentions":[],"tags":[],"emojis":[],"quote":null,"card":null,"poll":null},{"id":"115045580761942563","created_at":"2025-08-17T18:44:09.421Z","in_reply_to_id":null,"in_reply_to_account_id":null,"sensitive":false,"spoiler_text":"","visibility":"public","language":"ja","uri":"http://localhost:3000/users/mastodonpy_test/statuses/115045580761942563","url":"http://localhost:3000/@mastodonpy_test/115045580761942563","replies_count":0,"reblogs_count":0,"favourites_count":0,"edited_at":null,"favourited":false,"reblogged":false,"muted":false,"bookmarked":false,"pinned":false,"content":"\u003cp\u003eToot
        number 0!\u003c/p\u003e","filtered":[],"reblog":null,"application":{"name":"Mastodon.py
        test suite","website":null},"account":{"id":"115045158004229352","username":"mastodonpy_test","acct":"mastodonpy_test","display_name":"John
        Lennon","locked":true,"bot":false,"discoverable":null,"indexable":false,"group":false,"created_at":"2025-08-17T00:00:00.000Z","note":"\u003cp\u003eI
        walk funny\u003c/p\u003e","url":"http://localhost:3000/@mastodonpy_test","uri":"http://localhost:3000/users/mastodonpy_test","avatar":"http://localhost:3000/system/accounts/avatars/115/045/158/004/229/352/original/228aadcd9f964064.jpg","avatar_static":"http://localhost:3000/system/accounts/avatars/115/045/158/004/229/352/original/228aadcd9f964064.jpg","header":"http://localhost:3000/system/accounts/headers/115/045/158/004/229/352/original/75c82cb34a6eb173.jpg","header_static":"http://localhost:3000/system/accounts/headers/115/045/158/004/229/352/original/75c82cb34a6eb173.jpg","followers_count":0,"following_count":0,"statuses_count":21,"last_status_at":"2025-08-17","hide_collections":null,"noindex":false,"emojis":[],"roles":[],"fields":[{"name":"bread","value":"toasty.","verified_at":null},{"name":"lasagna","value":"no!!!","verified_at":null}]},"media_attachments":[],"mentions":[],"tags":[],"emojis":[],"quote":null,"card":null,"poll":null}]'
    headers:
      Content-Length:
      - '9286'
      cache-control:
      - private, no-store
      content-security-policy:
      - default-src 'none'; frame-ancestors 'none'; form-action 'none'
      content-type:
      - application/json; charset=utf-8
      etag:
      - W/"aff911fbd869412b7ac30350f808ee05"
      link:
      - <http://localhost:3000/api/v1/accounts/115045158004229352/statuses?limit=5&max_id=115045580761942563>;
        rel="next", <http://localhost:3000/api/v1/accounts/115045158004229352/statuses?limit=5&min_id=115045580794112078>;
        rel="prev"
      referrer-policy:
      - strict-origin-when-cross-origin
      server-timing:
      - cache_read.active_support;dur=0.18, sql.active_record;dur=3.66, cache_generate.active_support;dur=3.69,
        cache_write.active_support;dur=0.15, instantiation.active_record;dur=0.48,
        start_processing.action_controller;dur=0.00, cache_fetch_hit.active_support;dur=0.01,
        render.active_model_serializers;dur=12.50, process_action.action_controller;dur=53.21
      vary:
      - Authorization, Origin
      x-content-type-options:
      - nosniff
      x-frame-options:
      - SAMEORIGIN
      x-permitted-cross-domain-policies:
      - none
      x-ratelimit-limit:
      - '300'
      x-ratelimit-remaining:
      - '299'
      x-ratelimit-reset:
      - '2025-08-17T18:45:00.904017Z'
      x-request-id:
      - 8ac47e7c-07c4-44ea-8125-2326c5242ef1
      x-runtime:
      - '0.070725'
      x-xss-protection:
      - '0'
    status:
      code: 200
      message: OK
- request:
    body: null
    headers:
      Accept:
      - '*/*'
      Accept-Encoding:
      - gzip, deflate, br
      Authorization:
      - Bearer __MASTODON_PY_TEST_ACCESS_TOKEN
      Connection:
      - keep-alive
      User-Agent:
      - tests/v311
    method: GET
    uri: http://localhost:3000/api/v1/accounts/115045158004229352/statuses?limit=5&min_id=115045580794112078
  response:
    body:
      string: '[{"id":"115045580835331784","created_at":"2025-08-17T18:44:10.540Z","in_reply_to_id":null,"in_reply_to_account_id":null,"sensitive":false,"spoiler_text":"","visibility":"public","language":"ja","uri":"http://localhost:3000/users/mastodonpy_test/statuses/115045580835331784","url":"http://localhost:3000/@mastodonpy_test/115045580835331784","replies_count":0,"reblogs_count":0,"favourites_count":0,"edited_at":null,"favourited":false,"reblogged":false,"muted":false,"bookmarked":false,"pinned":false,"content":"\u003cp\u003eToot
        number 9!\u003c/p\u003e","filtered":[],"reblog":null,"application":{"name":"Mastodon.py
        test suite","website":null},"account":{"id":"115045158004229352","username":"mastodonpy_test","acct":"mastodonpy_test","display_name":"John
        Lennon","locked":true,"bot":false,"discoverable":null,"indexable":false,"group":false,"created_at":"2025-08-17T00:00:00.000Z","note":"\u003cp\u003eI
        walk funny\u003c/p\u003e","url":"http://localhost:3000/@mastodonpy_test","uri":"http://localhost:3000/users/mastodonpy_test","avatar":"http://localhost:3000/system/accounts/avatars/115/045/158/004/229/352/original/228aadcd9f964064.jpg","avatar_static":"http://localhost:3000/system/accounts/avatars/115/045/158/004/229/352/original/228aadcd9f964064.jpg","header":"http://localhost:3000/system/accounts/headers/115/045/158/004/229/352/original/75c82cb34a6eb173.jpg","header_static":"http://localhost:3000/system/accounts/headers/115/045/158/004/229/352/original/75c82cb34a6eb173.jpg","followers_count":0,"following_count":0,"statuses_count":21,"last_status_at":"2025-08-17","hide_collections":null,"noindex":false,"emojis":[],"roles":[],"fields":[{"name":"bread","value":"toasty.","verified_at":null},{"name":"lasagna","value":"no!!!","verified_at":null}]},"media_attachments":[],"mentions":[],"tags":[],"emojis":[],"quote":null,"card":null,"poll":null},{"id":"115045580827467148","created_at":"2025-08-17T18:44:10.419Z","in_reply_to_id":null,"in_reply_to_account_id":null,"sensitive":false,"spoiler_text":"","visibility":"public","language":"ja","uri":"http://localhost:3000/users/mastodonpy_test/statuses/115045580827467148","url":"http://localhost:3000/@mastodonpy_test/115045580827467148","replies_count":0,"reblogs_count":0,"favourites_count":0,"edited_at":null,"favourited":false,"reblogged":false,"muted":false,"bookmarked":false,"pinned":false,"content":"\u003cp\u003eToot
        number 8!\u003c/p\u003e","filtered":[],"reblog":null,"application":{"name":"Mastodon.py
        test suite","website":null},"account":{"id":"115045158004229352","username":"mastodonpy_test","acct":"mastodonpy_test","display_name":"John
        Lennon","locked":true,"bot":false,"discoverable":null,"indexable":false,"group":false,"created_at":"2025-08-17T00:00:00.000Z","note":"\u003cp\u003eI
        walk funny\u003c/p\u003e","url":"http://localhost:3000/@mastodonpy_test","uri":"http://localhost:3000/users/mastodonpy_test","avatar":"http://localhost:3000/system/accounts/avatars/115/045/158/004/229/352/original/228aadcd9f964064.jpg","avatar_static":"http://localhost:3000/system/accounts/avatars/115/045/158/004/229/352/original/228aadcd9f964064.jpg","header":"http://localhost:3000/system/accounts/headers/115/045/158/004/229/352/original/75c82cb34a6eb173.jpg","header_static":"http://localhost:3000/system/accounts/headers/115/045/158/004/229/352/original/75c82cb34a6eb173.jpg","followers_count":0,"following_count":0,"statuses_count":21,"last_status_at":"2025-08-17","hide_collections":null,"noindex":false,"emojis":[],"roles":[],"fields":[{"name":"bread","value":"toasty.","verified_at":null},{"name":"lasagna","value":"no!!!","verified_at":null}]},"media_attachments":[],"mentions":[],"tags":[],"emojis":[],"quote":null,"card":null,"poll":null},{"id":"115045580819597630","created_at":"2025-08-17T18:44:10.300Z","in_reply_to_id":null,"in_reply_to_account_id":null,"sensitive":false,"spoiler_text":"","visibility":"public","language":"ja","uri":"http://localhost:3000/users/mastodonpy_test/statuses/115045580819597630","url":"http://localhost:3000/@mastodonpy_test/115045580819597630","replies_count":0,"reblogs_count":0,"favourites_count":0,"edited_at":null,"favourited":false,"reblogged":false,"muted":false,"bookmarked":false,"pinned":false,"content":"\u003cp\u003eToot
        number 7!\u003c/p\u003e","filtered":[],"reblog":null,"application":{"name":"Mastodon.py
        test suite","website":null},"account":{"id":"115045158004229352","username":"mastodonpy_test","acct":"mastodonpy_test","display_name":"John
        Lennon","locked":true,"bot":false,"discoverable":null,"indexable":false,"group":false,"created_at":"2025-08-17T00:00:00.000Z","note":"\u003cp\u003eI
        walk funny\u003c/p\u003e","url":"http://localhost:3000/@mastodonpy_test","uri":"http://localhost:3000/users/mastodonpy_test","avatar":"http://localhost:3000/system/accounts/avatars/115/045/158/004/229/352/original/228aadcd9f964064.jpg","avatar_static":"http://localhost:3000/system/accounts/avatars/115/045/158/004/229/352/original/228aadcd9f964064.jpg","header":"http://localhost:3000/system/accounts/headers/115/045/158/004/229/352/original/75c82cb34a6eb173.jpg","header_static":"http://localhost:3000/system/accounts/headers/115/045/158/004/229/352/original/75c82cb34a6eb173.jpg","followers_count":0,"following_count":0,"statuses_count":21,"last_status_at":"2025-08-17","hide_collections":null,"noindex":false,"emojis":[],"roles":[],"fields":[{"name":"bread","value":"toasty.","verified_at":null},{"name":"lasagna","value":"no!!!","verified_at":null}]},"media_attachments":[],"mentions":[],"tags":[],"emojis":[],"quote":null,"card":null,"poll":null},{"id":"115045580811264553","created_at":"2025-08-17T18:44:10.172Z","in_reply_to_id":null,"in_reply_to_account_id":null,"sensitive":false,"spoiler_text":"","visibility":"public","language":"ja","uri":"http://localhost:3000/users/mastodonpy_test/statuses/115045580811264553","url":"http://localhost:3000/@mastodonpy_test/115045580811264553","replies_count":0,"reblogs_count":0,"favourites_count":0,"edited_at":null,"favourited":false,"reblogged":false,"muted":false,"bookmarked":false,"pinned":false,"content":"\u003cp\u003eToot
        number 6!\u003c/p\u003e","filtered":[],"reblog":null,"application":{"name":"Mastodon.py
        test suite","website":null},"account":{"id":"115045158004229352","username":"mastodonpy_test","acct":"mastodonpy_test","display_name":"John
        Lennon","locked":true,"bot":false,"discoverable":null,"indexable":false,"group":false,"created_at":"2025-08-17T00:00:00.000Z","note":"\u003cp\u003eI
        walk funny\u003c/p\u003e","url":"http://localhost:3000/@mastodonpy_test","uri":"http://localhost:3000/users/mastodonpy_test","avatar":"http://localhost:3000/system/accounts/avatars/115/045/158/004/229/352/original/228aadcd9f964064.jpg","avatar_static":"http://localhost:3000/system/accounts/avatars/115/045/158/004/229/352/original/228aadcd9f964064.jpg","header":"http://localhost:3000/system/accounts/headers/115/045/158/004/229/352/original/75c82cb34a6eb173.jpg","header_static":"http://localhost:3000/system/accounts/headers/115/045/158/004/229/352/original/75c82cb34a6eb173.jpg","followers_count":0,"following_count":0,"statuses_count":21,"last_status_at":"2025-08-17","hide_collections":null,"noindex":false,"emojis":[],"roles":[],"fields":[{"name":"bread","value":"toasty.","verified_at":null},{"name":"lasagna","value":"no!!!","verified_at":null}]},"media_attachments":[],"mentions":[],"tags":[],"emojis":[],"quote":null,"card":null,"poll":null},{"id":"115045580802382081","created_at":"2025-08-17T18:44:10.038Z","in_reply_to_id":null,"in_reply_to_account_id":null,"sensitive":false,"spoiler_text":"","visibility":"public","language":"ja","uri":"http://localhost:3000/users/mastodonpy_test/statuses/115045580802382081","url":"http://localhost:3000/@mastodonpy_test/115045580802382081","replies_count":0,"reblogs_count":0,"favourites_count":0,"edited_at":null,"favourited":false,"reblogged":false,"muted":false,"bookmarked":false,"pinned":false,"content":"\u003cp\u003eToot
        number 5!\u003c/p\u003e","filtered":[],"reblog":null,"application":{"name":"Mastodon.py
        test suite","website":null},"account":{"id":"115045158004229352","username":"mastodonpy_test","acct":"mastodonpy_test","display_name":"John
        Lennon","locked":true,"bot":false,"discoverable":null,"indexable":false,"group":false,"created_at":"2025-08-17T00:00:00.000Z","note":"\u003cp\u003eI
        walk funny\u003c/p\u003e","url":"http://localhost:3000/@mastodonpy_test","uri":"http://localhost:3000/users/mastodonpy_test","avatar":"http://localhost:3000/system/accounts/avatars/115/045/158/004/229/352/original/228aadcd9f964064.jpg","avatar_static":"http://localhost:3000/system/accounts/avatars/115/045/158/004/229/352/original/228aadcd9f964064.jpg","header":"http://localhost:3000/system/accounts/headers/115/045/158/004/229/352/original/75c82cb34a6eb173.jpg","header_static":"http://localhost:3000/system/accounts/headers/115/045/158/004/229/352/original/75c82cb34a6eb173.jpg","followers_count":0,"following_count":0,"statuses_count":21,"last_status_at":"2025-08-17","hide_collections":null,"noindex":false,"emojis":[],"roles":[],"fields":[{"name":"bread","value":"toasty.","verified_at":null},{"name":"lasagna","value":"no!!!","verified_at":null}]},"media_attachments":[],"mentions":[],"tags":[],"emojis":[],"quote":null,"card":null,"poll":null}]'
    headers:
      Content-Length:
      - '9286'
      cache-control:
      - private, no-store
      content-security-policy:
      - default-src 'none'; frame-ancestors 'none'; form-action 'none'
      content-type:
      - application/json; charset=utf-8
      etag:
      - W/"c115c711cf9c172e2349793f9d9125ae"
      link:
      - <http://localhost:3000/api/v1/accounts/115045158004229352/statuses?limit=5&max_id=115045580802382081>;
        rel="next", <http://localhost:3000/api/v1/accounts/115045158004229352/statuses?limit=5&min_id=115045580835331784>;
        rel="prev"
      referrer-policy:
      - strict-origin-when-cross-origin
      server-timing:
      - cache_read.active_support;dur=0.17, sql.active_record;dur=4.51, cache_generate.active_support;dur=3.17,
        cache_write.active_support;dur=0.20, instantiation.active_record;dur=0.67,
        start_processing.action_controller;dur=0.00, cache_fetch_hit.active_support;dur=0.01,
        render.active_model_serializers;dur=12.00, process_action.action_controller;dur=56.30
      vary:
      - Authorization, Origin
      x-content-type-options:
      - nosniff
      x-frame-options:
      - SAMEORIGIN
      x-permitted-cross-domain-policies:
      - none
      x-ratelimit-limit:
      - '300'
      x-ratelimit-remaining:
      - '299'
      x-ratelimit-reset:
      - '2025-08-17T18:45:00.149306Z'
      x-request-id:
      - f1b994f8-cc22-4836-9aad-e65cdb1ba822
      x-runtime:
      - '0.073420'
      x-xss-protection:
      - '0'
    status:
      code: 200
      message: OK
- request:
    body: null
    headers:
      Accept:
      - '*/*'
      Accept-Encoding:
      - gzip, deflate, br
      Authorization:
      - Bearer __MASTODON_PY_TEST_ACCESS_TOKEN
      Connection:
      - keep-alive
      Content-Length:
      - '0'
      User-Agent:
      - tests/v311
    method: DELETE
    uri: http://localhost:3000/api/v1/statuses/115045580761942563
  response:
    body:
      string: '{"id":"115045580761942563","created_at":"2025-08-17T18:44:09.421Z","in_reply_to_id":null,"in_reply_to_account_id":null,"sensitive":false,"spoiler_text":"","visibility":"public","language":"ja","uri":"http://localhost:3000/users/mastodonpy_test/statuses/115045580761942563","url":"http://localhost:3000/@mastodonpy_test/115045580761942563","replies_count":0,"reblogs_count":0,"favourites_count":0,"edited_at":null,"favourited":false,"reblogged":false,"muted":false,"bookmarked":false,"pinned":false,"text":"Toot
        number 0!","filtered":[],"reblog":null,"application":{"name":"Mastodon.py
        test suite","website":null},"account":{"id":"115045158004229352","username":"mastodonpy_test","acct":"mastodonpy_test","display_name":"John
        Lennon","locked":true,"bot":false,"discoverable":null,"indexable":false,"group":false,"created_at":"2025-08-17T00:00:00.000Z","note":"\u003cp\u003eI
        walk funny\u003c/p\u003e","url":"http://localhost:3000/@mastodonpy_test","uri":"http://localhost:3000/users/mastodonpy_test","avatar":"http://localhost:3000/system/accounts/avatars/115/045/158/004/229/352/original/228aadcd9f964064.jpg","avatar_static":"http://localhost:3000/system/accounts/avatars/115/045/158/004/229/352/original/228aadcd9f964064.jpg","header":"http://localhost:3000/system/accounts/headers/115/045/158/004/229/352/original/75c82cb34a6eb173.jpg","header_static":"http://localhost:3000/system/accounts/headers/115/045/158/004/229/352/original/75c82cb34a6eb173.jpg","followers_count":0,"following_count":0,"statuses_count":20,"last_status_at":"2025-08-17","hide_collections":null,"noindex":false,"emojis":[],"roles":[],"fields":[{"name":"bread","value":"toasty.","verified_at":null},{"name":"lasagna","value":"no!!!","verified_at":null}]},"media_attachments":[],"mentions":[],"tags":[],"emojis":[],"quote":null,"card":null,"poll":null}'
    headers:
      Content-Length:
      - '1826'
      cache-control:
      - private, no-store
      content-security-policy:
      - default-src 'none'; frame-ancestors 'none'; form-action 'none'
      content-type:
      - application/json; charset=utf-8
      etag:
      - W/"02452052afcad3eff8e8f464ea05ae2e"
      referrer-policy:
      - strict-origin-when-cross-origin
      server-timing:
      - cache_read.active_support;dur=0.07, sql.active_record;dur=9.30, cache_generate.active_support;dur=3.47,
        cache_write.active_support;dur=0.15, instantiation.active_record;dur=0.65,
        start_processing.action_controller;dur=0.00, start_transaction.active_record;dur=0.00,
        transaction.active_record;dur=4.78, render.active_model_serializers;dur=18.48,
        process_action.action_controller;dur=58.38
      vary:
      - Authorization, Origin
      x-content-type-options:
      - nosniff
      x-frame-options:
      - SAMEORIGIN
      x-permitted-cross-domain-policies:
      - none
      x-ratelimit-limit:
      - '30'
      x-ratelimit-remaining:
      - '29'
      x-ratelimit-reset:
      - '2025-08-17T19:00:00.399334Z'
      x-request-id:
      - b9ce64dd-0438-4704-9517-92076f90dd7c
      x-runtime:
      - '0.077034'
      x-xss-protection:
      - '0'
    status:
      code: 200
      message: OK
- request:
    body: null
    headers:
      Accept:
      - '*/*'
      Accept-Encoding:
      - gzip, deflate, br
      Authorization:
      - Bearer __MASTODON_PY_TEST_ACCESS_TOKEN
      Connection:
      - keep-alive
      Content-Length:
      - '0'
      User-Agent:
      - tests/v311
    method: DELETE
    uri: http://localhost:3000/api/v1/statuses/115045580770079272
  response:
    body:
      string: '{"id":"115045580770079272","created_at":"2025-08-17T18:44:09.545Z","in_reply_to_id":null,"in_reply_to_account_id":null,"sensitive":false,"spoiler_text":"","visibility":"public","language":"ja","uri":"http://localhost:3000/users/mastodonpy_test/statuses/115045580770079272","url":"http://localhost:3000/@mastodonpy_test/115045580770079272","replies_count":0,"reblogs_count":0,"favourites_count":0,"edited_at":null,"favourited":false,"reblogged":false,"muted":false,"bookmarked":false,"pinned":false,"text":"Toot
        number 1!","filtered":[],"reblog":null,"application":{"name":"Mastodon.py
        test suite","website":null},"account":{"id":"115045158004229352","username":"mastodonpy_test","acct":"mastodonpy_test","display_name":"John
        Lennon","locked":true,"bot":false,"discoverable":null,"indexable":false,"group":false,"created_at":"2025-08-17T00:00:00.000Z","note":"\u003cp\u003eI
        walk funny\u003c/p\u003e","url":"http://localhost:3000/@mastodonpy_test","uri":"http://localhost:3000/users/mastodonpy_test","avatar":"http://localhost:3000/system/accounts/avatars/115/045/158/004/229/352/original/228aadcd9f964064.jpg","avatar_static":"http://localhost:3000/system/accounts/avatars/115/045/158/004/229/352/original/228aadcd9f964064.jpg","header":"http://localhost:3000/system/accounts/headers/115/045/158/004/229/352/original/75c82cb34a6eb173.jpg","header_static":"http://localhost:3000/system/accounts/headers/115/045/158/004/229/352/original/75c82cb34a6eb173.jpg","followers_count":0,"following_count":0,"statuses_count":20,"last_status_at":"2025-08-17","hide_collections":null,"noindex":false,"emojis":[],"roles":[],"fields":[{"name":"bread","value":"toasty.","verified_at":null},{"name":"lasagna","value":"no!!!","verified_at":null}]},"media_attachments":[],"mentions":[],"tags":[],"emojis":[],"quote":null,"card":null,"poll":null}'
    headers:
      Content-Length:
      - '1826'
      cache-control:
      - private, no-store
      content-security-policy:
      - default-src 'none'; frame-ancestors 'none'; form-action 'none'
      content-type:
      - application/json; charset=utf-8
      etag:
      - W/"34b7110ac7b9db54f6c35b452176567d"
      referrer-policy:
      - strict-origin-when-cross-origin
      server-timing:
      - cache_read.active_support;dur=0.08, sql.active_record;dur=8.21, cache_generate.active_support;dur=3.46,
        cache_write.active_support;dur=0.16, instantiation.active_record;dur=0.56,
        start_processing.action_controller;dur=0.00, start_transaction.active_record;dur=0.00,
        transaction.active_record;dur=4.68, render.active_model_serializers;dur=17.49,
        process_action.action_controller;dur=54.74
      vary:
      - Authorization, Origin
      x-content-type-options:
      - nosniff
      x-frame-options:
      - SAMEORIGIN
      x-permitted-cross-domain-policies:
      - none
      x-ratelimit-limit:
      - '30'
      x-ratelimit-remaining:
      - '29'
      x-ratelimit-reset:
      - '2025-08-17T19:00:00.513212Z'
      x-request-id:
      - adb50fd8-7025-47ff-a174-644d76197171
      x-runtime:
      - '0.071737'
      x-xss-protection:
      - '0'
    status:
      code: 200
      message: OK
- request:
    body: null
    headers:
      Accept:
      - '*/*'
      Accept-Encoding:
      - gzip, deflate, br
      Authorization:
      - Bearer __MASTODON_PY_TEST_ACCESS_TOKEN
      Connection:
      - keep-alive
      Content-Length:
      - '0'
      User-Agent:
      - tests/v311
    method: DELETE
    uri: http://localhost:3000/api/v1/statuses/115045580777936774
  response:
    body:
      string: '{"id":"115045580777936774","created_at":"2025-08-17T18:44:09.664Z","in_reply_to_id":null,"in_reply_to_account_id":null,"sensitive":false,"spoiler_text":"","visibility":"public","language":"ja","uri":"http://localhost:3000/users/mastodonpy_test/statuses/115045580777936774","url":"http://localhost:3000/@mastodonpy_test/115045580777936774","replies_count":0,"reblogs_count":0,"favourites_count":0,"edited_at":null,"favourited":false,"reblogged":false,"muted":false,"bookmarked":false,"pinned":false,"text":"Toot
        number 2!","filtered":[],"reblog":null,"application":{"name":"Mastodon.py
        test suite","website":null},"account":{"id":"115045158004229352","username":"mastodonpy_test","acct":"mastodonpy_test","display_name":"John
        Lennon","locked":true,"bot":false,"discoverable":null,"indexable":false,"group":false,"created_at":"2025-08-17T00:00:00.000Z","note":"\u003cp\u003eI
        walk funny\u003c/p\u003e","url":"http://localhost:3000/@mastodonpy_test","uri":"http://localhost:3000/users/mastodonpy_test","avatar":"http://localhost:3000/system/accounts/avatars/115/045/158/004/229/352/original/228aadcd9f964064.jpg","avatar_static":"http://localhost:3000/system/accounts/avatars/115/045/158/004/229/352/original/228aadcd9f964064.jpg","header":"http://localhost:3000/system/accounts/headers/115/045/158/004/229/352/original/75c82cb34a6eb173.jpg","header_static":"http://localhost:3000/system/accounts/headers/115/045/158/004/229/352/original/75c82cb34a6eb173.jpg","followers_count":0,"following_count":0,"statuses_count":20,"last_status_at":"2025-08-17","hide_collections":null,"noindex":false,"emojis":[],"roles":[],"fields":[{"name":"bread","value":"toasty.","verified_at":null},{"name":"lasagna","value":"no!!!","verified_at":null}]},"media_attachments":[],"mentions":[],"tags":[],"emojis":[],"quote":null,"card":null,"poll":null}'
    headers:
      Content-Length:
      - '1826'
      cache-control:
      - private, no-store
      content-security-policy:
      - default-src 'none'; frame-ancestors 'none'; form-action 'none'
      content-type:
      - application/json; charset=utf-8
      etag:
      - W/"59b692e0d29879fcdb9ebe575f13c7aa"
      referrer-policy:
      - strict-origin-when-cross-origin
      server-timing:
      - cache_read.active_support;dur=0.12, sql.active_record;dur=8.11, cache_generate.active_support;dur=4.04,
        cache_write.active_support;dur=0.18, instantiation.active_record;dur=0.56,
        start_processing.action_controller;dur=0.00, start_transaction.active_record;dur=0.00,
        transaction.active_record;dur=4.65, render.active_model_serializers;dur=29.02,
        process_action.action_controller;dur=66.68
      vary:
      - Authorization, Origin
      x-content-type-options:
      - nosniff
      x-frame-options:
      - SAMEORIGIN
      x-permitted-cross-domain-policies:
      - none
      x-ratelimit-limit:
      - '30'
      x-ratelimit-remaining:
      - '29'
      x-ratelimit-reset:
      - '2025-08-17T19:00:00.629543Z'
      x-request-id:
      - 4444f8e1-c0ec-44f6-a29f-b23623c572b6
      x-runtime:
      - '0.084523'
      x-xss-protection:
      - '0'
    status:
      code: 200
      message: OK
- request:
    body: null
    headers:
      Accept:
      - '*/*'
      Accept-Encoding:
      - gzip, deflate, br
      Authorization:
      - Bearer __MASTODON_PY_TEST_ACCESS_TOKEN
      Connection:
      - keep-alive
      Content-Length:
      - '0'
      User-Agent:
      - tests/v311
    method: DELETE
    uri: http://localhost:3000/api/v1/statuses/115045580785872235
  response:
    body:
      string: '{"id":"115045580785872235","created_at":"2025-08-17T18:44:09.785Z","in_reply_to_id":null,"in_reply_to_account_id":null,"sensitive":false,"spoiler_text":"","visibility":"public","language":"ja","uri":"http://localhost:3000/users/mastodonpy_test/statuses/115045580785872235","url":"http://localhost:3000/@mastodonpy_test/115045580785872235","replies_count":0,"reblogs_count":0,"favourites_count":0,"edited_at":null,"favourited":false,"reblogged":false,"muted":false,"bookmarked":false,"pinned":false,"text":"Toot
        number 3!","filtered":[],"reblog":null,"application":{"name":"Mastodon.py
        test suite","website":null},"account":{"id":"115045158004229352","username":"mastodonpy_test","acct":"mastodonpy_test","display_name":"John
        Lennon","locked":true,"bot":false,"discoverable":null,"indexable":false,"group":false,"created_at":"2025-08-17T00:00:00.000Z","note":"\u003cp\u003eI
        walk funny\u003c/p\u003e","url":"http://localhost:3000/@mastodonpy_test","uri":"http://localhost:3000/users/mastodonpy_test","avatar":"http://localhost:3000/system/accounts/avatars/115/045/158/004/229/352/original/228aadcd9f964064.jpg","avatar_static":"http://localhost:3000/system/accounts/avatars/115/045/158/004/229/352/original/228aadcd9f964064.jpg","header":"http://localhost:3000/system/accounts/headers/115/045/158/004/229/352/original/75c82cb34a6eb173.jpg","header_static":"http://localhost:3000/system/accounts/headers/115/045/158/004/229/352/original/75c82cb34a6eb173.jpg","followers_count":0,"following_count":0,"statuses_count":20,"last_status_at":"2025-08-17","hide_collections":null,"noindex":false,"emojis":[],"roles":[],"fields":[{"name":"bread","value":"toasty.","verified_at":null},{"name":"lasagna","value":"no!!!","verified_at":null}]},"media_attachments":[],"mentions":[],"tags":[],"emojis":[],"quote":null,"card":null,"poll":null}'
    headers:
      Content-Length:
      - '1826'
      cache-control:
      - private, no-store
      content-security-policy:
      - default-src 'none'; frame-ancestors 'none'; form-action 'none'
      content-type:
      - application/json; charset=utf-8
      etag:
      - W/"706334e99f05efbbfa5ce75bd84f8740"
      referrer-policy:
      - strict-origin-when-cross-origin
      server-timing:
      - cache_read.active_support;dur=0.09, sql.active_record;dur=8.00, cache_generate.active_support;dur=2.96,
        cache_write.active_support;dur=0.14, instantiation.active_record;dur=0.47,
        start_processing.action_controller;dur=0.00, start_transaction.active_record;dur=0.00,
        transaction.active_record;dur=4.92, render.active_model_serializers;dur=16.85,
        process_action.action_controller;dur=53.30
      vary:
      - Authorization, Origin
      x-content-type-options:
      - nosniff
      x-frame-options:
      - SAMEORIGIN
      x-permitted-cross-domain-policies:
      - none
      x-ratelimit-limit:
      - '30'
      x-ratelimit-remaining:
      - '29'
      x-ratelimit-reset:
      - '2025-08-17T19:00:00.758412Z'
      x-request-id:
      - 7f1903e6-a5a7-4adc-9f88-1377e3d484c2
      x-runtime:
      - '0.070213'
      x-xss-protection:
      - '0'
    status:
      code: 200
      message: OK
- request:
    body: null
    headers:
      Accept:
      - '*/*'
      Accept-Encoding:
      - gzip, deflate, br
      Authorization:
      - Bearer __MASTODON_PY_TEST_ACCESS_TOKEN
      Connection:
      - keep-alive
      Content-Length:
      - '0'
      User-Agent:
      - tests/v311
    method: DELETE
    uri: http://localhost:3000/api/v1/statuses/115045580794112078
  response:
    body:
      string: '{"id":"115045580794112078","created_at":"2025-08-17T18:44:09.911Z","in_reply_to_id":null,"in_reply_to_account_id":null,"sensitive":false,"spoiler_text":"","visibility":"public","language":"ja","uri":"http://localhost:3000/users/mastodonpy_test/statuses/115045580794112078","url":"http://localhost:3000/@mastodonpy_test/115045580794112078","replies_count":0,"reblogs_count":0,"favourites_count":0,"edited_at":null,"favourited":false,"reblogged":false,"muted":false,"bookmarked":false,"pinned":false,"text":"Toot
        number 4!","filtered":[],"reblog":null,"application":{"name":"Mastodon.py
        test suite","website":null},"account":{"id":"115045158004229352","username":"mastodonpy_test","acct":"mastodonpy_test","display_name":"John
        Lennon","locked":true,"bot":false,"discoverable":null,"indexable":false,"group":false,"created_at":"2025-08-17T00:00:00.000Z","note":"\u003cp\u003eI
        walk funny\u003c/p\u003e","url":"http://localhost:3000/@mastodonpy_test","uri":"http://localhost:3000/users/mastodonpy_test","avatar":"http://localhost:3000/system/accounts/avatars/115/045/158/004/229/352/original/228aadcd9f964064.jpg","avatar_static":"http://localhost:3000/system/accounts/avatars/115/045/158/004/229/352/original/228aadcd9f964064.jpg","header":"http://localhost:3000/system/accounts/headers/115/045/158/004/229/352/original/75c82cb34a6eb173.jpg","header_static":"http://localhost:3000/system/accounts/headers/115/045/158/004/229/352/original/75c82cb34a6eb173.jpg","followers_count":0,"following_count":0,"statuses_count":20,"last_status_at":"2025-08-17","hide_collections":null,"noindex":false,"emojis":[],"roles":[],"fields":[{"name":"bread","value":"toasty.","verified_at":null},{"name":"lasagna","value":"no!!!","verified_at":null}]},"media_attachments":[],"mentions":[],"tags":[],"emojis":[],"quote":null,"card":null,"poll":null}'
    headers:
      Content-Length:
      - '1826'
      cache-control:
      - private, no-store
      content-security-policy:
      - default-src 'none'; frame-ancestors 'none'; form-action 'none'
      content-type:
      - application/json; charset=utf-8
      etag:
      - W/"722f4f57264d7aae7ecb9ac0ebc5ea0f"
      referrer-policy:
      - strict-origin-when-cross-origin
      server-timing:
      - cache_read.active_support;dur=0.07, sql.active_record;dur=7.92, cache_generate.active_support;dur=3.05,
        cache_write.active_support;dur=0.14, instantiation.active_record;dur=0.46,
        start_processing.action_controller;dur=0.00, start_transaction.active_record;dur=0.00,
        transaction.active_record;dur=4.63, render.active_model_serializers;dur=15.94,
        process_action.action_controller;dur=52.59
      vary:
      - Authorization, Origin
      x-content-type-options:
      - nosniff
      x-frame-options:
      - SAMEORIGIN
      x-permitted-cross-domain-policies:
      - none
      x-ratelimit-limit:
      - '30'
      x-ratelimit-remaining:
      - '29'
      x-ratelimit-reset:
      - '2025-08-17T19:00:00.868684Z'
      x-request-id:
      - 36beeae0-1a27-420f-bce8-a8570f4ca093
      x-runtime:
      - '0.069605'
      x-xss-protection:
      - '0'
    status:
      code: 200
      message: OK
- request:
    body: null
    headers:
      Accept:
      - '*/*'
      Accept-Encoding:
      - gzip, deflate, br
      Authorization:
      - Bearer __MASTODON_PY_TEST_ACCESS_TOKEN
      Connection:
      - keep-alive
      Content-Length:
      - '0'
      User-Agent:
      - tests/v311
    method: DELETE
    uri: http://localhost:3000/api/v1/statuses/115045580802382081
  response:
    body:
      string: '{"id":"115045580802382081","created_at":"2025-08-17T18:44:10.038Z","in_reply_to_id":null,"in_reply_to_account_id":null,"sensitive":false,"spoiler_text":"","visibility":"public","language":"ja","uri":"http://localhost:3000/users/mastodonpy_test/statuses/115045580802382081","url":"http://localhost:3000/@mastodonpy_test/115045580802382081","replies_count":0,"reblogs_count":0,"favourites_count":0,"edited_at":null,"favourited":false,"reblogged":false,"muted":false,"bookmarked":false,"pinned":false,"text":"Toot
        number 5!","filtered":[],"reblog":null,"application":{"name":"Mastodon.py
        test suite","website":null},"account":{"id":"115045158004229352","username":"mastodonpy_test","acct":"mastodonpy_test","display_name":"John
        Lennon","locked":true,"bot":false,"discoverable":null,"indexable":false,"group":false,"created_at":"2025-08-17T00:00:00.000Z","note":"\u003cp\u003eI
        walk funny\u003c/p\u003e","url":"http://localhost:3000/@mastodonpy_test","uri":"http://localhost:3000/users/mastodonpy_test","avatar":"http://localhost:3000/system/accounts/avatars/115/045/158/004/229/352/original/228aadcd9f964064.jpg","avatar_static":"http://localhost:3000/system/accounts/avatars/115/045/158/004/229/352/original/228aadcd9f964064.jpg","header":"http://localhost:3000/system/accounts/headers/115/045/158/004/229/352/original/75c82cb34a6eb173.jpg","header_static":"http://localhost:3000/system/accounts/headers/115/045/158/004/229/352/original/75c82cb34a6eb173.jpg","followers_count":0,"following_count":0,"statuses_count":20,"last_status_at":"2025-08-17","hide_collections":null,"noindex":false,"emojis":[],"roles":[],"fields":[{"name":"bread","value":"toasty.","verified_at":null},{"name":"lasagna","value":"no!!!","verified_at":null}]},"media_attachments":[],"mentions":[],"tags":[],"emojis":[],"quote":null,"card":null,"poll":null}'
    headers:
      Content-Length:
      - '1826'
      cache-control:
      - private, no-store
      content-security-policy:
      - default-src 'none'; frame-ancestors 'none'; form-action 'none'
      content-type:
      - application/json; charset=utf-8
      etag:
      - W/"a203d67a0f5527eb8f51eaed9d29b924"
      referrer-policy:
      - strict-origin-when-cross-origin
      server-timing:
      - cache_read.active_support;dur=0.06, sql.active_record;dur=7.94, cache_generate.active_support;dur=3.01,
        cache_write.active_support;dur=0.14, instantiation.active_record;dur=0.45,
        start_processing.action_controller;dur=0.00, start_transaction.active_record;dur=0.00,
        transaction.active_record;dur=4.69, render.active_model_serializers;dur=16.03,
        process_action.action_controller;dur=52.08
      vary:
      - Authorization, Origin
      x-content-type-options:
      - nosniff
      x-frame-options:
      - SAMEORIGIN
      x-permitted-cross-domain-policies:
      - none
      x-ratelimit-limit:
      - '30'
      x-ratelimit-remaining:
      - '29'
      x-ratelimit-reset:
      - '2025-08-17T19:00:00.982907Z'
      x-request-id:
      - c59268ed-7ea0-4417-ba22-864339f34132
      x-runtime:
      - '0.068491'
      x-xss-protection:
      - '0'
    status:
      code: 200
      message: OK
- request:
    body: null
    headers:
      Accept:
      - '*/*'
      Accept-Encoding:
      - gzip, deflate, br
      Authorization:
      - Bearer __MASTODON_PY_TEST_ACCESS_TOKEN
      Connection:
      - keep-alive
      Content-Length:
      - '0'
      User-Agent:
      - tests/v311
    method: DELETE
    uri: http://localhost:3000/api/v1/statuses/115045580811264553
  response:
    body:
      string: '{"id":"115045580811264553","created_at":"2025-08-17T18:44:10.172Z","in_reply_to_id":null,"in_reply_to_account_id":null,"sensitive":false,"spoiler_text":"","visibility":"public","language":"ja","uri":"http://localhost:3000/users/mastodonpy_test/statuses/115045580811264553","url":"http://localhost:3000/@mastodonpy_test/115045580811264553","replies_count":0,"reblogs_count":0,"favourites_count":0,"edited_at":null,"favourited":false,"reblogged":false,"muted":false,"bookmarked":false,"pinned":false,"text":"Toot
        number 6!","filtered":[],"reblog":null,"application":{"name":"Mastodon.py
        test suite","website":null},"account":{"id":"115045158004229352","username":"mastodonpy_test","acct":"mastodonpy_test","display_name":"John
        Lennon","locked":true,"bot":false,"discoverable":null,"indexable":false,"group":false,"created_at":"2025-08-17T00:00:00.000Z","note":"\u003cp\u003eI
        walk funny\u003c/p\u003e","url":"http://localhost:3000/@mastodonpy_test","uri":"http://localhost:3000/users/mastodonpy_test","avatar":"http://localhost:3000/system/accounts/avatars/115/045/158/004/229/352/original/228aadcd9f964064.jpg","avatar_static":"http://localhost:3000/system/accounts/avatars/115/045/158/004/229/352/original/228aadcd9f964064.jpg","header":"http://localhost:3000/system/accounts/headers/115/045/158/004/229/352/original/75c82cb34a6eb173.jpg","header_static":"http://localhost:3000/system/accounts/headers/115/045/158/004/229/352/original/75c82cb34a6eb173.jpg","followers_count":0,"following_count":0,"statuses_count":20,"last_status_at":"2025-08-17","hide_collections":null,"noindex":false,"emojis":[],"roles":[],"fields":[{"name":"bread","value":"toasty.","verified_at":null},{"name":"lasagna","value":"no!!!","verified_at":null}]},"media_attachments":[],"mentions":[],"tags":[],"emojis":[],"quote":null,"card":null,"poll":null}'
    headers:
      Content-Length:
      - '1826'
      cache-control:
      - private, no-store
      content-security-policy:
      - default-src 'none'; frame-ancestors 'none'; form-action 'none'
      content-type:
      - application/json; charset=utf-8
      etag:
      - W/"8bf7a4c7110cbeea4dd41edc181624ff"
      referrer-policy:
      - strict-origin-when-cross-origin
      server-timing:
      - cache_read.active_support;dur=0.07, sql.active_record;dur=8.10, cache_generate.active_support;dur=3.13,
        cache_write.active_support;dur=0.15, instantiation.active_record;dur=0.47,
        start_processing.action_controller;dur=0.00, start_transaction.active_record;dur=0.00,
        transaction.active_record;dur=4.94, render.active_model_serializers;dur=16.82,
        process_action.action_controller;dur=54.01
      vary:
      - Authorization, Origin
      x-content-type-options:
      - nosniff
      x-frame-options:
      - SAMEORIGIN
      x-permitted-cross-domain-policies:
      - none
      x-ratelimit-limit:
      - '30'
      x-ratelimit-remaining:
      - '29'
      x-ratelimit-reset:
      - '2025-08-17T19:00:00.097225Z'
      x-request-id:
      - 8ac45884-7cbe-4a60-9637-ed5c5834f7e7
      x-runtime:
      - '0.071491'
      x-xss-protection:
      - '0'
    status:
      code: 200
      message: OK
- request:
    body: null
    headers:
      Accept:
      - '*/*'
      Accept-Encoding:
      - gzip, deflate, br
      Authorization:
      - Bearer __MASTODON_PY_TEST_ACCESS_TOKEN
      Connection:
      - keep-alive
      Content-Length:
      - '0'
      User-Agent:
      - tests/v311
    method: DELETE
    uri: http://localhost:3000/api/v1/statuses/115045580819597630
  response:
    body:
      string: '{"id":"115045580819597630","created_at":"2025-08-17T18:44:10.300Z","in_reply_to_id":null,"in_reply_to_account_id":null,"sensitive":false,"spoiler_text":"","visibility":"public","language":"ja","uri":"http://localhost:3000/users/mastodonpy_test/statuses/115045580819597630","url":"http://localhost:3000/@mastodonpy_test/115045580819597630","replies_count":0,"reblogs_count":0,"favourites_count":0,"edited_at":null,"favourited":false,"reblogged":false,"muted":false,"bookmarked":false,"pinned":false,"text":"Toot
        number 7!","filtered":[],"reblog":null,"application":{"name":"Mastodon.py
        test suite","website":null},"account":{"id":"115045158004229352","username":"mastodonpy_test","acct":"mastodonpy_test","display_name":"John
        Lennon","locked":true,"bot":false,"discoverable":null,"indexable":false,"group":false,"created_at":"2025-08-17T00:00:00.000Z","note":"\u003cp\u003eI
        walk funny\u003c/p\u003e","url":"http://localhost:3000/@mastodonpy_test","uri":"http://localhost:3000/users/mastodonpy_test","avatar":"http://localhost:3000/system/accounts/avatars/115/045/158/004/229/352/original/228aadcd9f964064.jpg","avatar_static":"http://localhost:3000/system/accounts/avatars/115/045/158/004/229/352/original/228aadcd9f964064.jpg","header":"http://localhost:3000/system/accounts/headers/115/045/158/004/229/352/original/75c82cb34a6eb173.jpg","header_static":"http://localhost:3000/system/accounts/headers/115/045/158/004/229/352/original/75c82cb34a6eb173.jpg","followers_count":0,"following_count":0,"statuses_count":20,"last_status_at":"2025-08-17","hide_collections":null,"noindex":false,"emojis":[],"roles":[],"fields":[{"name":"bread","value":"toasty.","verified_at":null},{"name":"lasagna","value":"no!!!","verified_at":null}]},"media_attachments":[],"mentions":[],"tags":[],"emojis":[],"quote":null,"card":null,"poll":null}'
    headers:
      Content-Length:
      - '1826'
      cache-control:
      - private, no-store
      content-security-policy:
      - default-src 'none'; frame-ancestors 'none'; form-action 'none'
      content-type:
      - application/json; charset=utf-8
      etag:
      - W/"8eb07e4b3eec3a81855bbc360e523976"
      referrer-policy:
      - strict-origin-when-cross-origin
      server-timing:
      - cache_read.active_support;dur=0.07, sql.active_record;dur=8.08, cache_generate.active_support;dur=3.00,
        cache_write.active_support;dur=0.14, instantiation.active_record;dur=0.46,
        start_processing.action_controller;dur=0.00, start_transaction.active_record;dur=0.00,
        transaction.active_record;dur=4.86, render.active_model_serializers;dur=14.99,
        process_action.action_controller;dur=51.76
      vary:
      - Authorization, Origin
      x-content-type-options:
      - nosniff
      x-frame-options:
      - SAMEORIGIN
      x-permitted-cross-domain-policies:
      - none
      x-ratelimit-limit:
      - '30'
      x-ratelimit-remaining:
      - '29'
      x-ratelimit-reset:
      - '2025-08-17T19:00:00.206396Z'
      x-request-id:
      - 48f04977-7f03-4246-a3df-1d22694d42af
      x-runtime:
      - '0.068577'
      x-xss-protection:
      - '0'
    status:
      code: 200
      message: OK
- request:
    body: null
    headers:
      Accept:
      - '*/*'
      Accept-Encoding:
      - gzip, deflate, br
      Authorization:
      - Bearer __MASTODON_PY_TEST_ACCESS_TOKEN
      Connection:
      - keep-alive
      Content-Length:
      - '0'
      User-Agent:
      - tests/v311
    method: DELETE
    uri: http://localhost:3000/api/v1/statuses/115045580827467148
  response:
    body:
      string: '{"id":"115045580827467148","created_at":"2025-08-17T18:44:10.419Z","in_reply_to_id":null,"in_reply_to_account_id":null,"sensitive":false,"spoiler_text":"","visibility":"public","language":"ja","uri":"http://localhost:3000/users/mastodonpy_test/statuses/115045580827467148","url":"http://localhost:3000/@mastodonpy_test/115045580827467148","replies_count":0,"reblogs_count":0,"favourites_count":0,"edited_at":null,"favourited":false,"reblogged":false,"muted":false,"bookmarked":false,"pinned":false,"text":"Toot
        number 8!","filtered":[],"reblog":null,"application":{"name":"Mastodon.py
        test suite","website":null},"account":{"id":"115045158004229352","username":"mastodonpy_test","acct":"mastodonpy_test","display_name":"John
        Lennon","locked":true,"bot":false,"discoverable":null,"indexable":false,"group":false,"created_at":"2025-08-17T00:00:00.000Z","note":"\u003cp\u003eI
        walk funny\u003c/p\u003e","url":"http://localhost:3000/@mastodonpy_test","uri":"http://localhost:3000/users/mastodonpy_test","avatar":"http://localhost:3000/system/accounts/avatars/115/045/158/004/229/352/original/228aadcd9f964064.jpg","avatar_static":"http://localhost:3000/system/accounts/avatars/115/045/158/004/229/352/original/228aadcd9f964064.jpg","header":"http://localhost:3000/system/accounts/headers/115/045/158/004/229/352/original/75c82cb34a6eb173.jpg","header_static":"http://localhost:3000/system/accounts/headers/115/045/158/004/229/352/original/75c82cb34a6eb173.jpg","followers_count":0,"following_count":0,"statuses_count":20,"last_status_at":"2025-08-17","hide_collections":null,"noindex":false,"emojis":[],"roles":[],"fields":[{"name":"bread","value":"toasty.","verified_at":null},{"name":"lasagna","value":"no!!!","verified_at":null}]},"media_attachments":[],"mentions":[],"tags":[],"emojis":[],"quote":null,"card":null,"poll":null}'
    headers:
      Content-Length:
      - '1826'
      cache-control:
      - private, no-store
      content-security-policy:
      - default-src 'none'; frame-ancestors 'none'; form-action 'none'
      content-type:
      - application/json; charset=utf-8
      etag:
      - W/"bdd3f065954d966a2e487f1eaa02137f"
      referrer-policy:
      - strict-origin-when-cross-origin
      server-timing:
      - cache_read.active_support;dur=0.07, sql.active_record;dur=7.48, cache_generate.active_support;dur=3.09,
        cache_write.active_support;dur=0.14, instantiation.active_record;dur=0.45,
        start_processing.action_controller;dur=0.00, start_transaction.active_record;dur=0.00,
        transaction.active_record;dur=4.41, render.active_model_serializers;dur=15.11,
        process_action.action_controller;dur=51.05
      vary:
      - Authorization, Origin
      x-content-type-options:
      - nosniff
      x-frame-options:
      - SAMEORIGIN
      x-permitted-cross-domain-policies:
      - none
      x-ratelimit-limit:
      - '30'
      x-ratelimit-remaining:
      - '29'
      x-ratelimit-reset:
      - '2025-08-17T19:00:00.318597Z'
      x-request-id:
      - b4e86297-bda6-48be-b5e4-74cb3862e62e
      x-runtime:
      - '0.067597'
      x-xss-protection:
      - '0'
    status:
      code: 200
      message: OK
- request:
    body: null
    headers:
      Accept:
      - '*/*'
      Accept-Encoding:
      - gzip, deflate, br
      Authorization:
      - Bearer __MASTODON_PY_TEST_ACCESS_TOKEN
      Connection:
      - keep-alive
      Content-Length:
      - '0'
      User-Agent:
      - tests/v311
    method: DELETE
    uri: http://localhost:3000/api/v1/statuses/115045580835331784
  response:
    body:
      string: '{"id":"115045580835331784","created_at":"2025-08-17T18:44:10.540Z","in_reply_to_id":null,"in_reply_to_account_id":null,"sensitive":false,"spoiler_text":"","visibility":"public","language":"ja","uri":"http://localhost:3000/users/mastodonpy_test/statuses/115045580835331784","url":"http://localhost:3000/@mastodonpy_test/115045580835331784","replies_count":0,"reblogs_count":0,"favourites_count":0,"edited_at":null,"favourited":false,"reblogged":false,"muted":false,"bookmarked":false,"pinned":false,"text":"Toot
        number 9!","filtered":[],"reblog":null,"application":{"name":"Mastodon.py
        test suite","website":null},"account":{"id":"115045158004229352","username":"mastodonpy_test","acct":"mastodonpy_test","display_name":"John
        Lennon","locked":true,"bot":false,"discoverable":null,"indexable":false,"group":false,"created_at":"2025-08-17T00:00:00.000Z","note":"\u003cp\u003eI
        walk funny\u003c/p\u003e","url":"http://localhost:3000/@mastodonpy_test","uri":"http://localhost:3000/users/mastodonpy_test","avatar":"http://localhost:3000/system/accounts/avatars/115/045/158/004/229/352/original/228aadcd9f964064.jpg","avatar_static":"http://localhost:3000/system/accounts/avatars/115/045/158/004/229/352/original/228aadcd9f964064.jpg","header":"http://localhost:3000/system/accounts/headers/115/045/158/004/229/352/original/75c82cb34a6eb173.jpg","header_static":"http://localhost:3000/system/accounts/headers/115/045/158/004/229/352/original/75c82cb34a6eb173.jpg","followers_count":0,"following_count":0,"statuses_count":20,"last_status_at":"2025-08-17","hide_collections":null,"noindex":false,"emojis":[],"roles":[],"fields":[{"name":"bread","value":"toasty.","verified_at":null},{"name":"lasagna","value":"no!!!","verified_at":null}]},"media_attachments":[],"mentions":[],"tags":[],"emojis":[],"quote":null,"card":null,"poll":null}'
    headers:
      Content-Length:
      - '1826'
      cache-control:
      - private, no-store
      content-security-policy:
      - default-src 'none'; frame-ancestors 'none'; form-action 'none'
      content-type:
      - application/json; charset=utf-8
      etag:
      - W/"1945574e2d429a6861ba4292b91d9c73"
      referrer-policy:
      - strict-origin-when-cross-origin
      server-timing:
      - cache_read.active_support;dur=0.06, sql.active_record;dur=7.79, cache_generate.active_support;dur=2.94,
        cache_write.active_support;dur=0.13, instantiation.active_record;dur=0.44,
        start_processing.action_controller;dur=0.00, start_transaction.active_record;dur=0.00,
        transaction.active_record;dur=4.91, render.active_model_serializers;dur=14.87,
        process_action.action_controller;dur=50.88
      vary:
      - Authorization, Origin
      x-content-type-options:
      - nosniff
      x-frame-options:
      - SAMEORIGIN
      x-permitted-cross-domain-policies:
      - none
      x-ratelimit-limit:
      - '30'
      x-ratelimit-remaining:
      - '29'
      x-ratelimit-reset:
      - '2025-08-17T19:00:00.428588Z'
      x-request-id:
      - cda75df3-2b7a-44ba-abd9-3f60e142b803
      x-runtime:
      - '0.067444'
      x-xss-protection:
      - '0'
    status:
      code: 200
      message: OK
version: 1
