interactions:
- request:
    body: null
    headers:
      Accept:
      - '*/*'
      Accept-Encoding:
      - gzip, deflate, br
      Authorization:
      - Bearer __MASTODON_PY_TEST_ACCESS_TOKEN_2
      Connection:
      - keep-alive
      User-Agent:
      - tests/v311
    method: GET
    uri: http://localhost:3000/api/v1/admin/accounts?active=True
  response:
    body:
      string: '[{"id":"115045158144846374","username":"mastodonpy_test_2","domain":null,"created_at":"2025-08-17T16:56:40.809Z","email":"mastodonpy_test_2@localhost","ip":null,"confirmed":true,"suspended":false,"silenced":false,"sensitized":false,"disabled":false,"approved":true,"locale":"ja","invite_request":null,"ips":[],"account":{"id":"115045158144846374","username":"mastodonpy_test_2","acct":"mastodonpy_test_2","display_name":"","locked":false,"bot":false,"discoverable":true,"indexable":true,"group":false,"created_at":"2025-08-17T00:00:00.000Z","note":"","url":"http://localhost:3000/@mastodonpy_test_2","uri":"http://localhost:3000/users/mastodonpy_test_2","avatar":"http://localhost:3000/avatars/original/missing.png","avatar_static":"http://localhost:3000/avatars/original/missing.png","header":"http://localhost:3000/headers/original/missing.png","header_static":"http://localhost:3000/headers/original/missing.png","followers_count":0,"following_count":0,"statuses_count":0,"last_status_at":"2025-08-17","hide_collections":null,"noindex":false,"emojis":[],"roles":[],"fields":[]},"role":{"id":"-99","name":"","permissions":"65536","color":"","highlighted":false}},{"id":"115045158004229352","username":"mastodonpy_test","domain":null,"created_at":"2025-08-17T16:56:38.669Z","email":"mastodonpy_test@localhost","ip":null,"confirmed":true,"suspended":false,"silenced":false,"sensitized":false,"disabled":false,"approved":true,"locale":"ja","invite_request":null,"ips":[],"account":{"id":"115045158004229352","username":"mastodonpy_test","acct":"mastodonpy_test","display_name":"John
        Lennon","locked":true,"bot":false,"discoverable":null,"indexable":false,"group":false,"created_at":"2025-08-17T00:00:00.000Z","note":"\u003cp\u003eI
        walk funny\u003c/p\u003e","url":"http://localhost:3000/@mastodonpy_test","uri":"http://localhost:3000/users/mastodonpy_test","avatar":"http://localhost:3000/system/accounts/avatars/115/045/158/004/229/352/original/228aadcd9f964064.jpg","avatar_static":"http://localhost:3000/system/accounts/avatars/115/045/158/004/229/352/original/228aadcd9f964064.jpg","header":"http://localhost:3000/system/accounts/headers/115/045/158/004/229/352/original/75c82cb34a6eb173.jpg","header_static":"http://localhost:3000/system/accounts/headers/115/045/158/004/229/352/original/75c82cb34a6eb173.jpg","followers_count":0,"following_count":0,"statuses_count":0,"last_status_at":"2025-08-17","hide_collections":null,"noindex":false,"emojis":[],"roles":[],"fields":[{"name":"bread","value":"toasty.","verified_at":null},{"name":"lasagna","value":"no!!!","verified_at":null}]},"role":{"id":"-99","name":"","permissions":"65536","color":"","highlighted":false}},{"id":"115045157863512154","username":"admin2","domain":null,"created_at":"2025-08-17T16:56:36.513Z","email":"zerocool@example.com","ip":null,"confirmed":true,"suspended":false,"silenced":false,"sensitized":false,"disabled":false,"approved":true,"locale":"de","invite_request":null,"ips":[],"account":{"id":"115045157863512154","username":"admin2","acct":"admin2","display_name":"","locked":false,"bot":false,"discoverable":null,"indexable":false,"group":false,"created_at":"2025-08-17T00:00:00.000Z","note":"","url":"http://localhost:3000/@admin2","uri":"http://localhost:3000/users/admin2","avatar":"http://localhost:3000/avatars/original/missing.png","avatar_static":"http://localhost:3000/avatars/original/missing.png","header":"http://localhost:3000/headers/original/missing.png","header_static":"http://localhost:3000/headers/original/missing.png","followers_count":0,"following_count":0,"statuses_count":0,"last_status_at":null,"hide_collections":null,"noindex":false,"emojis":[],"roles":[{"id":"3","name":"Owner","color":""}],"fields":[]},"role":{"id":"3","name":"Owner","permissions":"1048575","color":"","highlighted":true}},{"id":"115045157726281124","username":"admin","domain":null,"created_at":"2025-08-17T16:56:34.353Z","email":"admin@localhost","ip":null,"confirmed":true,"suspended":false,"silenced":false,"sensitized":false,"disabled":false,"approved":true,"locale":null,"invite_request":null,"ips":[],"account":{"id":"115045157726281124","username":"admin","acct":"admin","display_name":"","locked":false,"bot":false,"discoverable":null,"indexable":false,"group":false,"created_at":"2025-08-17T00:00:00.000Z","note":"","url":"http://localhost:3000/@admin","uri":"http://localhost:3000/users/admin","avatar":"http://localhost:3000/avatars/original/missing.png","avatar_static":"http://localhost:3000/avatars/original/missing.png","header":"http://localhost:3000/headers/original/missing.png","header_static":"http://localhost:3000/headers/original/missing.png","followers_count":0,"following_count":0,"statuses_count":0,"last_status_at":"2025-08-17","hide_collections":null,"noindex":false,"emojis":[],"roles":[{"id":"3","name":"Owner","color":""}],"fields":[]},"role":{"id":"3","name":"Owner","permissions":"1048575","color":"","highlighted":true}}]'
    headers:
      Content-Length:
      - '4938'
      cache-control:
      - private, no-store
      content-security-policy:
      - default-src 'none'; frame-ancestors 'none'; form-action 'none'
      content-type:
      - application/json; charset=utf-8
      etag:
      - W/"154ade857624349ba7a190e3e4e2fc42"
      link:
      - <http://localhost:3000/api/v1/admin/accounts?active=True&min_id=115045158144846374>;
        rel="prev"
      referrer-policy:
      - strict-origin-when-cross-origin
      server-timing:
      - cache_read.active_support;dur=0.24, sql.active_record;dur=5.57, cache_generate.active_support;dur=1.63,
        cache_write.active_support;dur=0.11, instantiation.active_record;dur=0.60,
        start_processing.action_controller;dur=0.00, cache_fetch_hit.active_support;dur=0.01,
        render.active_model_serializers;dur=11.82, process_action.action_controller;dur=57.86
      vary:
      - Authorization, Origin
      x-content-type-options:
      - nosniff
      x-frame-options:
      - SAMEORIGIN
      x-permitted-cross-domain-policies:
      - none
      x-ratelimit-limit:
      - '300'
      x-ratelimit-remaining:
      - '299'
      x-ratelimit-reset:
      - '2025-08-17T18:45:00.919228Z'
      x-request-id:
      - b29d1f43-2be6-41ca-b347-ee6dd98b8661
      x-runtime:
      - '0.081193'
      x-xss-protection:
      - '0'
    status:
      code: 200
      message: OK
- request:
    body: null
    headers:
      Accept:
      - '*/*'
      Accept-Encoding:
      - gzip, deflate, br
      Authorization:
      - Bearer __MASTODON_PY_TEST_ACCESS_TOKEN_2
      Connection:
      - keep-alive
      User-Agent:
      - tests/v311
    method: GET
    uri: http://localhost:3000/api/v1/accounts/verify_credentials
  response:
    body:
      string: '{"id":"115045157726281124","username":"admin","acct":"admin","display_name":"","locked":false,"bot":false,"discoverable":null,"indexable":false,"group":false,"created_at":"2025-08-17T00:00:00.000Z","note":"","url":"http://localhost:3000/@admin","uri":"http://localhost:3000/users/admin","avatar":"http://localhost:3000/avatars/original/missing.png","avatar_static":"http://localhost:3000/avatars/original/missing.png","header":"http://localhost:3000/headers/original/missing.png","header_static":"http://localhost:3000/headers/original/missing.png","followers_count":0,"following_count":0,"statuses_count":0,"last_status_at":"2025-08-17","hide_collections":null,"noindex":false,"source":{"privacy":"public","sensitive":false,"language":null,"note":"","fields":[],"follow_requests_count":0,"hide_collections":null,"discoverable":null,"indexable":false,"attribution_domains":[]},"emojis":[],"roles":[{"id":"3","name":"Owner","color":""}],"fields":[],"role":{"id":"3","name":"Owner","permissions":"1048575","color":"","highlighted":true}}'
    headers:
      Content-Length:
      - '1035'
      cache-control:
      - private, no-store
      content-security-policy:
      - default-src 'none'; frame-ancestors 'none'; form-action 'none'
      content-type:
      - application/json; charset=utf-8
      etag:
      - W/"02ada8f20e4f892be151e3c297ec09a9"
      referrer-policy:
      - strict-origin-when-cross-origin
      server-timing:
      - cache_read.active_support;dur=0.06, sql.active_record;dur=1.77, cache_generate.active_support;dur=1.54,
        cache_write.active_support;dur=0.45, instantiation.active_record;dur=0.32,
        start_processing.action_controller;dur=0.00, render.active_model_serializers;dur=5.55,
        process_action.action_controller;dur=32.28
      vary:
      - Authorization, Origin
      x-content-type-options:
      - nosniff
      x-frame-options:
      - SAMEORIGIN
      x-permitted-cross-domain-policies:
      - none
      x-ratelimit-limit:
      - '300'
      x-ratelimit-remaining:
      - '299'
      x-ratelimit-reset:
      - '2025-08-17T18:45:00.999385Z'
      x-request-id:
      - a4be9f74-e6b3-459d-861e-c70bb618b5cf
      x-runtime:
      - '0.050315'
      x-xss-protection:
      - '0'
    status:
      code: 200
      message: OK
- request:
    body: null
    headers:
      Accept:
      - '*/*'
      Accept-Encoding:
      - gzip, deflate, br
      Authorization:
      - Bearer __MASTODON_PY_TEST_ACCESS_TOKEN_2
      Connection:
      - keep-alive
      User-Agent:
      - tests/v311
    method: GET
    uri: http://localhost:3000/api/v1/admin/accounts/115045157726281124
  response:
    body:
      string: '{"id":"115045157726281124","username":"admin","domain":null,"created_at":"2025-08-17T16:56:34.353Z","email":"admin@localhost","ip":null,"confirmed":true,"suspended":false,"silenced":false,"sensitized":false,"disabled":false,"approved":true,"locale":null,"invite_request":null,"ips":[],"account":{"id":"115045157726281124","username":"admin","acct":"admin","display_name":"","locked":false,"bot":false,"discoverable":null,"indexable":false,"group":false,"created_at":"2025-08-17T00:00:00.000Z","note":"","url":"http://localhost:3000/@admin","uri":"http://localhost:3000/users/admin","avatar":"http://localhost:3000/avatars/original/missing.png","avatar_static":"http://localhost:3000/avatars/original/missing.png","header":"http://localhost:3000/headers/original/missing.png","header_static":"http://localhost:3000/headers/original/missing.png","followers_count":0,"following_count":0,"statuses_count":0,"last_status_at":"2025-08-17","hide_collections":null,"noindex":false,"emojis":[],"roles":[{"id":"3","name":"Owner","color":""}],"fields":[]},"role":{"id":"3","name":"Owner","permissions":"1048575","color":"","highlighted":true}}'
    headers:
      Content-Length:
      - '1132'
      cache-control:
      - private, no-store
      content-security-policy:
      - default-src 'none'; frame-ancestors 'none'; form-action 'none'
      content-type:
      - application/json; charset=utf-8
      etag:
      - W/"92fedea10d0ea17663104292ff2606e4"
      referrer-policy:
      - strict-origin-when-cross-origin
      server-timing:
      - cache_read.active_support;dur=0.05, sql.active_record;dur=4.57, cache_generate.active_support;dur=1.48,
        cache_write.active_support;dur=0.11, instantiation.active_record;dur=0.43,
        start_processing.action_controller;dur=0.03, render.active_model_serializers;dur=13.58,
        process_action.action_controller;dur=42.82
      vary:
      - Authorization, Origin
      x-content-type-options:
      - nosniff
      x-frame-options:
      - SAMEORIGIN
      x-permitted-cross-domain-policies:
      - none
      x-ratelimit-limit:
      - '300'
      x-ratelimit-remaining:
      - '299'
      x-ratelimit-reset:
      - '2025-08-17T18:45:00.078259Z'
      x-request-id:
      - 153099df-31a9-4921-9c96-051f710ce1de
      x-runtime:
      - '0.063165'
      x-xss-protection:
      - '0'
    status:
      code: 200
      message: OK
version: 1
