interactions:
- request:
    body: null
    headers:
      Accept:
      - '*/*'
      Accept-Encoding:
      - gzip, deflate, br
      Authorization:
      - Bearer __MASTODON_PY_TEST_ACCESS_TOKEN
      Connection:
      - keep-alive
      User-Agent:
      - tests/v311
    method: GET
    uri: http://localhost:3000/api/v1/accounts/verify_credentials
  response:
    body:
      string: '{"id":"115045158004229352","username":"mastodonpy_test","acct":"mastodonpy_test","display_name":"John
        Lennon","locked":true,"bot":false,"discoverable":null,"indexable":false,"group":false,"created_at":"2025-08-17T00:00:00.000Z","note":"\u003cp\u003eI
        walk funny\u003c/p\u003e","url":"http://localhost:3000/@mastodonpy_test","uri":"http://localhost:3000/users/mastodonpy_test","avatar":"http://localhost:3000/system/accounts/avatars/115/045/158/004/229/352/original/228aadcd9f964064.jpg","avatar_static":"http://localhost:3000/system/accounts/avatars/115/045/158/004/229/352/original/228aadcd9f964064.jpg","header":"http://localhost:3000/system/accounts/headers/115/045/158/004/229/352/original/75c82cb34a6eb173.jpg","header_static":"http://localhost:3000/system/accounts/headers/115/045/158/004/229/352/original/75c82cb34a6eb173.jpg","followers_count":0,"following_count":0,"statuses_count":1,"last_status_at":"2025-08-17","hide_collections":null,"noindex":false,"source":{"privacy":"public","sensitive":false,"language":null,"note":"I
        walk funny","fields":[{"name":"bread","value":"toasty.","verified_at":null},{"name":"lasagna","value":"no!!!","verified_at":null}],"follow_requests_count":0,"hide_collections":null,"discoverable":null,"indexable":false,"attribution_domains":["example.com","another-example.com"]},"emojis":[],"roles":[],"fields":[{"name":"bread","value":"toasty.","verified_at":null},{"name":"lasagna","value":"no!!!","verified_at":null}],"role":{"id":"-99","name":"","permissions":"65536","color":"","highlighted":false}}'
    headers:
      Content-Length:
      - '1541'
      cache-control:
      - private, no-store
      content-security-policy:
      - default-src 'none'; frame-ancestors 'none'; form-action 'none'
      content-type:
      - application/json; charset=utf-8
      etag:
      - W/"3b2be7ddf8d470c397710838f343b860"
      referrer-policy:
      - strict-origin-when-cross-origin
      server-timing:
      - cache_read.active_support;dur=0.05, sql.active_record;dur=1.25, cache_generate.active_support;dur=1.50,
        cache_write.active_support;dur=0.11, instantiation.active_record;dur=0.23,
        start_processing.action_controller;dur=0.00, render.active_model_serializers;dur=5.40,
        process_action.action_controller;dur=30.78
      vary:
      - Authorization, Origin
      x-content-type-options:
      - nosniff
      x-frame-options:
      - SAMEORIGIN
      x-permitted-cross-domain-policies:
      - none
      x-ratelimit-limit:
      - '300'
      x-ratelimit-remaining:
      - '299'
      x-ratelimit-reset:
      - '2025-08-17T18:45:00.976848Z'
      x-request-id:
      - ae4b6e7c-ce45-44f3-ad6f-a3237a1d5d41
      x-runtime:
      - '0.048721'
      x-xss-protection:
      - '0'
    status:
      code: 200
      message: OK
- request:
    body: status=%40mastodonpy_test+hey+how+you+doing+-+0%21&visibility=public
    headers:
      Accept:
      - '*/*'
      Accept-Encoding:
      - gzip, deflate, br
      Authorization:
      - Bearer __MASTODON_PY_TEST_ACCESS_TOKEN_2
      Connection:
      - keep-alive
      Content-Length:
      - '68'
      Content-Type:
      - application/x-www-form-urlencoded
      User-Agent:
      - tests/v311
    method: POST
    uri: http://localhost:3000/api/v1/statuses
  response:
    body:
      string: '{"id":"115045579689787323","created_at":"2025-08-17T18:43:53.062Z","in_reply_to_id":null,"in_reply_to_account_id":null,"sensitive":false,"spoiler_text":"","visibility":"public","language":"en","uri":"http://localhost:3000/users/admin/statuses/115045579689787323","url":"http://localhost:3000/@admin/115045579689787323","replies_count":0,"reblogs_count":0,"favourites_count":0,"edited_at":null,"favourited":false,"reblogged":false,"muted":false,"bookmarked":false,"pinned":false,"content":"\u003cp\u003e\u003cspan
        class=\"h-card\" translate=\"no\"\u003e\u003ca href=\"http://localhost:3000/@mastodonpy_test\"
        class=\"u-url mention\"\u003e@\u003cspan\u003emastodonpy_test\u003c/span\u003e\u003c/a\u003e\u003c/span\u003e
        hey how you doing - 0!\u003c/p\u003e","filtered":[],"reblog":null,"application":{"name":"Mastodon.py
        test suite","website":null},"account":{"id":"115045157726281124","username":"admin","acct":"admin","display_name":"","locked":false,"bot":false,"discoverable":null,"indexable":false,"group":false,"created_at":"2025-08-17T00:00:00.000Z","note":"","url":"http://localhost:3000/@admin","uri":"http://localhost:3000/users/admin","avatar":"http://localhost:3000/avatars/original/missing.png","avatar_static":"http://localhost:3000/avatars/original/missing.png","header":"http://localhost:3000/headers/original/missing.png","header_static":"http://localhost:3000/headers/original/missing.png","followers_count":0,"following_count":0,"statuses_count":1,"last_status_at":"2025-08-17","hide_collections":null,"noindex":false,"emojis":[],"roles":[{"id":"3","name":"Owner","color":""}],"fields":[]},"media_attachments":[],"mentions":[{"id":"115045158004229352","username":"mastodonpy_test","url":"http://localhost:3000/@mastodonpy_test","acct":"mastodonpy_test"}],"tags":[],"emojis":[],"quote":null,"card":null,"poll":null}'
    headers:
      Content-Length:
      - '1831'
      cache-control:
      - private, no-store
      content-security-policy:
      - default-src 'none'; frame-ancestors 'none'; form-action 'none'
      content-type:
      - application/json; charset=utf-8
      etag:
      - W/"91157fdc7594e19efa7673a956a6c8e9"
      referrer-policy:
      - strict-origin-when-cross-origin
      server-timing:
      - cache_read.active_support;dur=0.07, sql.active_record;dur=21.96, cache_generate.active_support;dur=3.41,
        cache_write.active_support;dur=0.16, instantiation.active_record;dur=0.65,
        start_processing.action_controller;dur=0.00, start_transaction.active_record;dur=0.01,
        transaction.active_record;dur=13.21, render.active_model_serializers;dur=15.36,
        process_action.action_controller;dur=78.22
      vary:
      - Authorization, Origin
      x-content-type-options:
      - nosniff
      x-frame-options:
      - SAMEORIGIN
      x-permitted-cross-domain-policies:
      - none
      x-ratelimit-limit:
      - '300'
      x-ratelimit-remaining:
      - '286'
      x-ratelimit-reset:
      - '2025-08-17T21:00:00.103727Z'
      x-request-id:
      - 9783d1b9-4bc4-4353-8986-607e4978cdf6
      x-runtime:
      - '0.095231'
      x-xss-protection:
      - '0'
    status:
      code: 200
      message: OK
- request:
    body: status=%40mastodonpy_test+hey+how+you+doing+-+1%21&visibility=public
    headers:
      Accept:
      - '*/*'
      Accept-Encoding:
      - gzip, deflate, br
      Authorization:
      - Bearer __MASTODON_PY_TEST_ACCESS_TOKEN_2
      Connection:
      - keep-alive
      Content-Length:
      - '68'
      Content-Type:
      - application/x-www-form-urlencoded
      User-Agent:
      - tests/v311
    method: POST
    uri: http://localhost:3000/api/v1/statuses
  response:
    body:
      string: '{"id":"115045579699044643","created_at":"2025-08-17T18:43:53.203Z","in_reply_to_id":null,"in_reply_to_account_id":null,"sensitive":false,"spoiler_text":"","visibility":"public","language":"en","uri":"http://localhost:3000/users/admin/statuses/115045579699044643","url":"http://localhost:3000/@admin/115045579699044643","replies_count":0,"reblogs_count":0,"favourites_count":0,"edited_at":null,"favourited":false,"reblogged":false,"muted":false,"bookmarked":false,"pinned":false,"content":"\u003cp\u003e\u003cspan
        class=\"h-card\" translate=\"no\"\u003e\u003ca href=\"http://localhost:3000/@mastodonpy_test\"
        class=\"u-url mention\"\u003e@\u003cspan\u003emastodonpy_test\u003c/span\u003e\u003c/a\u003e\u003c/span\u003e
        hey how you doing - 1!\u003c/p\u003e","filtered":[],"reblog":null,"application":{"name":"Mastodon.py
        test suite","website":null},"account":{"id":"115045157726281124","username":"admin","acct":"admin","display_name":"","locked":false,"bot":false,"discoverable":null,"indexable":false,"group":false,"created_at":"2025-08-17T00:00:00.000Z","note":"","url":"http://localhost:3000/@admin","uri":"http://localhost:3000/users/admin","avatar":"http://localhost:3000/avatars/original/missing.png","avatar_static":"http://localhost:3000/avatars/original/missing.png","header":"http://localhost:3000/headers/original/missing.png","header_static":"http://localhost:3000/headers/original/missing.png","followers_count":0,"following_count":0,"statuses_count":2,"last_status_at":"2025-08-17","hide_collections":null,"noindex":false,"emojis":[],"roles":[{"id":"3","name":"Owner","color":""}],"fields":[]},"media_attachments":[],"mentions":[{"id":"115045158004229352","username":"mastodonpy_test","url":"http://localhost:3000/@mastodonpy_test","acct":"mastodonpy_test"}],"tags":[],"emojis":[],"quote":null,"card":null,"poll":null}'
    headers:
      Content-Length:
      - '1831'
      cache-control:
      - private, no-store
      content-security-policy:
      - default-src 'none'; frame-ancestors 'none'; form-action 'none'
      content-type:
      - application/json; charset=utf-8
      etag:
      - W/"b64a524dffd03f678842801890ecf8b0"
      referrer-policy:
      - strict-origin-when-cross-origin
      server-timing:
      - cache_read.active_support;dur=0.08, sql.active_record;dur=17.31, cache_generate.active_support;dur=3.28,
        cache_write.active_support;dur=0.15, instantiation.active_record;dur=0.56,
        start_processing.action_controller;dur=0.00, start_transaction.active_record;dur=0.01,
        transaction.active_record;dur=12.41, render.active_model_serializers;dur=15.42,
        process_action.action_controller;dur=72.36
      vary:
      - Authorization, Origin
      x-content-type-options:
      - nosniff
      x-frame-options:
      - SAMEORIGIN
      x-permitted-cross-domain-policies:
      - none
      x-ratelimit-limit:
      - '300'
      x-ratelimit-remaining:
      - '285'
      x-ratelimit-reset:
      - '2025-08-17T21:00:00.238256Z'
      x-request-id:
      - ccf1cedc-92ce-4af2-8534-bd5bca52e4d2
      x-runtime:
      - '0.091422'
      x-xss-protection:
      - '0'
    status:
      code: 200
      message: OK
- request:
    body: status=%40mastodonpy_test+hey+how+you+doing+-+2%21&visibility=public
    headers:
      Accept:
      - '*/*'
      Accept-Encoding:
      - gzip, deflate, br
      Authorization:
      - Bearer __MASTODON_PY_TEST_ACCESS_TOKEN_2
      Connection:
      - keep-alive
      Content-Length:
      - '68'
      Content-Type:
      - application/x-www-form-urlencoded
      User-Agent:
      - tests/v311
    method: POST
    uri: http://localhost:3000/api/v1/statuses
  response:
    body:
      string: '{"id":"115045579707920933","created_at":"2025-08-17T18:43:53.339Z","in_reply_to_id":null,"in_reply_to_account_id":null,"sensitive":false,"spoiler_text":"","visibility":"public","language":"en","uri":"http://localhost:3000/users/admin/statuses/115045579707920933","url":"http://localhost:3000/@admin/115045579707920933","replies_count":0,"reblogs_count":0,"favourites_count":0,"edited_at":null,"favourited":false,"reblogged":false,"muted":false,"bookmarked":false,"pinned":false,"content":"\u003cp\u003e\u003cspan
        class=\"h-card\" translate=\"no\"\u003e\u003ca href=\"http://localhost:3000/@mastodonpy_test\"
        class=\"u-url mention\"\u003e@\u003cspan\u003emastodonpy_test\u003c/span\u003e\u003c/a\u003e\u003c/span\u003e
        hey how you doing - 2!\u003c/p\u003e","filtered":[],"reblog":null,"application":{"name":"Mastodon.py
        test suite","website":null},"account":{"id":"115045157726281124","username":"admin","acct":"admin","display_name":"","locked":false,"bot":false,"discoverable":null,"indexable":false,"group":false,"created_at":"2025-08-17T00:00:00.000Z","note":"","url":"http://localhost:3000/@admin","uri":"http://localhost:3000/users/admin","avatar":"http://localhost:3000/avatars/original/missing.png","avatar_static":"http://localhost:3000/avatars/original/missing.png","header":"http://localhost:3000/headers/original/missing.png","header_static":"http://localhost:3000/headers/original/missing.png","followers_count":0,"following_count":0,"statuses_count":3,"last_status_at":"2025-08-17","hide_collections":null,"noindex":false,"emojis":[],"roles":[{"id":"3","name":"Owner","color":""}],"fields":[]},"media_attachments":[],"mentions":[{"id":"115045158004229352","username":"mastodonpy_test","url":"http://localhost:3000/@mastodonpy_test","acct":"mastodonpy_test"}],"tags":[],"emojis":[],"quote":null,"card":null,"poll":null}'
    headers:
      Content-Length:
      - '1831'
      cache-control:
      - private, no-store
      content-security-policy:
      - default-src 'none'; frame-ancestors 'none'; form-action 'none'
      content-type:
      - application/json; charset=utf-8
      etag:
      - W/"ce30ccebf54c5ffc10355d02bccf1f3a"
      referrer-policy:
      - strict-origin-when-cross-origin
      server-timing:
      - cache_read.active_support;dur=0.07, sql.active_record;dur=16.30, cache_generate.active_support;dur=3.39,
        cache_write.active_support;dur=0.17, instantiation.active_record;dur=0.52,
        start_processing.action_controller;dur=0.00, start_transaction.active_record;dur=0.01,
        transaction.active_record;dur=12.20, render.active_model_serializers;dur=13.29,
        process_action.action_controller;dur=67.85
      vary:
      - Authorization, Origin
      x-content-type-options:
      - nosniff
      x-frame-options:
      - SAMEORIGIN
      x-permitted-cross-domain-policies:
      - none
      x-ratelimit-limit:
      - '300'
      x-ratelimit-remaining:
      - '284'
      x-ratelimit-reset:
      - '2025-08-17T21:00:00.370037Z'
      x-request-id:
      - 712fc62d-e082-4845-8af0-48ab2d8c97b2
      x-runtime:
      - '0.088376'
      x-xss-protection:
      - '0'
    status:
      code: 200
      message: OK
- request:
    body: status=%40mastodonpy_test+hey+how+you+doing+-+3%21&visibility=public
    headers:
      Accept:
      - '*/*'
      Accept-Encoding:
      - gzip, deflate, br
      Authorization:
      - Bearer __MASTODON_PY_TEST_ACCESS_TOKEN_2
      Connection:
      - keep-alive
      Content-Length:
      - '68'
      Content-Type:
      - application/x-www-form-urlencoded
      User-Agent:
      - tests/v311
    method: POST
    uri: http://localhost:3000/api/v1/statuses
  response:
    body:
      string: '{"id":"115045579715866703","created_at":"2025-08-17T18:43:53.459Z","in_reply_to_id":null,"in_reply_to_account_id":null,"sensitive":false,"spoiler_text":"","visibility":"public","language":"en","uri":"http://localhost:3000/users/admin/statuses/115045579715866703","url":"http://localhost:3000/@admin/115045579715866703","replies_count":0,"reblogs_count":0,"favourites_count":0,"edited_at":null,"favourited":false,"reblogged":false,"muted":false,"bookmarked":false,"pinned":false,"content":"\u003cp\u003e\u003cspan
        class=\"h-card\" translate=\"no\"\u003e\u003ca href=\"http://localhost:3000/@mastodonpy_test\"
        class=\"u-url mention\"\u003e@\u003cspan\u003emastodonpy_test\u003c/span\u003e\u003c/a\u003e\u003c/span\u003e
        hey how you doing - 3!\u003c/p\u003e","filtered":[],"reblog":null,"application":{"name":"Mastodon.py
        test suite","website":null},"account":{"id":"115045157726281124","username":"admin","acct":"admin","display_name":"","locked":false,"bot":false,"discoverable":null,"indexable":false,"group":false,"created_at":"2025-08-17T00:00:00.000Z","note":"","url":"http://localhost:3000/@admin","uri":"http://localhost:3000/users/admin","avatar":"http://localhost:3000/avatars/original/missing.png","avatar_static":"http://localhost:3000/avatars/original/missing.png","header":"http://localhost:3000/headers/original/missing.png","header_static":"http://localhost:3000/headers/original/missing.png","followers_count":0,"following_count":0,"statuses_count":4,"last_status_at":"2025-08-17","hide_collections":null,"noindex":false,"emojis":[],"roles":[{"id":"3","name":"Owner","color":""}],"fields":[]},"media_attachments":[],"mentions":[{"id":"115045158004229352","username":"mastodonpy_test","url":"http://localhost:3000/@mastodonpy_test","acct":"mastodonpy_test"}],"tags":[],"emojis":[],"quote":null,"card":null,"poll":null}'
    headers:
      Content-Length:
      - '1831'
      cache-control:
      - private, no-store
      content-security-policy:
      - default-src 'none'; frame-ancestors 'none'; form-action 'none'
      content-type:
      - application/json; charset=utf-8
      etag:
      - W/"d614d21ac0008aa04022281178f105dc"
      referrer-policy:
      - strict-origin-when-cross-origin
      server-timing:
      - cache_read.active_support;dur=0.07, sql.active_record;dur=16.42, cache_generate.active_support;dur=3.03,
        cache_write.active_support;dur=0.14, instantiation.active_record;dur=0.55,
        start_processing.action_controller;dur=0.00, start_transaction.active_record;dur=0.01,
        transaction.active_record;dur=11.20, render.active_model_serializers;dur=12.98,
        process_action.action_controller;dur=66.53
      vary:
      - Authorization, Origin
      x-content-type-options:
      - nosniff
      x-frame-options:
      - SAMEORIGIN
      x-permitted-cross-domain-policies:
      - none
      x-ratelimit-limit:
      - '300'
      x-ratelimit-remaining:
      - '283'
      x-ratelimit-reset:
      - '2025-08-17T21:00:00.491241Z'
      x-request-id:
      - 0e66d75d-071a-4caf-a61b-d302f110b2c3
      x-runtime:
      - '0.083496'
      x-xss-protection:
      - '0'
    status:
      code: 200
      message: OK
- request:
    body: status=%40mastodonpy_test+hey+how+you+doing+-+4%21&visibility=public
    headers:
      Accept:
      - '*/*'
      Accept-Encoding:
      - gzip, deflate, br
      Authorization:
      - Bearer __MASTODON_PY_TEST_ACCESS_TOKEN_2
      Connection:
      - keep-alive
      Content-Length:
      - '68'
      Content-Type:
      - application/x-www-form-urlencoded
      User-Agent:
      - tests/v311
    method: POST
    uri: http://localhost:3000/api/v1/statuses
  response:
    body:
      string: '{"id":"115045579724539312","created_at":"2025-08-17T18:43:53.591Z","in_reply_to_id":null,"in_reply_to_account_id":null,"sensitive":false,"spoiler_text":"","visibility":"public","language":"en","uri":"http://localhost:3000/users/admin/statuses/115045579724539312","url":"http://localhost:3000/@admin/115045579724539312","replies_count":0,"reblogs_count":0,"favourites_count":0,"edited_at":null,"favourited":false,"reblogged":false,"muted":false,"bookmarked":false,"pinned":false,"content":"\u003cp\u003e\u003cspan
        class=\"h-card\" translate=\"no\"\u003e\u003ca href=\"http://localhost:3000/@mastodonpy_test\"
        class=\"u-url mention\"\u003e@\u003cspan\u003emastodonpy_test\u003c/span\u003e\u003c/a\u003e\u003c/span\u003e
        hey how you doing - 4!\u003c/p\u003e","filtered":[],"reblog":null,"application":{"name":"Mastodon.py
        test suite","website":null},"account":{"id":"115045157726281124","username":"admin","acct":"admin","display_name":"","locked":false,"bot":false,"discoverable":null,"indexable":false,"group":false,"created_at":"2025-08-17T00:00:00.000Z","note":"","url":"http://localhost:3000/@admin","uri":"http://localhost:3000/users/admin","avatar":"http://localhost:3000/avatars/original/missing.png","avatar_static":"http://localhost:3000/avatars/original/missing.png","header":"http://localhost:3000/headers/original/missing.png","header_static":"http://localhost:3000/headers/original/missing.png","followers_count":0,"following_count":0,"statuses_count":5,"last_status_at":"2025-08-17","hide_collections":null,"noindex":false,"emojis":[],"roles":[{"id":"3","name":"Owner","color":""}],"fields":[]},"media_attachments":[],"mentions":[{"id":"115045158004229352","username":"mastodonpy_test","url":"http://localhost:3000/@mastodonpy_test","acct":"mastodonpy_test"}],"tags":[],"emojis":[],"quote":null,"card":null,"poll":null}'
    headers:
      Content-Length:
      - '1831'
      cache-control:
      - private, no-store
      content-security-policy:
      - default-src 'none'; frame-ancestors 'none'; form-action 'none'
      content-type:
      - application/json; charset=utf-8
      etag:
      - W/"453642a907658e0a76b44e25e5830599"
      referrer-policy:
      - strict-origin-when-cross-origin
      server-timing:
      - cache_read.active_support;dur=0.08, sql.active_record;dur=16.94, cache_generate.active_support;dur=6.11,
        cache_write.active_support;dur=0.15, instantiation.active_record;dur=0.61,
        start_processing.action_controller;dur=0.00, start_transaction.active_record;dur=0.01,
        transaction.active_record;dur=11.25, render.active_model_serializers;dur=14.66,
        process_action.action_controller;dur=68.87
      vary:
      - Authorization, Origin
      x-content-type-options:
      - nosniff
      x-frame-options:
      - SAMEORIGIN
      x-permitted-cross-domain-policies:
      - none
      x-ratelimit-limit:
      - '300'
      x-ratelimit-remaining:
      - '282'
      x-ratelimit-reset:
      - '2025-08-17T21:00:00.624383Z'
      x-request-id:
      - e6c0c3fb-ea0c-4825-beea-9f8f35363b41
      x-runtime:
      - '0.089815'
      x-xss-protection:
      - '0'
    status:
      code: 200
      message: OK
- request:
    body: status=%40mastodonpy_test+hey+how+you+doing+-+5%21&visibility=public
    headers:
      Accept:
      - '*/*'
      Accept-Encoding:
      - gzip, deflate, br
      Authorization:
      - Bearer __MASTODON_PY_TEST_ACCESS_TOKEN_2
      Connection:
      - keep-alive
      Content-Length:
      - '68'
      Content-Type:
      - application/x-www-form-urlencoded
      User-Agent:
      - tests/v311
    method: POST
    uri: http://localhost:3000/api/v1/statuses
  response:
    body:
      string: '{"id":"115045579732999853","created_at":"2025-08-17T18:43:53.720Z","in_reply_to_id":null,"in_reply_to_account_id":null,"sensitive":false,"spoiler_text":"","visibility":"public","language":"en","uri":"http://localhost:3000/users/admin/statuses/115045579732999853","url":"http://localhost:3000/@admin/115045579732999853","replies_count":0,"reblogs_count":0,"favourites_count":0,"edited_at":null,"favourited":false,"reblogged":false,"muted":false,"bookmarked":false,"pinned":false,"content":"\u003cp\u003e\u003cspan
        class=\"h-card\" translate=\"no\"\u003e\u003ca href=\"http://localhost:3000/@mastodonpy_test\"
        class=\"u-url mention\"\u003e@\u003cspan\u003emastodonpy_test\u003c/span\u003e\u003c/a\u003e\u003c/span\u003e
        hey how you doing - 5!\u003c/p\u003e","filtered":[],"reblog":null,"application":{"name":"Mastodon.py
        test suite","website":null},"account":{"id":"115045157726281124","username":"admin","acct":"admin","display_name":"","locked":false,"bot":false,"discoverable":null,"indexable":false,"group":false,"created_at":"2025-08-17T00:00:00.000Z","note":"","url":"http://localhost:3000/@admin","uri":"http://localhost:3000/users/admin","avatar":"http://localhost:3000/avatars/original/missing.png","avatar_static":"http://localhost:3000/avatars/original/missing.png","header":"http://localhost:3000/headers/original/missing.png","header_static":"http://localhost:3000/headers/original/missing.png","followers_count":0,"following_count":0,"statuses_count":6,"last_status_at":"2025-08-17","hide_collections":null,"noindex":false,"emojis":[],"roles":[{"id":"3","name":"Owner","color":""}],"fields":[]},"media_attachments":[],"mentions":[{"id":"115045158004229352","username":"mastodonpy_test","url":"http://localhost:3000/@mastodonpy_test","acct":"mastodonpy_test"}],"tags":[],"emojis":[],"quote":null,"card":null,"poll":null}'
    headers:
      Content-Length:
      - '1831'
      cache-control:
      - private, no-store
      content-security-policy:
      - default-src 'none'; frame-ancestors 'none'; form-action 'none'
      content-type:
      - application/json; charset=utf-8
      etag:
      - W/"b7113ef8ad675199cd721537a5e79b81"
      referrer-policy:
      - strict-origin-when-cross-origin
      server-timing:
      - cache_read.active_support;dur=0.07, sql.active_record;dur=16.82, cache_generate.active_support;dur=3.21,
        cache_write.active_support;dur=0.16, instantiation.active_record;dur=0.53,
        start_processing.action_controller;dur=0.00, start_transaction.active_record;dur=0.01,
        transaction.active_record;dur=11.78, render.active_model_serializers;dur=13.05,
        process_action.action_controller;dur=67.07
      vary:
      - Authorization, Origin
      x-content-type-options:
      - nosniff
      x-frame-options:
      - SAMEORIGIN
      x-permitted-cross-domain-policies:
      - none
      x-ratelimit-limit:
      - '300'
      x-ratelimit-remaining:
      - '281'
      x-ratelimit-reset:
      - '2025-08-17T21:00:00.752394Z'
      x-request-id:
      - dcf6f8a7-6782-41aa-afa2-fdf65ffecdac
      x-runtime:
      - '0.084872'
      x-xss-protection:
      - '0'
    status:
      code: 200
      message: OK
- request:
    body: status=%40mastodonpy_test+hey+how+you+doing+-+6%21&visibility=public
    headers:
      Accept:
      - '*/*'
      Accept-Encoding:
      - gzip, deflate, br
      Authorization:
      - Bearer __MASTODON_PY_TEST_ACCESS_TOKEN_2
      Connection:
      - keep-alive
      Content-Length:
      - '68'
      Content-Type:
      - application/x-www-form-urlencoded
      User-Agent:
      - tests/v311
    method: POST
    uri: http://localhost:3000/api/v1/statuses
  response:
    body:
      string: '{"id":"115045579741647445","created_at":"2025-08-17T18:43:53.852Z","in_reply_to_id":null,"in_reply_to_account_id":null,"sensitive":false,"spoiler_text":"","visibility":"public","language":"en","uri":"http://localhost:3000/users/admin/statuses/115045579741647445","url":"http://localhost:3000/@admin/115045579741647445","replies_count":0,"reblogs_count":0,"favourites_count":0,"edited_at":null,"favourited":false,"reblogged":false,"muted":false,"bookmarked":false,"pinned":false,"content":"\u003cp\u003e\u003cspan
        class=\"h-card\" translate=\"no\"\u003e\u003ca href=\"http://localhost:3000/@mastodonpy_test\"
        class=\"u-url mention\"\u003e@\u003cspan\u003emastodonpy_test\u003c/span\u003e\u003c/a\u003e\u003c/span\u003e
        hey how you doing - 6!\u003c/p\u003e","filtered":[],"reblog":null,"application":{"name":"Mastodon.py
        test suite","website":null},"account":{"id":"115045157726281124","username":"admin","acct":"admin","display_name":"","locked":false,"bot":false,"discoverable":null,"indexable":false,"group":false,"created_at":"2025-08-17T00:00:00.000Z","note":"","url":"http://localhost:3000/@admin","uri":"http://localhost:3000/users/admin","avatar":"http://localhost:3000/avatars/original/missing.png","avatar_static":"http://localhost:3000/avatars/original/missing.png","header":"http://localhost:3000/headers/original/missing.png","header_static":"http://localhost:3000/headers/original/missing.png","followers_count":0,"following_count":0,"statuses_count":7,"last_status_at":"2025-08-17","hide_collections":null,"noindex":false,"emojis":[],"roles":[{"id":"3","name":"Owner","color":""}],"fields":[]},"media_attachments":[],"mentions":[{"id":"115045158004229352","username":"mastodonpy_test","url":"http://localhost:3000/@mastodonpy_test","acct":"mastodonpy_test"}],"tags":[],"emojis":[],"quote":null,"card":null,"poll":null}'
    headers:
      Content-Length:
      - '1831'
      cache-control:
      - private, no-store
      content-security-policy:
      - default-src 'none'; frame-ancestors 'none'; form-action 'none'
      content-type:
      - application/json; charset=utf-8
      etag:
      - W/"ff28cd55050a99dd1097c12b5fd24bf0"
      referrer-policy:
      - strict-origin-when-cross-origin
      server-timing:
      - cache_read.active_support;dur=0.07, sql.active_record;dur=16.77, cache_generate.active_support;dur=3.16,
        cache_write.active_support;dur=0.13, instantiation.active_record;dur=0.55,
        start_processing.action_controller;dur=0.00, start_transaction.active_record;dur=0.01,
        transaction.active_record;dur=11.54, render.active_model_serializers;dur=13.78,
        process_action.action_controller;dur=69.15
      vary:
      - Authorization, Origin
      x-content-type-options:
      - nosniff
      x-frame-options:
      - SAMEORIGIN
      x-permitted-cross-domain-policies:
      - none
      x-ratelimit-limit:
      - '300'
      x-ratelimit-remaining:
      - '280'
      x-ratelimit-reset:
      - '2025-08-17T21:00:00.885747Z'
      x-request-id:
      - 3fc8fc37-89f5-4828-b292-67d45629ed8c
      x-runtime:
      - '0.086592'
      x-xss-protection:
      - '0'
    status:
      code: 200
      message: OK
- request:
    body: status=%40mastodonpy_test+hey+how+you+doing+-+7%21&visibility=public
    headers:
      Accept:
      - '*/*'
      Accept-Encoding:
      - gzip, deflate, br
      Authorization:
      - Bearer __MASTODON_PY_TEST_ACCESS_TOKEN_2
      Connection:
      - keep-alive
      Content-Length:
      - '68'
      Content-Type:
      - application/x-www-form-urlencoded
      User-Agent:
      - tests/v311
    method: POST
    uri: http://localhost:3000/api/v1/statuses
  response:
    body:
      string: '{"id":"115045579750989022","created_at":"2025-08-17T18:43:53.997Z","in_reply_to_id":null,"in_reply_to_account_id":null,"sensitive":false,"spoiler_text":"","visibility":"public","language":"en","uri":"http://localhost:3000/users/admin/statuses/115045579750989022","url":"http://localhost:3000/@admin/115045579750989022","replies_count":0,"reblogs_count":0,"favourites_count":0,"edited_at":null,"favourited":false,"reblogged":false,"muted":false,"bookmarked":false,"pinned":false,"content":"\u003cp\u003e\u003cspan
        class=\"h-card\" translate=\"no\"\u003e\u003ca href=\"http://localhost:3000/@mastodonpy_test\"
        class=\"u-url mention\"\u003e@\u003cspan\u003emastodonpy_test\u003c/span\u003e\u003c/a\u003e\u003c/span\u003e
        hey how you doing - 7!\u003c/p\u003e","filtered":[],"reblog":null,"application":{"name":"Mastodon.py
        test suite","website":null},"account":{"id":"115045157726281124","username":"admin","acct":"admin","display_name":"","locked":false,"bot":false,"discoverable":null,"indexable":false,"group":false,"created_at":"2025-08-17T00:00:00.000Z","note":"","url":"http://localhost:3000/@admin","uri":"http://localhost:3000/users/admin","avatar":"http://localhost:3000/avatars/original/missing.png","avatar_static":"http://localhost:3000/avatars/original/missing.png","header":"http://localhost:3000/headers/original/missing.png","header_static":"http://localhost:3000/headers/original/missing.png","followers_count":0,"following_count":0,"statuses_count":8,"last_status_at":"2025-08-17","hide_collections":null,"noindex":false,"emojis":[],"roles":[{"id":"3","name":"Owner","color":""}],"fields":[]},"media_attachments":[],"mentions":[{"id":"115045158004229352","username":"mastodonpy_test","url":"http://localhost:3000/@mastodonpy_test","acct":"mastodonpy_test"}],"tags":[],"emojis":[],"quote":null,"card":null,"poll":null}'
    headers:
      Content-Length:
      - '1831'
      cache-control:
      - private, no-store
      content-security-policy:
      - default-src 'none'; frame-ancestors 'none'; form-action 'none'
      content-type:
      - application/json; charset=utf-8
      etag:
      - W/"25812e8f114985b69c8ae175dcfbe69d"
      referrer-policy:
      - strict-origin-when-cross-origin
      server-timing:
      - cache_read.active_support;dur=0.09, sql.active_record;dur=20.08, cache_generate.active_support;dur=4.33,
        cache_write.active_support;dur=0.23, instantiation.active_record;dur=0.91,
        start_processing.action_controller;dur=0.00, start_transaction.active_record;dur=0.01,
        transaction.active_record;dur=15.49, render.active_model_serializers;dur=19.55,
        process_action.action_controller;dur=84.15
      vary:
      - Authorization, Origin
      x-content-type-options:
      - nosniff
      x-frame-options:
      - SAMEORIGIN
      x-permitted-cross-domain-policies:
      - none
      x-ratelimit-limit:
      - '300'
      x-ratelimit-remaining:
      - '279'
      x-ratelimit-reset:
      - '2025-08-17T21:00:00.040249Z'
      x-request-id:
      - bad38c00-e544-4d0d-bf5b-9f5235907c81
      x-runtime:
      - '0.111532'
      x-xss-protection:
      - '0'
    status:
      code: 200
      message: OK
- request:
    body: status=%40mastodonpy_test+hey+how+you+doing+-+8%21&visibility=public
    headers:
      Accept:
      - '*/*'
      Accept-Encoding:
      - gzip, deflate, br
      Authorization:
      - Bearer __MASTODON_PY_TEST_ACCESS_TOKEN_2
      Connection:
      - keep-alive
      Content-Length:
      - '68'
      Content-Type:
      - application/x-www-form-urlencoded
      User-Agent:
      - tests/v311
    method: POST
    uri: http://localhost:3000/api/v1/statuses
  response:
    body:
      string: '{"id":"115045579761175873","created_at":"2025-08-17T18:43:54.151Z","in_reply_to_id":null,"in_reply_to_account_id":null,"sensitive":false,"spoiler_text":"","visibility":"public","language":"en","uri":"http://localhost:3000/users/admin/statuses/115045579761175873","url":"http://localhost:3000/@admin/115045579761175873","replies_count":0,"reblogs_count":0,"favourites_count":0,"edited_at":null,"favourited":false,"reblogged":false,"muted":false,"bookmarked":false,"pinned":false,"content":"\u003cp\u003e\u003cspan
        class=\"h-card\" translate=\"no\"\u003e\u003ca href=\"http://localhost:3000/@mastodonpy_test\"
        class=\"u-url mention\"\u003e@\u003cspan\u003emastodonpy_test\u003c/span\u003e\u003c/a\u003e\u003c/span\u003e
        hey how you doing - 8!\u003c/p\u003e","filtered":[],"reblog":null,"application":{"name":"Mastodon.py
        test suite","website":null},"account":{"id":"115045157726281124","username":"admin","acct":"admin","display_name":"","locked":false,"bot":false,"discoverable":null,"indexable":false,"group":false,"created_at":"2025-08-17T00:00:00.000Z","note":"","url":"http://localhost:3000/@admin","uri":"http://localhost:3000/users/admin","avatar":"http://localhost:3000/avatars/original/missing.png","avatar_static":"http://localhost:3000/avatars/original/missing.png","header":"http://localhost:3000/headers/original/missing.png","header_static":"http://localhost:3000/headers/original/missing.png","followers_count":0,"following_count":0,"statuses_count":9,"last_status_at":"2025-08-17","hide_collections":null,"noindex":false,"emojis":[],"roles":[{"id":"3","name":"Owner","color":""}],"fields":[]},"media_attachments":[],"mentions":[{"id":"115045158004229352","username":"mastodonpy_test","url":"http://localhost:3000/@mastodonpy_test","acct":"mastodonpy_test"}],"tags":[],"emojis":[],"quote":null,"card":null,"poll":null}'
    headers:
      Content-Length:
      - '1831'
      cache-control:
      - private, no-store
      content-security-policy:
      - default-src 'none'; frame-ancestors 'none'; form-action 'none'
      content-type:
      - application/json; charset=utf-8
      etag:
      - W/"c7b002bfb26e3bc01f213a359a4717ae"
      referrer-policy:
      - strict-origin-when-cross-origin
      server-timing:
      - cache_read.active_support;dur=0.15, sql.active_record;dur=21.38, cache_generate.active_support;dur=5.06,
        cache_write.active_support;dur=0.20, instantiation.active_record;dur=1.10,
        start_processing.action_controller;dur=0.00, start_transaction.active_record;dur=0.01,
        transaction.active_record;dur=15.51, render.active_model_serializers;dur=22.70,
        process_action.action_controller;dur=92.90
      vary:
      - Authorization, Origin
      x-content-type-options:
      - nosniff
      x-frame-options:
      - SAMEORIGIN
      x-permitted-cross-domain-policies:
      - none
      x-ratelimit-limit:
      - '300'
      x-ratelimit-remaining:
      - '278'
      x-ratelimit-reset:
      - '2025-08-17T21:00:00.199265Z'
      x-request-id:
      - 309c15a3-1653-4abf-890d-020eec38b935
      x-runtime:
      - '0.114695'
      x-xss-protection:
      - '0'
    status:
      code: 200
      message: OK
- request:
    body: status=%40mastodonpy_test+hey+how+you+doing+-+9%21&visibility=public
    headers:
      Accept:
      - '*/*'
      Accept-Encoding:
      - gzip, deflate, br
      Authorization:
      - Bearer __MASTODON_PY_TEST_ACCESS_TOKEN_2
      Connection:
      - keep-alive
      Content-Length:
      - '68'
      Content-Type:
      - application/x-www-form-urlencoded
      User-Agent:
      - tests/v311
    method: POST
    uri: http://localhost:3000/api/v1/statuses
  response:
    body:
      string: '{"id":"115045579770736880","created_at":"2025-08-17T18:43:54.296Z","in_reply_to_id":null,"in_reply_to_account_id":null,"sensitive":false,"spoiler_text":"","visibility":"public","language":"en","uri":"http://localhost:3000/users/admin/statuses/115045579770736880","url":"http://localhost:3000/@admin/115045579770736880","replies_count":0,"reblogs_count":0,"favourites_count":0,"edited_at":null,"favourited":false,"reblogged":false,"muted":false,"bookmarked":false,"pinned":false,"content":"\u003cp\u003e\u003cspan
        class=\"h-card\" translate=\"no\"\u003e\u003ca href=\"http://localhost:3000/@mastodonpy_test\"
        class=\"u-url mention\"\u003e@\u003cspan\u003emastodonpy_test\u003c/span\u003e\u003c/a\u003e\u003c/span\u003e
        hey how you doing - 9!\u003c/p\u003e","filtered":[],"reblog":null,"application":{"name":"Mastodon.py
        test suite","website":null},"account":{"id":"115045157726281124","username":"admin","acct":"admin","display_name":"","locked":false,"bot":false,"discoverable":null,"indexable":false,"group":false,"created_at":"2025-08-17T00:00:00.000Z","note":"","url":"http://localhost:3000/@admin","uri":"http://localhost:3000/users/admin","avatar":"http://localhost:3000/avatars/original/missing.png","avatar_static":"http://localhost:3000/avatars/original/missing.png","header":"http://localhost:3000/headers/original/missing.png","header_static":"http://localhost:3000/headers/original/missing.png","followers_count":0,"following_count":0,"statuses_count":10,"last_status_at":"2025-08-17","hide_collections":null,"noindex":false,"emojis":[],"roles":[{"id":"3","name":"Owner","color":""}],"fields":[]},"media_attachments":[],"mentions":[{"id":"115045158004229352","username":"mastodonpy_test","url":"http://localhost:3000/@mastodonpy_test","acct":"mastodonpy_test"}],"tags":[],"emojis":[],"quote":null,"card":null,"poll":null}'
    headers:
      Content-Length:
      - '1832'
      cache-control:
      - private, no-store
      content-security-policy:
      - default-src 'none'; frame-ancestors 'none'; form-action 'none'
      content-type:
      - application/json; charset=utf-8
      etag:
      - W/"a99af43cec6cfd2f55c6ca3f700bf061"
      referrer-policy:
      - strict-origin-when-cross-origin
      server-timing:
      - cache_read.active_support;dur=0.08, sql.active_record;dur=17.01, cache_generate.active_support;dur=3.20,
        cache_write.active_support;dur=0.16, instantiation.active_record;dur=0.66,
        start_processing.action_controller;dur=0.00, start_transaction.active_record;dur=0.01,
        transaction.active_record;dur=12.48, render.active_model_serializers;dur=15.80,
        process_action.action_controller;dur=71.96
      vary:
      - Authorization, Origin
      x-content-type-options:
      - nosniff
      x-frame-options:
      - SAMEORIGIN
      x-permitted-cross-domain-policies:
      - none
      x-ratelimit-limit:
      - '300'
      x-ratelimit-remaining:
      - '277'
      x-ratelimit-reset:
      - '2025-08-17T21:00:00.331624Z'
      x-request-id:
      - e3ace24b-0758-4286-bfb0-2ce59dd75d2e
      x-runtime:
      - '0.090000'
      x-xss-protection:
      - '0'
    status:
      code: 200
      message: OK
- request:
    body: null
    headers:
      Accept:
      - '*/*'
      Accept-Encoding:
      - gzip, deflate, br
      Authorization:
      - Bearer __MASTODON_PY_TEST_ACCESS_TOKEN
      Connection:
      - keep-alive
      User-Agent:
      - tests/v311
    method: GET
    uri: http://localhost:3000/api/v2/notifications?limit=5&expand_accounts=full
  response:
    body:
      string: '{"accounts":[{"id":"115045157726281124","username":"admin","acct":"admin","display_name":"","locked":false,"bot":false,"discoverable":null,"indexable":false,"group":false,"created_at":"2025-08-17T00:00:00.000Z","note":"","url":"http://localhost:3000/@admin","uri":"http://localhost:3000/users/admin","avatar":"http://localhost:3000/avatars/original/missing.png","avatar_static":"http://localhost:3000/avatars/original/missing.png","header":"http://localhost:3000/headers/original/missing.png","header_static":"http://localhost:3000/headers/original/missing.png","followers_count":0,"following_count":0,"statuses_count":10,"last_status_at":"2025-08-17","hide_collections":null,"noindex":false,"emojis":[],"roles":[{"id":"3","name":"Owner","color":""}],"fields":[]}],"statuses":[{"id":"115045579770736880","created_at":"2025-08-17T18:43:54.296Z","in_reply_to_id":null,"in_reply_to_account_id":null,"sensitive":false,"spoiler_text":"","visibility":"public","language":"en","uri":"http://localhost:3000/users/admin/statuses/115045579770736880","url":"http://localhost:3000/@admin/115045579770736880","replies_count":0,"reblogs_count":0,"favourites_count":0,"edited_at":null,"favourited":false,"reblogged":false,"muted":false,"bookmarked":false,"content":"\u003cp\u003e\u003cspan
        class=\"h-card\" translate=\"no\"\u003e\u003ca href=\"http://localhost:3000/@mastodonpy_test\"
        class=\"u-url mention\"\u003e@\u003cspan\u003emastodonpy_test\u003c/span\u003e\u003c/a\u003e\u003c/span\u003e
        hey how you doing - 9!\u003c/p\u003e","filtered":[],"reblog":null,"application":{"name":"Mastodon.py
        test suite","website":null},"account":{"id":"115045157726281124","username":"admin","acct":"admin","display_name":"","locked":false,"bot":false,"discoverable":null,"indexable":false,"group":false,"created_at":"2025-08-17T00:00:00.000Z","note":"","url":"http://localhost:3000/@admin","uri":"http://localhost:3000/users/admin","avatar":"http://localhost:3000/avatars/original/missing.png","avatar_static":"http://localhost:3000/avatars/original/missing.png","header":"http://localhost:3000/headers/original/missing.png","header_static":"http://localhost:3000/headers/original/missing.png","followers_count":0,"following_count":0,"statuses_count":10,"last_status_at":"2025-08-17","hide_collections":null,"noindex":false,"emojis":[],"roles":[{"id":"3","name":"Owner","color":""}],"fields":[]},"media_attachments":[],"mentions":[{"id":"115045158004229352","username":"mastodonpy_test","url":"http://localhost:3000/@mastodonpy_test","acct":"mastodonpy_test"}],"tags":[],"emojis":[],"quote":null,"card":null,"poll":null},{"id":"115045579761175873","created_at":"2025-08-17T18:43:54.151Z","in_reply_to_id":null,"in_reply_to_account_id":null,"sensitive":false,"spoiler_text":"","visibility":"public","language":"en","uri":"http://localhost:3000/users/admin/statuses/115045579761175873","url":"http://localhost:3000/@admin/115045579761175873","replies_count":0,"reblogs_count":0,"favourites_count":0,"edited_at":null,"favourited":false,"reblogged":false,"muted":false,"bookmarked":false,"content":"\u003cp\u003e\u003cspan
        class=\"h-card\" translate=\"no\"\u003e\u003ca href=\"http://localhost:3000/@mastodonpy_test\"
        class=\"u-url mention\"\u003e@\u003cspan\u003emastodonpy_test\u003c/span\u003e\u003c/a\u003e\u003c/span\u003e
        hey how you doing - 8!\u003c/p\u003e","filtered":[],"reblog":null,"application":{"name":"Mastodon.py
        test suite","website":null},"account":{"id":"115045157726281124","username":"admin","acct":"admin","display_name":"","locked":false,"bot":false,"discoverable":null,"indexable":false,"group":false,"created_at":"2025-08-17T00:00:00.000Z","note":"","url":"http://localhost:3000/@admin","uri":"http://localhost:3000/users/admin","avatar":"http://localhost:3000/avatars/original/missing.png","avatar_static":"http://localhost:3000/avatars/original/missing.png","header":"http://localhost:3000/headers/original/missing.png","header_static":"http://localhost:3000/headers/original/missing.png","followers_count":0,"following_count":0,"statuses_count":10,"last_status_at":"2025-08-17","hide_collections":null,"noindex":false,"emojis":[],"roles":[{"id":"3","name":"Owner","color":""}],"fields":[]},"media_attachments":[],"mentions":[{"id":"115045158004229352","username":"mastodonpy_test","url":"http://localhost:3000/@mastodonpy_test","acct":"mastodonpy_test"}],"tags":[],"emojis":[],"quote":null,"card":null,"poll":null},{"id":"115045579750989022","created_at":"2025-08-17T18:43:53.997Z","in_reply_to_id":null,"in_reply_to_account_id":null,"sensitive":false,"spoiler_text":"","visibility":"public","language":"en","uri":"http://localhost:3000/users/admin/statuses/115045579750989022","url":"http://localhost:3000/@admin/115045579750989022","replies_count":0,"reblogs_count":0,"favourites_count":0,"edited_at":null,"favourited":false,"reblogged":false,"muted":false,"bookmarked":false,"content":"\u003cp\u003e\u003cspan
        class=\"h-card\" translate=\"no\"\u003e\u003ca href=\"http://localhost:3000/@mastodonpy_test\"
        class=\"u-url mention\"\u003e@\u003cspan\u003emastodonpy_test\u003c/span\u003e\u003c/a\u003e\u003c/span\u003e
        hey how you doing - 7!\u003c/p\u003e","filtered":[],"reblog":null,"application":{"name":"Mastodon.py
        test suite","website":null},"account":{"id":"115045157726281124","username":"admin","acct":"admin","display_name":"","locked":false,"bot":false,"discoverable":null,"indexable":false,"group":false,"created_at":"2025-08-17T00:00:00.000Z","note":"","url":"http://localhost:3000/@admin","uri":"http://localhost:3000/users/admin","avatar":"http://localhost:3000/avatars/original/missing.png","avatar_static":"http://localhost:3000/avatars/original/missing.png","header":"http://localhost:3000/headers/original/missing.png","header_static":"http://localhost:3000/headers/original/missing.png","followers_count":0,"following_count":0,"statuses_count":10,"last_status_at":"2025-08-17","hide_collections":null,"noindex":false,"emojis":[],"roles":[{"id":"3","name":"Owner","color":""}],"fields":[]},"media_attachments":[],"mentions":[{"id":"115045158004229352","username":"mastodonpy_test","url":"http://localhost:3000/@mastodonpy_test","acct":"mastodonpy_test"}],"tags":[],"emojis":[],"quote":null,"card":null,"poll":null},{"id":"115045579741647445","created_at":"2025-08-17T18:43:53.852Z","in_reply_to_id":null,"in_reply_to_account_id":null,"sensitive":false,"spoiler_text":"","visibility":"public","language":"en","uri":"http://localhost:3000/users/admin/statuses/115045579741647445","url":"http://localhost:3000/@admin/115045579741647445","replies_count":0,"reblogs_count":0,"favourites_count":0,"edited_at":null,"favourited":false,"reblogged":false,"muted":false,"bookmarked":false,"content":"\u003cp\u003e\u003cspan
        class=\"h-card\" translate=\"no\"\u003e\u003ca href=\"http://localhost:3000/@mastodonpy_test\"
        class=\"u-url mention\"\u003e@\u003cspan\u003emastodonpy_test\u003c/span\u003e\u003c/a\u003e\u003c/span\u003e
        hey how you doing - 6!\u003c/p\u003e","filtered":[],"reblog":null,"application":{"name":"Mastodon.py
        test suite","website":null},"account":{"id":"115045157726281124","username":"admin","acct":"admin","display_name":"","locked":false,"bot":false,"discoverable":null,"indexable":false,"group":false,"created_at":"2025-08-17T00:00:00.000Z","note":"","url":"http://localhost:3000/@admin","uri":"http://localhost:3000/users/admin","avatar":"http://localhost:3000/avatars/original/missing.png","avatar_static":"http://localhost:3000/avatars/original/missing.png","header":"http://localhost:3000/headers/original/missing.png","header_static":"http://localhost:3000/headers/original/missing.png","followers_count":0,"following_count":0,"statuses_count":10,"last_status_at":"2025-08-17","hide_collections":null,"noindex":false,"emojis":[],"roles":[{"id":"3","name":"Owner","color":""}],"fields":[]},"media_attachments":[],"mentions":[{"id":"115045158004229352","username":"mastodonpy_test","url":"http://localhost:3000/@mastodonpy_test","acct":"mastodonpy_test"}],"tags":[],"emojis":[],"quote":null,"card":null,"poll":null},{"id":"115045579732999853","created_at":"2025-08-17T18:43:53.720Z","in_reply_to_id":null,"in_reply_to_account_id":null,"sensitive":false,"spoiler_text":"","visibility":"public","language":"en","uri":"http://localhost:3000/users/admin/statuses/115045579732999853","url":"http://localhost:3000/@admin/115045579732999853","replies_count":0,"reblogs_count":0,"favourites_count":0,"edited_at":null,"favourited":false,"reblogged":false,"muted":false,"bookmarked":false,"content":"\u003cp\u003e\u003cspan
        class=\"h-card\" translate=\"no\"\u003e\u003ca href=\"http://localhost:3000/@mastodonpy_test\"
        class=\"u-url mention\"\u003e@\u003cspan\u003emastodonpy_test\u003c/span\u003e\u003c/a\u003e\u003c/span\u003e
        hey how you doing - 5!\u003c/p\u003e","filtered":[],"reblog":null,"application":{"name":"Mastodon.py
        test suite","website":null},"account":{"id":"115045157726281124","username":"admin","acct":"admin","display_name":"","locked":false,"bot":false,"discoverable":null,"indexable":false,"group":false,"created_at":"2025-08-17T00:00:00.000Z","note":"","url":"http://localhost:3000/@admin","uri":"http://localhost:3000/users/admin","avatar":"http://localhost:3000/avatars/original/missing.png","avatar_static":"http://localhost:3000/avatars/original/missing.png","header":"http://localhost:3000/headers/original/missing.png","header_static":"http://localhost:3000/headers/original/missing.png","followers_count":0,"following_count":0,"statuses_count":10,"last_status_at":"2025-08-17","hide_collections":null,"noindex":false,"emojis":[],"roles":[{"id":"3","name":"Owner","color":""}],"fields":[]},"media_attachments":[],"mentions":[{"id":"115045158004229352","username":"mastodonpy_test","url":"http://localhost:3000/@mastodonpy_test","acct":"mastodonpy_test"}],"tags":[],"emojis":[],"quote":null,"card":null,"poll":null}],"notification_groups":[{"group_key":"ungrouped-44","notifications_count":1,"type":"mention","most_recent_notification_id":44,"page_min_id":"44","page_max_id":"44","latest_page_notification_at":"2025-08-17T18:43:59.358Z","sample_account_ids":["115045157726281124"],"status_id":"115045579770736880"},{"group_key":"ungrouped-43","notifications_count":1,"type":"mention","most_recent_notification_id":43,"page_min_id":"43","page_max_id":"43","latest_page_notification_at":"2025-08-17T18:43:59.307Z","sample_account_ids":["115045157726281124"],"status_id":"115045579761175873"},{"group_key":"ungrouped-42","notifications_count":1,"type":"mention","most_recent_notification_id":42,"page_min_id":"42","page_max_id":"42","latest_page_notification_at":"2025-08-17T18:43:58.973Z","sample_account_ids":["115045157726281124"],"status_id":"115045579750989022"},{"group_key":"ungrouped-41","notifications_count":1,"type":"mention","most_recent_notification_id":41,"page_min_id":"41","page_max_id":"41","latest_page_notification_at":"2025-08-17T18:43:58.941Z","sample_account_ids":["115045157726281124"],"status_id":"115045579741647445"},{"group_key":"ungrouped-40","notifications_count":1,"type":"mention","most_recent_notification_id":40,"page_min_id":"40","page_max_id":"40","latest_page_notification_at":"2025-08-17T18:43:58.786Z","sample_account_ids":["115045157726281124"],"status_id":"115045579732999853"}]}'
    headers:
      Content-Length:
      - '11267'
      cache-control:
      - private, no-store
      content-security-policy:
      - default-src 'none'; frame-ancestors 'none'; form-action 'none'
      content-type:
      - application/json; charset=utf-8
      etag:
      - W/"060c9c1ba7b0709a0841ff85b51af3aa"
      link:
      - <http://localhost:3000/api/v2/notifications?limit=5&max_id=40>; rel="next",
        <http://localhost:3000/api/v2/notifications?limit=5&min_id=44>; rel="prev"
      referrer-policy:
      - strict-origin-when-cross-origin
      server-timing:
      - cache_read.active_support;dur=0.17, sql.active_record;dur=4.60, cache_generate.active_support;dur=2.93,
        cache_write.active_support;dur=0.13, instantiation.active_record;dur=0.83,
        start_processing.action_controller;dur=0.00, cache_fetch_hit.active_support;dur=0.01,
        render.active_model_serializers;dur=11.40, process_action.action_controller;dur=59.90
      vary:
      - Authorization, Origin
      x-content-type-options:
      - nosniff
      x-frame-options:
      - SAMEORIGIN
      x-permitted-cross-domain-policies:
      - none
      x-ratelimit-limit:
      - '300'
      x-ratelimit-remaining:
      - '299'
      x-ratelimit-reset:
      - '2025-08-17T18:45:00.415868Z'
      x-request-id:
      - c0ecd00d-d638-4162-8d9b-ac1026ce5cfe
      x-runtime:
      - '0.076786'
      x-xss-protection:
      - '0'
    status:
      code: 200
      message: OK
- request:
    body: null
    headers:
      Accept:
      - '*/*'
      Accept-Encoding:
      - gzip, deflate, br
      Authorization:
      - Bearer __MASTODON_PY_TEST_ACCESS_TOKEN
      Connection:
      - keep-alive
      User-Agent:
      - tests/v311
    method: GET
    uri: http://localhost:3000/api/v2/notifications?limit=5&expand_accounts=full&max_id=40
  response:
    body:
      string: '{"accounts":[{"id":"115045157726281124","username":"admin","acct":"admin","display_name":"","locked":false,"bot":false,"discoverable":null,"indexable":false,"group":false,"created_at":"2025-08-17T00:00:00.000Z","note":"","url":"http://localhost:3000/@admin","uri":"http://localhost:3000/users/admin","avatar":"http://localhost:3000/avatars/original/missing.png","avatar_static":"http://localhost:3000/avatars/original/missing.png","header":"http://localhost:3000/headers/original/missing.png","header_static":"http://localhost:3000/headers/original/missing.png","followers_count":0,"following_count":0,"statuses_count":10,"last_status_at":"2025-08-17","hide_collections":null,"noindex":false,"emojis":[],"roles":[{"id":"3","name":"Owner","color":""}],"fields":[]}],"statuses":[{"id":"115045579724539312","created_at":"2025-08-17T18:43:53.591Z","in_reply_to_id":null,"in_reply_to_account_id":null,"sensitive":false,"spoiler_text":"","visibility":"public","language":"en","uri":"http://localhost:3000/users/admin/statuses/115045579724539312","url":"http://localhost:3000/@admin/115045579724539312","replies_count":0,"reblogs_count":0,"favourites_count":0,"edited_at":null,"favourited":false,"reblogged":false,"muted":false,"bookmarked":false,"content":"\u003cp\u003e\u003cspan
        class=\"h-card\" translate=\"no\"\u003e\u003ca href=\"http://localhost:3000/@mastodonpy_test\"
        class=\"u-url mention\"\u003e@\u003cspan\u003emastodonpy_test\u003c/span\u003e\u003c/a\u003e\u003c/span\u003e
        hey how you doing - 4!\u003c/p\u003e","filtered":[],"reblog":null,"application":{"name":"Mastodon.py
        test suite","website":null},"account":{"id":"115045157726281124","username":"admin","acct":"admin","display_name":"","locked":false,"bot":false,"discoverable":null,"indexable":false,"group":false,"created_at":"2025-08-17T00:00:00.000Z","note":"","url":"http://localhost:3000/@admin","uri":"http://localhost:3000/users/admin","avatar":"http://localhost:3000/avatars/original/missing.png","avatar_static":"http://localhost:3000/avatars/original/missing.png","header":"http://localhost:3000/headers/original/missing.png","header_static":"http://localhost:3000/headers/original/missing.png","followers_count":0,"following_count":0,"statuses_count":10,"last_status_at":"2025-08-17","hide_collections":null,"noindex":false,"emojis":[],"roles":[{"id":"3","name":"Owner","color":""}],"fields":[]},"media_attachments":[],"mentions":[{"id":"115045158004229352","username":"mastodonpy_test","url":"http://localhost:3000/@mastodonpy_test","acct":"mastodonpy_test"}],"tags":[],"emojis":[],"quote":null,"card":null,"poll":null},{"id":"115045579715866703","created_at":"2025-08-17T18:43:53.459Z","in_reply_to_id":null,"in_reply_to_account_id":null,"sensitive":false,"spoiler_text":"","visibility":"public","language":"en","uri":"http://localhost:3000/users/admin/statuses/115045579715866703","url":"http://localhost:3000/@admin/115045579715866703","replies_count":0,"reblogs_count":0,"favourites_count":0,"edited_at":null,"favourited":false,"reblogged":false,"muted":false,"bookmarked":false,"content":"\u003cp\u003e\u003cspan
        class=\"h-card\" translate=\"no\"\u003e\u003ca href=\"http://localhost:3000/@mastodonpy_test\"
        class=\"u-url mention\"\u003e@\u003cspan\u003emastodonpy_test\u003c/span\u003e\u003c/a\u003e\u003c/span\u003e
        hey how you doing - 3!\u003c/p\u003e","filtered":[],"reblog":null,"application":{"name":"Mastodon.py
        test suite","website":null},"account":{"id":"115045157726281124","username":"admin","acct":"admin","display_name":"","locked":false,"bot":false,"discoverable":null,"indexable":false,"group":false,"created_at":"2025-08-17T00:00:00.000Z","note":"","url":"http://localhost:3000/@admin","uri":"http://localhost:3000/users/admin","avatar":"http://localhost:3000/avatars/original/missing.png","avatar_static":"http://localhost:3000/avatars/original/missing.png","header":"http://localhost:3000/headers/original/missing.png","header_static":"http://localhost:3000/headers/original/missing.png","followers_count":0,"following_count":0,"statuses_count":10,"last_status_at":"2025-08-17","hide_collections":null,"noindex":false,"emojis":[],"roles":[{"id":"3","name":"Owner","color":""}],"fields":[]},"media_attachments":[],"mentions":[{"id":"115045158004229352","username":"mastodonpy_test","url":"http://localhost:3000/@mastodonpy_test","acct":"mastodonpy_test"}],"tags":[],"emojis":[],"quote":null,"card":null,"poll":null},{"id":"115045579707920933","created_at":"2025-08-17T18:43:53.339Z","in_reply_to_id":null,"in_reply_to_account_id":null,"sensitive":false,"spoiler_text":"","visibility":"public","language":"en","uri":"http://localhost:3000/users/admin/statuses/115045579707920933","url":"http://localhost:3000/@admin/115045579707920933","replies_count":0,"reblogs_count":0,"favourites_count":0,"edited_at":null,"favourited":false,"reblogged":false,"muted":false,"bookmarked":false,"content":"\u003cp\u003e\u003cspan
        class=\"h-card\" translate=\"no\"\u003e\u003ca href=\"http://localhost:3000/@mastodonpy_test\"
        class=\"u-url mention\"\u003e@\u003cspan\u003emastodonpy_test\u003c/span\u003e\u003c/a\u003e\u003c/span\u003e
        hey how you doing - 2!\u003c/p\u003e","filtered":[],"reblog":null,"application":{"name":"Mastodon.py
        test suite","website":null},"account":{"id":"115045157726281124","username":"admin","acct":"admin","display_name":"","locked":false,"bot":false,"discoverable":null,"indexable":false,"group":false,"created_at":"2025-08-17T00:00:00.000Z","note":"","url":"http://localhost:3000/@admin","uri":"http://localhost:3000/users/admin","avatar":"http://localhost:3000/avatars/original/missing.png","avatar_static":"http://localhost:3000/avatars/original/missing.png","header":"http://localhost:3000/headers/original/missing.png","header_static":"http://localhost:3000/headers/original/missing.png","followers_count":0,"following_count":0,"statuses_count":10,"last_status_at":"2025-08-17","hide_collections":null,"noindex":false,"emojis":[],"roles":[{"id":"3","name":"Owner","color":""}],"fields":[]},"media_attachments":[],"mentions":[{"id":"115045158004229352","username":"mastodonpy_test","url":"http://localhost:3000/@mastodonpy_test","acct":"mastodonpy_test"}],"tags":[],"emojis":[],"quote":null,"card":null,"poll":null},{"id":"115045579699044643","created_at":"2025-08-17T18:43:53.203Z","in_reply_to_id":null,"in_reply_to_account_id":null,"sensitive":false,"spoiler_text":"","visibility":"public","language":"en","uri":"http://localhost:3000/users/admin/statuses/115045579699044643","url":"http://localhost:3000/@admin/115045579699044643","replies_count":0,"reblogs_count":0,"favourites_count":0,"edited_at":null,"favourited":false,"reblogged":false,"muted":false,"bookmarked":false,"content":"\u003cp\u003e\u003cspan
        class=\"h-card\" translate=\"no\"\u003e\u003ca href=\"http://localhost:3000/@mastodonpy_test\"
        class=\"u-url mention\"\u003e@\u003cspan\u003emastodonpy_test\u003c/span\u003e\u003c/a\u003e\u003c/span\u003e
        hey how you doing - 1!\u003c/p\u003e","filtered":[],"reblog":null,"application":{"name":"Mastodon.py
        test suite","website":null},"account":{"id":"115045157726281124","username":"admin","acct":"admin","display_name":"","locked":false,"bot":false,"discoverable":null,"indexable":false,"group":false,"created_at":"2025-08-17T00:00:00.000Z","note":"","url":"http://localhost:3000/@admin","uri":"http://localhost:3000/users/admin","avatar":"http://localhost:3000/avatars/original/missing.png","avatar_static":"http://localhost:3000/avatars/original/missing.png","header":"http://localhost:3000/headers/original/missing.png","header_static":"http://localhost:3000/headers/original/missing.png","followers_count":0,"following_count":0,"statuses_count":10,"last_status_at":"2025-08-17","hide_collections":null,"noindex":false,"emojis":[],"roles":[{"id":"3","name":"Owner","color":""}],"fields":[]},"media_attachments":[],"mentions":[{"id":"115045158004229352","username":"mastodonpy_test","url":"http://localhost:3000/@mastodonpy_test","acct":"mastodonpy_test"}],"tags":[],"emojis":[],"quote":null,"card":null,"poll":null},{"id":"115045579689787323","created_at":"2025-08-17T18:43:53.062Z","in_reply_to_id":null,"in_reply_to_account_id":null,"sensitive":false,"spoiler_text":"","visibility":"public","language":"en","uri":"http://localhost:3000/users/admin/statuses/115045579689787323","url":"http://localhost:3000/@admin/115045579689787323","replies_count":0,"reblogs_count":0,"favourites_count":0,"edited_at":null,"favourited":false,"reblogged":false,"muted":false,"bookmarked":false,"content":"\u003cp\u003e\u003cspan
        class=\"h-card\" translate=\"no\"\u003e\u003ca href=\"http://localhost:3000/@mastodonpy_test\"
        class=\"u-url mention\"\u003e@\u003cspan\u003emastodonpy_test\u003c/span\u003e\u003c/a\u003e\u003c/span\u003e
        hey how you doing - 0!\u003c/p\u003e","filtered":[],"reblog":null,"application":{"name":"Mastodon.py
        test suite","website":null},"account":{"id":"115045157726281124","username":"admin","acct":"admin","display_name":"","locked":false,"bot":false,"discoverable":null,"indexable":false,"group":false,"created_at":"2025-08-17T00:00:00.000Z","note":"","url":"http://localhost:3000/@admin","uri":"http://localhost:3000/users/admin","avatar":"http://localhost:3000/avatars/original/missing.png","avatar_static":"http://localhost:3000/avatars/original/missing.png","header":"http://localhost:3000/headers/original/missing.png","header_static":"http://localhost:3000/headers/original/missing.png","followers_count":0,"following_count":0,"statuses_count":10,"last_status_at":"2025-08-17","hide_collections":null,"noindex":false,"emojis":[],"roles":[{"id":"3","name":"Owner","color":""}],"fields":[]},"media_attachments":[],"mentions":[{"id":"115045158004229352","username":"mastodonpy_test","url":"http://localhost:3000/@mastodonpy_test","acct":"mastodonpy_test"}],"tags":[],"emojis":[],"quote":null,"card":null,"poll":null}],"notification_groups":[{"group_key":"ungrouped-39","notifications_count":1,"type":"mention","most_recent_notification_id":39,"page_min_id":"39","page_max_id":"39","latest_page_notification_at":"2025-08-17T18:43:58.763Z","sample_account_ids":["115045157726281124"],"status_id":"115045579724539312"},{"group_key":"ungrouped-38","notifications_count":1,"type":"mention","most_recent_notification_id":38,"page_min_id":"38","page_max_id":"38","latest_page_notification_at":"2025-08-17T18:43:58.713Z","sample_account_ids":["115045157726281124"],"status_id":"115045579715866703"},{"group_key":"ungrouped-37","notifications_count":1,"type":"mention","most_recent_notification_id":37,"page_min_id":"37","page_max_id":"37","latest_page_notification_at":"2025-08-17T18:43:58.371Z","sample_account_ids":["115045157726281124"],"status_id":"115045579707920933"},{"group_key":"ungrouped-36","notifications_count":1,"type":"mention","most_recent_notification_id":36,"page_min_id":"36","page_max_id":"36","latest_page_notification_at":"2025-08-17T18:43:58.196Z","sample_account_ids":["115045157726281124"],"status_id":"115045579699044643"},{"group_key":"ungrouped-35","notifications_count":1,"type":"mention","most_recent_notification_id":35,"page_min_id":"35","page_max_id":"35","latest_page_notification_at":"2025-08-17T18:43:55.902Z","sample_account_ids":["115045157726281124"],"status_id":"115045579689787323"}]}'
    headers:
      Content-Length:
      - '11267'
      cache-control:
      - private, no-store
      content-security-policy:
      - default-src 'none'; frame-ancestors 'none'; form-action 'none'
      content-type:
      - application/json; charset=utf-8
      etag:
      - W/"22be66560e34ac91b2015e0daf8a12bf"
      link:
      - <http://localhost:3000/api/v2/notifications?limit=5&max_id=35>; rel="next",
        <http://localhost:3000/api/v2/notifications?limit=5&min_id=39>; rel="prev"
      referrer-policy:
      - strict-origin-when-cross-origin
      server-timing:
      - cache_read.active_support;dur=0.18, sql.active_record;dur=5.06, cache_generate.active_support;dur=2.96,
        cache_write.active_support;dur=0.16, instantiation.active_record;dur=0.97,
        start_processing.action_controller;dur=0.00, cache_fetch_hit.active_support;dur=0.01,
        render.active_model_serializers;dur=12.89, process_action.action_controller;dur=64.58
      vary:
      - Authorization, Origin
      x-content-type-options:
      - nosniff
      x-frame-options:
      - SAMEORIGIN
      x-permitted-cross-domain-policies:
      - none
      x-ratelimit-limit:
      - '300'
      x-ratelimit-remaining:
      - '299'
      x-ratelimit-reset:
      - '2025-08-17T18:45:00.691625Z'
      x-request-id:
      - fcd176c7-9257-441e-bca8-b72b335e44d4
      x-runtime:
      - '0.082074'
      x-xss-protection:
      - '0'
    status:
      code: 200
      message: OK
- request:
    body: null
    headers:
      Accept:
      - '*/*'
      Accept-Encoding:
      - gzip, deflate, br
      Authorization:
      - Bearer __MASTODON_PY_TEST_ACCESS_TOKEN
      Connection:
      - keep-alive
      User-Agent:
      - tests/v311
    method: GET
    uri: http://localhost:3000/api/v2/notifications?limit=5&expand_accounts=full&min_id=39
  response:
    body:
      string: '{"accounts":[{"id":"115045157726281124","username":"admin","acct":"admin","display_name":"","locked":false,"bot":false,"discoverable":null,"indexable":false,"group":false,"created_at":"2025-08-17T00:00:00.000Z","note":"","url":"http://localhost:3000/@admin","uri":"http://localhost:3000/users/admin","avatar":"http://localhost:3000/avatars/original/missing.png","avatar_static":"http://localhost:3000/avatars/original/missing.png","header":"http://localhost:3000/headers/original/missing.png","header_static":"http://localhost:3000/headers/original/missing.png","followers_count":0,"following_count":0,"statuses_count":10,"last_status_at":"2025-08-17","hide_collections":null,"noindex":false,"emojis":[],"roles":[{"id":"3","name":"Owner","color":""}],"fields":[]}],"statuses":[{"id":"115045579770736880","created_at":"2025-08-17T18:43:54.296Z","in_reply_to_id":null,"in_reply_to_account_id":null,"sensitive":false,"spoiler_text":"","visibility":"public","language":"en","uri":"http://localhost:3000/users/admin/statuses/115045579770736880","url":"http://localhost:3000/@admin/115045579770736880","replies_count":0,"reblogs_count":0,"favourites_count":0,"edited_at":null,"favourited":false,"reblogged":false,"muted":false,"bookmarked":false,"content":"\u003cp\u003e\u003cspan
        class=\"h-card\" translate=\"no\"\u003e\u003ca href=\"http://localhost:3000/@mastodonpy_test\"
        class=\"u-url mention\"\u003e@\u003cspan\u003emastodonpy_test\u003c/span\u003e\u003c/a\u003e\u003c/span\u003e
        hey how you doing - 9!\u003c/p\u003e","filtered":[],"reblog":null,"application":{"name":"Mastodon.py
        test suite","website":null},"account":{"id":"115045157726281124","username":"admin","acct":"admin","display_name":"","locked":false,"bot":false,"discoverable":null,"indexable":false,"group":false,"created_at":"2025-08-17T00:00:00.000Z","note":"","url":"http://localhost:3000/@admin","uri":"http://localhost:3000/users/admin","avatar":"http://localhost:3000/avatars/original/missing.png","avatar_static":"http://localhost:3000/avatars/original/missing.png","header":"http://localhost:3000/headers/original/missing.png","header_static":"http://localhost:3000/headers/original/missing.png","followers_count":0,"following_count":0,"statuses_count":10,"last_status_at":"2025-08-17","hide_collections":null,"noindex":false,"emojis":[],"roles":[{"id":"3","name":"Owner","color":""}],"fields":[]},"media_attachments":[],"mentions":[{"id":"115045158004229352","username":"mastodonpy_test","url":"http://localhost:3000/@mastodonpy_test","acct":"mastodonpy_test"}],"tags":[],"emojis":[],"quote":null,"card":null,"poll":null},{"id":"115045579761175873","created_at":"2025-08-17T18:43:54.151Z","in_reply_to_id":null,"in_reply_to_account_id":null,"sensitive":false,"spoiler_text":"","visibility":"public","language":"en","uri":"http://localhost:3000/users/admin/statuses/115045579761175873","url":"http://localhost:3000/@admin/115045579761175873","replies_count":0,"reblogs_count":0,"favourites_count":0,"edited_at":null,"favourited":false,"reblogged":false,"muted":false,"bookmarked":false,"content":"\u003cp\u003e\u003cspan
        class=\"h-card\" translate=\"no\"\u003e\u003ca href=\"http://localhost:3000/@mastodonpy_test\"
        class=\"u-url mention\"\u003e@\u003cspan\u003emastodonpy_test\u003c/span\u003e\u003c/a\u003e\u003c/span\u003e
        hey how you doing - 8!\u003c/p\u003e","filtered":[],"reblog":null,"application":{"name":"Mastodon.py
        test suite","website":null},"account":{"id":"115045157726281124","username":"admin","acct":"admin","display_name":"","locked":false,"bot":false,"discoverable":null,"indexable":false,"group":false,"created_at":"2025-08-17T00:00:00.000Z","note":"","url":"http://localhost:3000/@admin","uri":"http://localhost:3000/users/admin","avatar":"http://localhost:3000/avatars/original/missing.png","avatar_static":"http://localhost:3000/avatars/original/missing.png","header":"http://localhost:3000/headers/original/missing.png","header_static":"http://localhost:3000/headers/original/missing.png","followers_count":0,"following_count":0,"statuses_count":10,"last_status_at":"2025-08-17","hide_collections":null,"noindex":false,"emojis":[],"roles":[{"id":"3","name":"Owner","color":""}],"fields":[]},"media_attachments":[],"mentions":[{"id":"115045158004229352","username":"mastodonpy_test","url":"http://localhost:3000/@mastodonpy_test","acct":"mastodonpy_test"}],"tags":[],"emojis":[],"quote":null,"card":null,"poll":null},{"id":"115045579750989022","created_at":"2025-08-17T18:43:53.997Z","in_reply_to_id":null,"in_reply_to_account_id":null,"sensitive":false,"spoiler_text":"","visibility":"public","language":"en","uri":"http://localhost:3000/users/admin/statuses/115045579750989022","url":"http://localhost:3000/@admin/115045579750989022","replies_count":0,"reblogs_count":0,"favourites_count":0,"edited_at":null,"favourited":false,"reblogged":false,"muted":false,"bookmarked":false,"content":"\u003cp\u003e\u003cspan
        class=\"h-card\" translate=\"no\"\u003e\u003ca href=\"http://localhost:3000/@mastodonpy_test\"
        class=\"u-url mention\"\u003e@\u003cspan\u003emastodonpy_test\u003c/span\u003e\u003c/a\u003e\u003c/span\u003e
        hey how you doing - 7!\u003c/p\u003e","filtered":[],"reblog":null,"application":{"name":"Mastodon.py
        test suite","website":null},"account":{"id":"115045157726281124","username":"admin","acct":"admin","display_name":"","locked":false,"bot":false,"discoverable":null,"indexable":false,"group":false,"created_at":"2025-08-17T00:00:00.000Z","note":"","url":"http://localhost:3000/@admin","uri":"http://localhost:3000/users/admin","avatar":"http://localhost:3000/avatars/original/missing.png","avatar_static":"http://localhost:3000/avatars/original/missing.png","header":"http://localhost:3000/headers/original/missing.png","header_static":"http://localhost:3000/headers/original/missing.png","followers_count":0,"following_count":0,"statuses_count":10,"last_status_at":"2025-08-17","hide_collections":null,"noindex":false,"emojis":[],"roles":[{"id":"3","name":"Owner","color":""}],"fields":[]},"media_attachments":[],"mentions":[{"id":"115045158004229352","username":"mastodonpy_test","url":"http://localhost:3000/@mastodonpy_test","acct":"mastodonpy_test"}],"tags":[],"emojis":[],"quote":null,"card":null,"poll":null},{"id":"115045579741647445","created_at":"2025-08-17T18:43:53.852Z","in_reply_to_id":null,"in_reply_to_account_id":null,"sensitive":false,"spoiler_text":"","visibility":"public","language":"en","uri":"http://localhost:3000/users/admin/statuses/115045579741647445","url":"http://localhost:3000/@admin/115045579741647445","replies_count":0,"reblogs_count":0,"favourites_count":0,"edited_at":null,"favourited":false,"reblogged":false,"muted":false,"bookmarked":false,"content":"\u003cp\u003e\u003cspan
        class=\"h-card\" translate=\"no\"\u003e\u003ca href=\"http://localhost:3000/@mastodonpy_test\"
        class=\"u-url mention\"\u003e@\u003cspan\u003emastodonpy_test\u003c/span\u003e\u003c/a\u003e\u003c/span\u003e
        hey how you doing - 6!\u003c/p\u003e","filtered":[],"reblog":null,"application":{"name":"Mastodon.py
        test suite","website":null},"account":{"id":"115045157726281124","username":"admin","acct":"admin","display_name":"","locked":false,"bot":false,"discoverable":null,"indexable":false,"group":false,"created_at":"2025-08-17T00:00:00.000Z","note":"","url":"http://localhost:3000/@admin","uri":"http://localhost:3000/users/admin","avatar":"http://localhost:3000/avatars/original/missing.png","avatar_static":"http://localhost:3000/avatars/original/missing.png","header":"http://localhost:3000/headers/original/missing.png","header_static":"http://localhost:3000/headers/original/missing.png","followers_count":0,"following_count":0,"statuses_count":10,"last_status_at":"2025-08-17","hide_collections":null,"noindex":false,"emojis":[],"roles":[{"id":"3","name":"Owner","color":""}],"fields":[]},"media_attachments":[],"mentions":[{"id":"115045158004229352","username":"mastodonpy_test","url":"http://localhost:3000/@mastodonpy_test","acct":"mastodonpy_test"}],"tags":[],"emojis":[],"quote":null,"card":null,"poll":null},{"id":"115045579732999853","created_at":"2025-08-17T18:43:53.720Z","in_reply_to_id":null,"in_reply_to_account_id":null,"sensitive":false,"spoiler_text":"","visibility":"public","language":"en","uri":"http://localhost:3000/users/admin/statuses/115045579732999853","url":"http://localhost:3000/@admin/115045579732999853","replies_count":0,"reblogs_count":0,"favourites_count":0,"edited_at":null,"favourited":false,"reblogged":false,"muted":false,"bookmarked":false,"content":"\u003cp\u003e\u003cspan
        class=\"h-card\" translate=\"no\"\u003e\u003ca href=\"http://localhost:3000/@mastodonpy_test\"
        class=\"u-url mention\"\u003e@\u003cspan\u003emastodonpy_test\u003c/span\u003e\u003c/a\u003e\u003c/span\u003e
        hey how you doing - 5!\u003c/p\u003e","filtered":[],"reblog":null,"application":{"name":"Mastodon.py
        test suite","website":null},"account":{"id":"115045157726281124","username":"admin","acct":"admin","display_name":"","locked":false,"bot":false,"discoverable":null,"indexable":false,"group":false,"created_at":"2025-08-17T00:00:00.000Z","note":"","url":"http://localhost:3000/@admin","uri":"http://localhost:3000/users/admin","avatar":"http://localhost:3000/avatars/original/missing.png","avatar_static":"http://localhost:3000/avatars/original/missing.png","header":"http://localhost:3000/headers/original/missing.png","header_static":"http://localhost:3000/headers/original/missing.png","followers_count":0,"following_count":0,"statuses_count":10,"last_status_at":"2025-08-17","hide_collections":null,"noindex":false,"emojis":[],"roles":[{"id":"3","name":"Owner","color":""}],"fields":[]},"media_attachments":[],"mentions":[{"id":"115045158004229352","username":"mastodonpy_test","url":"http://localhost:3000/@mastodonpy_test","acct":"mastodonpy_test"}],"tags":[],"emojis":[],"quote":null,"card":null,"poll":null}],"notification_groups":[{"group_key":"ungrouped-44","notifications_count":1,"type":"mention","most_recent_notification_id":44,"page_min_id":"44","page_max_id":"44","latest_page_notification_at":"2025-08-17T18:43:59.358Z","sample_account_ids":["115045157726281124"],"status_id":"115045579770736880"},{"group_key":"ungrouped-43","notifications_count":1,"type":"mention","most_recent_notification_id":43,"page_min_id":"43","page_max_id":"43","latest_page_notification_at":"2025-08-17T18:43:59.307Z","sample_account_ids":["115045157726281124"],"status_id":"115045579761175873"},{"group_key":"ungrouped-42","notifications_count":1,"type":"mention","most_recent_notification_id":42,"page_min_id":"42","page_max_id":"42","latest_page_notification_at":"2025-08-17T18:43:58.973Z","sample_account_ids":["115045157726281124"],"status_id":"115045579750989022"},{"group_key":"ungrouped-41","notifications_count":1,"type":"mention","most_recent_notification_id":41,"page_min_id":"41","page_max_id":"41","latest_page_notification_at":"2025-08-17T18:43:58.941Z","sample_account_ids":["115045157726281124"],"status_id":"115045579741647445"},{"group_key":"ungrouped-40","notifications_count":1,"type":"mention","most_recent_notification_id":40,"page_min_id":"40","page_max_id":"40","latest_page_notification_at":"2025-08-17T18:43:58.786Z","sample_account_ids":["115045157726281124"],"status_id":"115045579732999853"}]}'
    headers:
      Content-Length:
      - '11267'
      cache-control:
      - private, no-store
      content-security-policy:
      - default-src 'none'; frame-ancestors 'none'; form-action 'none'
      content-type:
      - application/json; charset=utf-8
      etag:
      - W/"060c9c1ba7b0709a0841ff85b51af3aa"
      link:
      - <http://localhost:3000/api/v2/notifications?limit=5&max_id=40>; rel="next",
        <http://localhost:3000/api/v2/notifications?limit=5&min_id=44>; rel="prev"
      referrer-policy:
      - strict-origin-when-cross-origin
      server-timing:
      - cache_read.active_support;dur=0.18, sql.active_record;dur=4.56, cache_generate.active_support;dur=3.56,
        cache_write.active_support;dur=0.16, instantiation.active_record;dur=0.85,
        start_processing.action_controller;dur=0.00, cache_fetch_hit.active_support;dur=0.01,
        render.active_model_serializers;dur=12.27, process_action.action_controller;dur=60.76
      vary:
      - Authorization, Origin
      x-content-type-options:
      - nosniff
      x-frame-options:
      - SAMEORIGIN
      x-permitted-cross-domain-policies:
      - none
      x-ratelimit-limit:
      - '300'
      x-ratelimit-remaining:
      - '299'
      x-ratelimit-reset:
      - '2025-08-17T18:45:00.979313Z'
      x-request-id:
      - d9099f42-cc0a-4068-95d1-363ad4998280
      x-runtime:
      - '0.077963'
      x-xss-protection:
      - '0'
    status:
      code: 200
      message: OK
- request:
    body: null
    headers:
      Accept:
      - '*/*'
      Accept-Encoding:
      - gzip, deflate, br
      Authorization:
      - Bearer __MASTODON_PY_TEST_ACCESS_TOKEN_2
      Connection:
      - keep-alive
      Content-Length:
      - '0'
      User-Agent:
      - tests/v311
    method: DELETE
    uri: http://localhost:3000/api/v1/statuses/115045579689787323
  response:
    body:
      string: '{"id":"115045579689787323","created_at":"2025-08-17T18:43:53.062Z","in_reply_to_id":null,"in_reply_to_account_id":null,"sensitive":false,"spoiler_text":"","visibility":"public","language":"en","uri":"http://localhost:3000/users/admin/statuses/115045579689787323","url":"http://localhost:3000/@admin/115045579689787323","replies_count":0,"reblogs_count":0,"favourites_count":0,"edited_at":null,"favourited":false,"reblogged":false,"muted":false,"bookmarked":false,"pinned":false,"text":"@mastodonpy_test
        hey how you doing - 0!","filtered":[],"reblog":null,"application":{"name":"Mastodon.py
        test suite","website":null},"account":{"id":"115045157726281124","username":"admin","acct":"admin","display_name":"","locked":false,"bot":false,"discoverable":null,"indexable":false,"group":false,"created_at":"2025-08-17T00:00:00.000Z","note":"","url":"http://localhost:3000/@admin","uri":"http://localhost:3000/users/admin","avatar":"http://localhost:3000/avatars/original/missing.png","avatar_static":"http://localhost:3000/avatars/original/missing.png","header":"http://localhost:3000/headers/original/missing.png","header_static":"http://localhost:3000/headers/original/missing.png","followers_count":0,"following_count":0,"statuses_count":9,"last_status_at":"2025-08-17","hide_collections":null,"noindex":false,"emojis":[],"roles":[{"id":"3","name":"Owner","color":""}],"fields":[]},"media_attachments":[],"mentions":[{"id":"115045158004229352","username":"mastodonpy_test","url":"http://localhost:3000/@mastodonpy_test","acct":"mastodonpy_test"}],"tags":[],"emojis":[],"quote":null,"card":null,"poll":null}'
    headers:
      Content-Length:
      - '1602'
      cache-control:
      - private, no-store
      content-security-policy:
      - default-src 'none'; frame-ancestors 'none'; form-action 'none'
      content-type:
      - application/json; charset=utf-8
      etag:
      - W/"79464f38e91cc7e8726a4577fb593dcc"
      referrer-policy:
      - strict-origin-when-cross-origin
      server-timing:
      - cache_read.active_support;dur=0.06, sql.active_record;dur=8.12, cache_generate.active_support;dur=3.07,
        cache_write.active_support;dur=0.22, instantiation.active_record;dur=0.56,
        start_processing.action_controller;dur=0.00, start_transaction.active_record;dur=0.00,
        transaction.active_record;dur=4.87, render.active_model_serializers;dur=15.77,
        process_action.action_controller;dur=52.63
      vary:
      - Authorization, Origin
      x-content-type-options:
      - nosniff
      x-frame-options:
      - SAMEORIGIN
      x-permitted-cross-domain-policies:
      - none
      x-ratelimit-limit:
      - '30'
      x-ratelimit-remaining:
      - '29'
      x-ratelimit-reset:
      - '2025-08-17T19:00:00.260778Z'
      x-request-id:
      - 3cf64d60-5503-4c1b-97e7-84f2ffc4891f
      x-runtime:
      - '0.069963'
      x-xss-protection:
      - '0'
    status:
      code: 200
      message: OK
- request:
    body: null
    headers:
      Accept:
      - '*/*'
      Accept-Encoding:
      - gzip, deflate, br
      Authorization:
      - Bearer __MASTODON_PY_TEST_ACCESS_TOKEN_2
      Connection:
      - keep-alive
      Content-Length:
      - '0'
      User-Agent:
      - tests/v311
    method: DELETE
    uri: http://localhost:3000/api/v1/statuses/115045579699044643
  response:
    body:
      string: '{"id":"115045579699044643","created_at":"2025-08-17T18:43:53.203Z","in_reply_to_id":null,"in_reply_to_account_id":null,"sensitive":false,"spoiler_text":"","visibility":"public","language":"en","uri":"http://localhost:3000/users/admin/statuses/115045579699044643","url":"http://localhost:3000/@admin/115045579699044643","replies_count":0,"reblogs_count":0,"favourites_count":0,"edited_at":null,"favourited":false,"reblogged":false,"muted":false,"bookmarked":false,"pinned":false,"text":"@mastodonpy_test
        hey how you doing - 1!","filtered":[],"reblog":null,"application":{"name":"Mastodon.py
        test suite","website":null},"account":{"id":"115045157726281124","username":"admin","acct":"admin","display_name":"","locked":false,"bot":false,"discoverable":null,"indexable":false,"group":false,"created_at":"2025-08-17T00:00:00.000Z","note":"","url":"http://localhost:3000/@admin","uri":"http://localhost:3000/users/admin","avatar":"http://localhost:3000/avatars/original/missing.png","avatar_static":"http://localhost:3000/avatars/original/missing.png","header":"http://localhost:3000/headers/original/missing.png","header_static":"http://localhost:3000/headers/original/missing.png","followers_count":0,"following_count":0,"statuses_count":8,"last_status_at":"2025-08-17","hide_collections":null,"noindex":false,"emojis":[],"roles":[{"id":"3","name":"Owner","color":""}],"fields":[]},"media_attachments":[],"mentions":[{"id":"115045158004229352","username":"mastodonpy_test","url":"http://localhost:3000/@mastodonpy_test","acct":"mastodonpy_test"}],"tags":[],"emojis":[],"quote":null,"card":null,"poll":null}'
    headers:
      Content-Length:
      - '1602'
      cache-control:
      - private, no-store
      content-security-policy:
      - default-src 'none'; frame-ancestors 'none'; form-action 'none'
      content-type:
      - application/json; charset=utf-8
      etag:
      - W/"a9f14ce16b2fef695c30b687bdce8967"
      referrer-policy:
      - strict-origin-when-cross-origin
      server-timing:
      - cache_read.active_support;dur=0.07, sql.active_record;dur=7.62, cache_generate.active_support;dur=2.86,
        cache_write.active_support;dur=0.14, instantiation.active_record;dur=0.57,
        start_processing.action_controller;dur=0.00, start_transaction.active_record;dur=0.00,
        transaction.active_record;dur=4.28, render.active_model_serializers;dur=15.55,
        process_action.action_controller;dur=51.32
      vary:
      - Authorization, Origin
      x-content-type-options:
      - nosniff
      x-frame-options:
      - SAMEORIGIN
      x-permitted-cross-domain-policies:
      - none
      x-ratelimit-limit:
      - '30'
      x-ratelimit-remaining:
      - '29'
      x-ratelimit-reset:
      - '2025-08-17T19:00:00.368887Z'
      x-request-id:
      - 29d430ca-0d69-4c0f-bf69-c7e336ff64e2
      x-runtime:
      - '0.068679'
      x-xss-protection:
      - '0'
    status:
      code: 200
      message: OK
- request:
    body: null
    headers:
      Accept:
      - '*/*'
      Accept-Encoding:
      - gzip, deflate, br
      Authorization:
      - Bearer __MASTODON_PY_TEST_ACCESS_TOKEN_2
      Connection:
      - keep-alive
      Content-Length:
      - '0'
      User-Agent:
      - tests/v311
    method: DELETE
    uri: http://localhost:3000/api/v1/statuses/115045579707920933
  response:
    body:
      string: '{"id":"115045579707920933","created_at":"2025-08-17T18:43:53.339Z","in_reply_to_id":null,"in_reply_to_account_id":null,"sensitive":false,"spoiler_text":"","visibility":"public","language":"en","uri":"http://localhost:3000/users/admin/statuses/115045579707920933","url":"http://localhost:3000/@admin/115045579707920933","replies_count":0,"reblogs_count":0,"favourites_count":0,"edited_at":null,"favourited":false,"reblogged":false,"muted":false,"bookmarked":false,"pinned":false,"text":"@mastodonpy_test
        hey how you doing - 2!","filtered":[],"reblog":null,"application":{"name":"Mastodon.py
        test suite","website":null},"account":{"id":"115045157726281124","username":"admin","acct":"admin","display_name":"","locked":false,"bot":false,"discoverable":null,"indexable":false,"group":false,"created_at":"2025-08-17T00:00:00.000Z","note":"","url":"http://localhost:3000/@admin","uri":"http://localhost:3000/users/admin","avatar":"http://localhost:3000/avatars/original/missing.png","avatar_static":"http://localhost:3000/avatars/original/missing.png","header":"http://localhost:3000/headers/original/missing.png","header_static":"http://localhost:3000/headers/original/missing.png","followers_count":0,"following_count":0,"statuses_count":7,"last_status_at":"2025-08-17","hide_collections":null,"noindex":false,"emojis":[],"roles":[{"id":"3","name":"Owner","color":""}],"fields":[]},"media_attachments":[],"mentions":[{"id":"115045158004229352","username":"mastodonpy_test","url":"http://localhost:3000/@mastodonpy_test","acct":"mastodonpy_test"}],"tags":[],"emojis":[],"quote":null,"card":null,"poll":null}'
    headers:
      Content-Length:
      - '1602'
      cache-control:
      - private, no-store
      content-security-policy:
      - default-src 'none'; frame-ancestors 'none'; form-action 'none'
      content-type:
      - application/json; charset=utf-8
      etag:
      - W/"1d5a9cb45396ab630461ffe176220073"
      referrer-policy:
      - strict-origin-when-cross-origin
      server-timing:
      - cache_read.active_support;dur=0.07, sql.active_record;dur=7.57, cache_generate.active_support;dur=2.83,
        cache_write.active_support;dur=0.14, instantiation.active_record;dur=0.60,
        start_processing.action_controller;dur=0.00, start_transaction.active_record;dur=0.00,
        transaction.active_record;dur=4.66, render.active_model_serializers;dur=16.43,
        process_action.action_controller;dur=52.82
      vary:
      - Authorization, Origin
      x-content-type-options:
      - nosniff
      x-frame-options:
      - SAMEORIGIN
      x-permitted-cross-domain-policies:
      - none
      x-ratelimit-limit:
      - '30'
      x-ratelimit-remaining:
      - '29'
      x-ratelimit-reset:
      - '2025-08-17T19:00:00.481114Z'
      x-request-id:
      - 8a2528f0-e237-4158-8a93-ba0ea9a10a2f
      x-runtime:
      - '0.069550'
      x-xss-protection:
      - '0'
    status:
      code: 200
      message: OK
- request:
    body: null
    headers:
      Accept:
      - '*/*'
      Accept-Encoding:
      - gzip, deflate, br
      Authorization:
      - Bearer __MASTODON_PY_TEST_ACCESS_TOKEN_2
      Connection:
      - keep-alive
      Content-Length:
      - '0'
      User-Agent:
      - tests/v311
    method: DELETE
    uri: http://localhost:3000/api/v1/statuses/115045579715866703
  response:
    body:
      string: '{"id":"115045579715866703","created_at":"2025-08-17T18:43:53.459Z","in_reply_to_id":null,"in_reply_to_account_id":null,"sensitive":false,"spoiler_text":"","visibility":"public","language":"en","uri":"http://localhost:3000/users/admin/statuses/115045579715866703","url":"http://localhost:3000/@admin/115045579715866703","replies_count":0,"reblogs_count":0,"favourites_count":0,"edited_at":null,"favourited":false,"reblogged":false,"muted":false,"bookmarked":false,"pinned":false,"text":"@mastodonpy_test
        hey how you doing - 3!","filtered":[],"reblog":null,"application":{"name":"Mastodon.py
        test suite","website":null},"account":{"id":"115045157726281124","username":"admin","acct":"admin","display_name":"","locked":false,"bot":false,"discoverable":null,"indexable":false,"group":false,"created_at":"2025-08-17T00:00:00.000Z","note":"","url":"http://localhost:3000/@admin","uri":"http://localhost:3000/users/admin","avatar":"http://localhost:3000/avatars/original/missing.png","avatar_static":"http://localhost:3000/avatars/original/missing.png","header":"http://localhost:3000/headers/original/missing.png","header_static":"http://localhost:3000/headers/original/missing.png","followers_count":0,"following_count":0,"statuses_count":6,"last_status_at":"2025-08-17","hide_collections":null,"noindex":false,"emojis":[],"roles":[{"id":"3","name":"Owner","color":""}],"fields":[]},"media_attachments":[],"mentions":[{"id":"115045158004229352","username":"mastodonpy_test","url":"http://localhost:3000/@mastodonpy_test","acct":"mastodonpy_test"}],"tags":[],"emojis":[],"quote":null,"card":null,"poll":null}'
    headers:
      Content-Length:
      - '1602'
      cache-control:
      - private, no-store
      content-security-policy:
      - default-src 'none'; frame-ancestors 'none'; form-action 'none'
      content-type:
      - application/json; charset=utf-8
      etag:
      - W/"993efab790eb2025b55d2794b191a08b"
      referrer-policy:
      - strict-origin-when-cross-origin
      server-timing:
      - cache_read.active_support;dur=0.07, sql.active_record;dur=9.01, cache_generate.active_support;dur=3.58,
        cache_write.active_support;dur=0.14, instantiation.active_record;dur=0.64,
        start_processing.action_controller;dur=0.00, start_transaction.active_record;dur=0.00,
        transaction.active_record;dur=4.47, render.active_model_serializers;dur=17.25,
        process_action.action_controller;dur=55.08
      vary:
      - Authorization, Origin
      x-content-type-options:
      - nosniff
      x-frame-options:
      - SAMEORIGIN
      x-permitted-cross-domain-policies:
      - none
      x-ratelimit-limit:
      - '30'
      x-ratelimit-remaining:
      - '29'
      x-ratelimit-reset:
      - '2025-08-17T19:00:00.594650Z'
      x-request-id:
      - e895d7e4-d97b-4e11-84c0-5e9fe24f96f5
      x-runtime:
      - '0.072572'
      x-xss-protection:
      - '0'
    status:
      code: 200
      message: OK
- request:
    body: null
    headers:
      Accept:
      - '*/*'
      Accept-Encoding:
      - gzip, deflate, br
      Authorization:
      - Bearer __MASTODON_PY_TEST_ACCESS_TOKEN_2
      Connection:
      - keep-alive
      Content-Length:
      - '0'
      User-Agent:
      - tests/v311
    method: DELETE
    uri: http://localhost:3000/api/v1/statuses/115045579724539312
  response:
    body:
      string: '{"id":"115045579724539312","created_at":"2025-08-17T18:43:53.591Z","in_reply_to_id":null,"in_reply_to_account_id":null,"sensitive":false,"spoiler_text":"","visibility":"public","language":"en","uri":"http://localhost:3000/users/admin/statuses/115045579724539312","url":"http://localhost:3000/@admin/115045579724539312","replies_count":0,"reblogs_count":0,"favourites_count":0,"edited_at":null,"favourited":false,"reblogged":false,"muted":false,"bookmarked":false,"pinned":false,"text":"@mastodonpy_test
        hey how you doing - 4!","filtered":[],"reblog":null,"application":{"name":"Mastodon.py
        test suite","website":null},"account":{"id":"115045157726281124","username":"admin","acct":"admin","display_name":"","locked":false,"bot":false,"discoverable":null,"indexable":false,"group":false,"created_at":"2025-08-17T00:00:00.000Z","note":"","url":"http://localhost:3000/@admin","uri":"http://localhost:3000/users/admin","avatar":"http://localhost:3000/avatars/original/missing.png","avatar_static":"http://localhost:3000/avatars/original/missing.png","header":"http://localhost:3000/headers/original/missing.png","header_static":"http://localhost:3000/headers/original/missing.png","followers_count":0,"following_count":0,"statuses_count":5,"last_status_at":"2025-08-17","hide_collections":null,"noindex":false,"emojis":[],"roles":[{"id":"3","name":"Owner","color":""}],"fields":[]},"media_attachments":[],"mentions":[{"id":"115045158004229352","username":"mastodonpy_test","url":"http://localhost:3000/@mastodonpy_test","acct":"mastodonpy_test"}],"tags":[],"emojis":[],"quote":null,"card":null,"poll":null}'
    headers:
      Content-Length:
      - '1602'
      cache-control:
      - private, no-store
      content-security-policy:
      - default-src 'none'; frame-ancestors 'none'; form-action 'none'
      content-type:
      - application/json; charset=utf-8
      etag:
      - W/"489fc73e16133b720066936bfc3b76c5"
      referrer-policy:
      - strict-origin-when-cross-origin
      server-timing:
      - cache_read.active_support;dur=0.08, sql.active_record;dur=8.69, cache_generate.active_support;dur=3.05,
        cache_write.active_support;dur=0.17, instantiation.active_record;dur=0.82,
        start_processing.action_controller;dur=0.00, start_transaction.active_record;dur=0.00,
        transaction.active_record;dur=4.50, render.active_model_serializers;dur=26.90,
        process_action.action_controller;dur=64.99
      vary:
      - Authorization, Origin
      x-content-type-options:
      - nosniff
      x-frame-options:
      - SAMEORIGIN
      x-permitted-cross-domain-policies:
      - none
      x-ratelimit-limit:
      - '30'
      x-ratelimit-remaining:
      - '29'
      x-ratelimit-reset:
      - '2025-08-17T19:00:00.706264Z'
      x-request-id:
      - 0a1bece5-078a-47b9-991e-559aa2daaf53
      x-runtime:
      - '0.082873'
      x-xss-protection:
      - '0'
    status:
      code: 200
      message: OK
- request:
    body: null
    headers:
      Accept:
      - '*/*'
      Accept-Encoding:
      - gzip, deflate, br
      Authorization:
      - Bearer __MASTODON_PY_TEST_ACCESS_TOKEN_2
      Connection:
      - keep-alive
      Content-Length:
      - '0'
      User-Agent:
      - tests/v311
    method: DELETE
    uri: http://localhost:3000/api/v1/statuses/115045579732999853
  response:
    body:
      string: '{"id":"115045579732999853","created_at":"2025-08-17T18:43:53.720Z","in_reply_to_id":null,"in_reply_to_account_id":null,"sensitive":false,"spoiler_text":"","visibility":"public","language":"en","uri":"http://localhost:3000/users/admin/statuses/115045579732999853","url":"http://localhost:3000/@admin/115045579732999853","replies_count":0,"reblogs_count":0,"favourites_count":0,"edited_at":null,"favourited":false,"reblogged":false,"muted":false,"bookmarked":false,"pinned":false,"text":"@mastodonpy_test
        hey how you doing - 5!","filtered":[],"reblog":null,"application":{"name":"Mastodon.py
        test suite","website":null},"account":{"id":"115045157726281124","username":"admin","acct":"admin","display_name":"","locked":false,"bot":false,"discoverable":null,"indexable":false,"group":false,"created_at":"2025-08-17T00:00:00.000Z","note":"","url":"http://localhost:3000/@admin","uri":"http://localhost:3000/users/admin","avatar":"http://localhost:3000/avatars/original/missing.png","avatar_static":"http://localhost:3000/avatars/original/missing.png","header":"http://localhost:3000/headers/original/missing.png","header_static":"http://localhost:3000/headers/original/missing.png","followers_count":0,"following_count":0,"statuses_count":4,"last_status_at":"2025-08-17","hide_collections":null,"noindex":false,"emojis":[],"roles":[{"id":"3","name":"Owner","color":""}],"fields":[]},"media_attachments":[],"mentions":[{"id":"115045158004229352","username":"mastodonpy_test","url":"http://localhost:3000/@mastodonpy_test","acct":"mastodonpy_test"}],"tags":[],"emojis":[],"quote":null,"card":null,"poll":null}'
    headers:
      Content-Length:
      - '1602'
      cache-control:
      - private, no-store
      content-security-policy:
      - default-src 'none'; frame-ancestors 'none'; form-action 'none'
      content-type:
      - application/json; charset=utf-8
      etag:
      - W/"4339823d449c5ce3442b4a007443e1ad"
      referrer-policy:
      - strict-origin-when-cross-origin
      server-timing:
      - cache_read.active_support;dur=0.08, sql.active_record;dur=8.84, cache_generate.active_support;dur=3.58,
        cache_write.active_support;dur=0.18, instantiation.active_record;dur=0.67,
        start_processing.action_controller;dur=0.00, start_transaction.active_record;dur=0.00,
        transaction.active_record;dur=4.64, render.active_model_serializers;dur=18.53,
        process_action.action_controller;dur=56.64
      vary:
      - Authorization, Origin
      x-content-type-options:
      - nosniff
      x-frame-options:
      - SAMEORIGIN
      x-permitted-cross-domain-policies:
      - none
      x-ratelimit-limit:
      - '30'
      x-ratelimit-remaining:
      - '29'
      x-ratelimit-reset:
      - '2025-08-17T19:00:00.832948Z'
      x-request-id:
      - 81c5cec1-902f-4b2f-8ce5-48f915e296fe
      x-runtime:
      - '0.075058'
      x-xss-protection:
      - '0'
    status:
      code: 200
      message: OK
- request:
    body: null
    headers:
      Accept:
      - '*/*'
      Accept-Encoding:
      - gzip, deflate, br
      Authorization:
      - Bearer __MASTODON_PY_TEST_ACCESS_TOKEN_2
      Connection:
      - keep-alive
      Content-Length:
      - '0'
      User-Agent:
      - tests/v311
    method: DELETE
    uri: http://localhost:3000/api/v1/statuses/115045579741647445
  response:
    body:
      string: '{"id":"115045579741647445","created_at":"2025-08-17T18:43:53.852Z","in_reply_to_id":null,"in_reply_to_account_id":null,"sensitive":false,"spoiler_text":"","visibility":"public","language":"en","uri":"http://localhost:3000/users/admin/statuses/115045579741647445","url":"http://localhost:3000/@admin/115045579741647445","replies_count":0,"reblogs_count":0,"favourites_count":0,"edited_at":null,"favourited":false,"reblogged":false,"muted":false,"bookmarked":false,"pinned":false,"text":"@mastodonpy_test
        hey how you doing - 6!","filtered":[],"reblog":null,"application":{"name":"Mastodon.py
        test suite","website":null},"account":{"id":"115045157726281124","username":"admin","acct":"admin","display_name":"","locked":false,"bot":false,"discoverable":null,"indexable":false,"group":false,"created_at":"2025-08-17T00:00:00.000Z","note":"","url":"http://localhost:3000/@admin","uri":"http://localhost:3000/users/admin","avatar":"http://localhost:3000/avatars/original/missing.png","avatar_static":"http://localhost:3000/avatars/original/missing.png","header":"http://localhost:3000/headers/original/missing.png","header_static":"http://localhost:3000/headers/original/missing.png","followers_count":0,"following_count":0,"statuses_count":3,"last_status_at":"2025-08-17","hide_collections":null,"noindex":false,"emojis":[],"roles":[{"id":"3","name":"Owner","color":""}],"fields":[]},"media_attachments":[],"mentions":[{"id":"115045158004229352","username":"mastodonpy_test","url":"http://localhost:3000/@mastodonpy_test","acct":"mastodonpy_test"}],"tags":[],"emojis":[],"quote":null,"card":null,"poll":null}'
    headers:
      Content-Length:
      - '1602'
      cache-control:
      - private, no-store
      content-security-policy:
      - default-src 'none'; frame-ancestors 'none'; form-action 'none'
      content-type:
      - application/json; charset=utf-8
      etag:
      - W/"a59d4553204da67300e11bcf6beaaf89"
      referrer-policy:
      - strict-origin-when-cross-origin
      server-timing:
      - cache_read.active_support;dur=0.08, sql.active_record;dur=8.05, cache_generate.active_support;dur=4.06,
        cache_write.active_support;dur=0.20, instantiation.active_record;dur=0.71,
        start_processing.action_controller;dur=0.00, start_transaction.active_record;dur=0.00,
        transaction.active_record;dur=4.45, render.active_model_serializers;dur=18.73,
        process_action.action_controller;dur=57.13
      vary:
      - Authorization, Origin
      x-content-type-options:
      - nosniff
      x-frame-options:
      - SAMEORIGIN
      x-permitted-cross-domain-policies:
      - none
      x-ratelimit-limit:
      - '30'
      x-ratelimit-remaining:
      - '29'
      x-ratelimit-reset:
      - '2025-08-17T19:00:00.953617Z'
      x-request-id:
      - 38375abd-ff49-4a40-af44-eb6952ea0600
      x-runtime:
      - '0.076877'
      x-xss-protection:
      - '0'
    status:
      code: 200
      message: OK
- request:
    body: null
    headers:
      Accept:
      - '*/*'
      Accept-Encoding:
      - gzip, deflate, br
      Authorization:
      - Bearer __MASTODON_PY_TEST_ACCESS_TOKEN_2
      Connection:
      - keep-alive
      Content-Length:
      - '0'
      User-Agent:
      - tests/v311
    method: DELETE
    uri: http://localhost:3000/api/v1/statuses/115045579750989022
  response:
    body:
      string: '{"id":"115045579750989022","created_at":"2025-08-17T18:43:53.997Z","in_reply_to_id":null,"in_reply_to_account_id":null,"sensitive":false,"spoiler_text":"","visibility":"public","language":"en","uri":"http://localhost:3000/users/admin/statuses/115045579750989022","url":"http://localhost:3000/@admin/115045579750989022","replies_count":0,"reblogs_count":0,"favourites_count":0,"edited_at":null,"favourited":false,"reblogged":false,"muted":false,"bookmarked":false,"pinned":false,"text":"@mastodonpy_test
        hey how you doing - 7!","filtered":[],"reblog":null,"application":{"name":"Mastodon.py
        test suite","website":null},"account":{"id":"115045157726281124","username":"admin","acct":"admin","display_name":"","locked":false,"bot":false,"discoverable":null,"indexable":false,"group":false,"created_at":"2025-08-17T00:00:00.000Z","note":"","url":"http://localhost:3000/@admin","uri":"http://localhost:3000/users/admin","avatar":"http://localhost:3000/avatars/original/missing.png","avatar_static":"http://localhost:3000/avatars/original/missing.png","header":"http://localhost:3000/headers/original/missing.png","header_static":"http://localhost:3000/headers/original/missing.png","followers_count":0,"following_count":0,"statuses_count":2,"last_status_at":"2025-08-17","hide_collections":null,"noindex":false,"emojis":[],"roles":[{"id":"3","name":"Owner","color":""}],"fields":[]},"media_attachments":[],"mentions":[{"id":"115045158004229352","username":"mastodonpy_test","url":"http://localhost:3000/@mastodonpy_test","acct":"mastodonpy_test"}],"tags":[],"emojis":[],"quote":null,"card":null,"poll":null}'
    headers:
      Content-Length:
      - '1602'
      cache-control:
      - private, no-store
      content-security-policy:
      - default-src 'none'; frame-ancestors 'none'; form-action 'none'
      content-type:
      - application/json; charset=utf-8
      etag:
      - W/"7dedbe3784f240221b883a4630ddd10f"
      referrer-policy:
      - strict-origin-when-cross-origin
      server-timing:
      - cache_read.active_support;dur=0.07, sql.active_record;dur=8.36, cache_generate.active_support;dur=2.99,
        cache_write.active_support;dur=0.15, instantiation.active_record;dur=0.75,
        start_processing.action_controller;dur=0.00, start_transaction.active_record;dur=0.00,
        transaction.active_record;dur=4.49, render.active_model_serializers;dur=33.70,
        process_action.action_controller;dur=72.73
      vary:
      - Authorization, Origin
      x-content-type-options:
      - nosniff
      x-frame-options:
      - SAMEORIGIN
      x-permitted-cross-domain-policies:
      - none
      x-ratelimit-limit:
      - '30'
      x-ratelimit-remaining:
      - '29'
      x-ratelimit-reset:
      - '2025-08-17T19:00:00.071463Z'
      x-request-id:
      - 33c73cc4-d9d8-454b-9bef-bb04f567b629
      x-runtime:
      - '0.090183'
      x-xss-protection:
      - '0'
    status:
      code: 200
      message: OK
- request:
    body: null
    headers:
      Accept:
      - '*/*'
      Accept-Encoding:
      - gzip, deflate, br
      Authorization:
      - Bearer __MASTODON_PY_TEST_ACCESS_TOKEN_2
      Connection:
      - keep-alive
      Content-Length:
      - '0'
      User-Agent:
      - tests/v311
    method: DELETE
    uri: http://localhost:3000/api/v1/statuses/115045579761175873
  response:
    body:
      string: '{"id":"115045579761175873","created_at":"2025-08-17T18:43:54.151Z","in_reply_to_id":null,"in_reply_to_account_id":null,"sensitive":false,"spoiler_text":"","visibility":"public","language":"en","uri":"http://localhost:3000/users/admin/statuses/115045579761175873","url":"http://localhost:3000/@admin/115045579761175873","replies_count":0,"reblogs_count":0,"favourites_count":0,"edited_at":null,"favourited":false,"reblogged":false,"muted":false,"bookmarked":false,"pinned":false,"text":"@mastodonpy_test
        hey how you doing - 8!","filtered":[],"reblog":null,"application":{"name":"Mastodon.py
        test suite","website":null},"account":{"id":"115045157726281124","username":"admin","acct":"admin","display_name":"","locked":false,"bot":false,"discoverable":null,"indexable":false,"group":false,"created_at":"2025-08-17T00:00:00.000Z","note":"","url":"http://localhost:3000/@admin","uri":"http://localhost:3000/users/admin","avatar":"http://localhost:3000/avatars/original/missing.png","avatar_static":"http://localhost:3000/avatars/original/missing.png","header":"http://localhost:3000/headers/original/missing.png","header_static":"http://localhost:3000/headers/original/missing.png","followers_count":0,"following_count":0,"statuses_count":1,"last_status_at":"2025-08-17","hide_collections":null,"noindex":false,"emojis":[],"roles":[{"id":"3","name":"Owner","color":""}],"fields":[]},"media_attachments":[],"mentions":[{"id":"115045158004229352","username":"mastodonpy_test","url":"http://localhost:3000/@mastodonpy_test","acct":"mastodonpy_test"}],"tags":[],"emojis":[],"quote":null,"card":null,"poll":null}'
    headers:
      Content-Length:
      - '1602'
      cache-control:
      - private, no-store
      content-security-policy:
      - default-src 'none'; frame-ancestors 'none'; form-action 'none'
      content-type:
      - application/json; charset=utf-8
      etag:
      - W/"69d79c8fc34c4c1b66dbfcfc58f4d955"
      referrer-policy:
      - strict-origin-when-cross-origin
      server-timing:
      - cache_read.active_support;dur=0.07, sql.active_record;dur=8.79, cache_generate.active_support;dur=3.96,
        cache_write.active_support;dur=0.16, instantiation.active_record;dur=0.85,
        start_processing.action_controller;dur=0.00, start_transaction.active_record;dur=0.00,
        transaction.active_record;dur=4.39, render.active_model_serializers;dur=22.58,
        process_action.action_controller;dur=60.21
      vary:
      - Authorization, Origin
      x-content-type-options:
      - nosniff
      x-frame-options:
      - SAMEORIGIN
      x-permitted-cross-domain-policies:
      - none
      x-ratelimit-limit:
      - '30'
      x-ratelimit-remaining:
      - '29'
      x-ratelimit-reset:
      - '2025-08-17T19:00:00.209363Z'
      x-request-id:
      - adbab8d0-1f25-4049-b961-83349f79daaf
      x-runtime:
      - '0.078000'
      x-xss-protection:
      - '0'
    status:
      code: 200
      message: OK
- request:
    body: null
    headers:
      Accept:
      - '*/*'
      Accept-Encoding:
      - gzip, deflate, br
      Authorization:
      - Bearer __MASTODON_PY_TEST_ACCESS_TOKEN_2
      Connection:
      - keep-alive
      Content-Length:
      - '0'
      User-Agent:
      - tests/v311
    method: DELETE
    uri: http://localhost:3000/api/v1/statuses/115045579770736880
  response:
    body:
      string: '{"id":"115045579770736880","created_at":"2025-08-17T18:43:54.296Z","in_reply_to_id":null,"in_reply_to_account_id":null,"sensitive":false,"spoiler_text":"","visibility":"public","language":"en","uri":"http://localhost:3000/users/admin/statuses/115045579770736880","url":"http://localhost:3000/@admin/115045579770736880","replies_count":0,"reblogs_count":0,"favourites_count":0,"edited_at":null,"favourited":false,"reblogged":false,"muted":false,"bookmarked":false,"pinned":false,"text":"@mastodonpy_test
        hey how you doing - 9!","filtered":[],"reblog":null,"application":{"name":"Mastodon.py
        test suite","website":null},"account":{"id":"115045157726281124","username":"admin","acct":"admin","display_name":"","locked":false,"bot":false,"discoverable":null,"indexable":false,"group":false,"created_at":"2025-08-17T00:00:00.000Z","note":"","url":"http://localhost:3000/@admin","uri":"http://localhost:3000/users/admin","avatar":"http://localhost:3000/avatars/original/missing.png","avatar_static":"http://localhost:3000/avatars/original/missing.png","header":"http://localhost:3000/headers/original/missing.png","header_static":"http://localhost:3000/headers/original/missing.png","followers_count":0,"following_count":0,"statuses_count":0,"last_status_at":"2025-08-17","hide_collections":null,"noindex":false,"emojis":[],"roles":[{"id":"3","name":"Owner","color":""}],"fields":[]},"media_attachments":[],"mentions":[{"id":"115045158004229352","username":"mastodonpy_test","url":"http://localhost:3000/@mastodonpy_test","acct":"mastodonpy_test"}],"tags":[],"emojis":[],"quote":null,"card":null,"poll":null}'
    headers:
      Content-Length:
      - '1602'
      cache-control:
      - private, no-store
      content-security-policy:
      - default-src 'none'; frame-ancestors 'none'; form-action 'none'
      content-type:
      - application/json; charset=utf-8
      etag:
      - W/"a16cdacb3756887db307364494b282d4"
      referrer-policy:
      - strict-origin-when-cross-origin
      server-timing:
      - cache_read.active_support;dur=0.08, sql.active_record;dur=8.91, cache_generate.active_support;dur=3.24,
        cache_write.active_support;dur=0.16, instantiation.active_record;dur=0.79,
        start_processing.action_controller;dur=0.00, start_transaction.active_record;dur=0.00,
        transaction.active_record;dur=4.92, render.active_model_serializers;dur=20.05,
        process_action.action_controller;dur=58.61
      vary:
      - Authorization, Origin
      x-content-type-options:
      - nosniff
      x-frame-options:
      - SAMEORIGIN
      x-permitted-cross-domain-policies:
      - none
      x-ratelimit-limit:
      - '30'
      x-ratelimit-remaining:
      - '29'
      x-ratelimit-reset:
      - '2025-08-17T19:00:00.330616Z'
      x-request-id:
      - 4c94149f-f1e5-4d47-a180-ee0c461c4de9
      x-runtime:
      - '0.075944'
      x-xss-protection:
      - '0'
    status:
      code: 200
      message: OK
version: 1
