interactions:
- request:
    body: null
    headers:
      Accept:
      - '*/*'
      Accept-Encoding:
      - gzip, deflate, br
      Authorization:
      - Bearer __MASTODON_PY_TEST_ACCESS_TOKEN_2
      Connection:
      - keep-alive
      User-Agent:
      - tests/v311
    method: GET
    uri: http://localhost:3000/api/v1/accounts/verify_credentials
  response:
    body:
      string: '{"id":"115033965466813222","username":"admin","acct":"admin","display_name":"","locked":false,"bot":false,"discoverable":null,"indexable":false,"group":false,"created_at":"2025-08-15T00:00:00.000Z","note":"","url":"http://localhost:3000/@admin","uri":"http://localhost:3000/users/admin","avatar":"http://localhost:3000/avatars/original/missing.png","avatar_static":"http://localhost:3000/avatars/original/missing.png","header":"http://localhost:3000/headers/original/missing.png","header_static":"http://localhost:3000/headers/original/missing.png","followers_count":0,"following_count":0,"statuses_count":0,"last_status_at":"2025-08-15","hide_collections":null,"noindex":false,"source":{"privacy":"public","sensitive":false,"language":null,"note":"","fields":[],"follow_requests_count":0,"hide_collections":null,"discoverable":null,"indexable":false},"emojis":[],"roles":[{"id":"3","name":"Owner","color":""}],"fields":[],"role":{"id":"3","name":"Owner","permissions":"1048575","color":"","highlighted":true}}'
    headers:
      Cache-Control:
      - private, no-store
      Content-Length:
      - '1010'
      Content-Security-Policy:
      - default-src 'none'; frame-ancestors 'none'; form-action 'none'
      Content-Type:
      - application/json; charset=utf-8
      ETag:
      - W/"901229a4c5a66235f03efff55b92086a"
      Referrer-Policy:
      - strict-origin-when-cross-origin
      Server-Timing:
      - cache_read.active_support;dur=0.04, sql.active_record;dur=1.04, cache_generate.active_support;dur=1.48,
        cache_write.active_support;dur=0.10, instantiation.active_record;dur=0.35,
        start_processing.action_controller;dur=0.00, render.active_model_serializers;dur=4.23,
        process_action.action_controller;dur=25.22
      X-Content-Type-Options:
      - nosniff
      X-Frame-Options:
      - SAMEORIGIN
      X-Permitted-Cross-Domain-Policies:
      - none
      X-RateLimit-Limit:
      - '300'
      X-RateLimit-Remaining:
      - '299'
      X-RateLimit-Reset:
      - '2025-08-15T17:35:00.276342Z'
      X-Request-Id:
      - 5f578b74-e207-440b-9866-c08cdf10f0df
      X-Runtime:
      - '0.045513'
      X-XSS-Protection:
      - '0'
      vary:
      - Authorization, Origin
    status:
      code: 200
      message: OK
- request:
    body: reblogs=1&notify=0
    headers:
      Accept:
      - '*/*'
      Accept-Encoding:
      - gzip, deflate, br
      Authorization:
      - Bearer __MASTODON_PY_TEST_ACCESS_TOKEN
      Connection:
      - keep-alive
      Content-Length:
      - '18'
      Content-Type:
      - application/x-www-form-urlencoded
      User-Agent:
      - tests/v311
    method: POST
    uri: http://localhost:3000/api/v1/accounts/115033965466813222/follow
  response:
    body:
      string: '{"id":"115033965466813222","following":true,"showing_reblogs":true,"notifying":false,"languages":null,"followed_by":false,"blocking":false,"blocked_by":false,"muting":false,"muting_notifications":false,"requested":false,"requested_by":false,"domain_blocking":false,"endorsed":false,"note":"top
        ebayer gerne wieder"}'
    headers:
      Cache-Control:
      - private, no-store
      Content-Length:
      - '315'
      Content-Security-Policy:
      - default-src 'none'; frame-ancestors 'none'; form-action 'none'
      Content-Type:
      - application/json; charset=utf-8
      ETag:
      - W/"034b43e248e558e623e4c1e518e15209"
      Referrer-Policy:
      - strict-origin-when-cross-origin
      Server-Timing:
      - cache_read.active_support;dur=0.02, sql.active_record;dur=6.73, cache_generate.active_support;dur=0.87,
        cache_write.active_support;dur=0.08, instantiation.active_record;dur=0.50,
        start_processing.action_controller;dur=0.00, transaction.active_record;dur=7.29,
        cache_delete.active_support;dur=0.03, cache_read_multi.active_support;dur=0.03,
        cache_write_multi.active_support;dur=0.06, render.active_model_serializers;dur=0.15,
        process_action.action_controller;dur=40.89
      X-Content-Type-Options:
      - nosniff
      X-Frame-Options:
      - SAMEORIGIN
      X-Permitted-Cross-Domain-Policies:
      - none
      X-RateLimit-Limit:
      - '300'
      X-RateLimit-Remaining:
      - '299'
      X-RateLimit-Reset:
      - '2025-08-15T17:35:00.343930Z'
      X-Request-Id:
      - 50c5ffe0-04ff-48da-903f-2f1fdf4bbe76
      X-Runtime:
      - '0.061284'
      X-XSS-Protection:
      - '0'
      vary:
      - Authorization, Origin
    status:
      code: 200
      message: OK
- request:
    body: null
    headers:
      Accept:
      - '*/*'
      Accept-Encoding:
      - gzip, deflate, br
      Authorization:
      - Bearer __MASTODON_PY_TEST_ACCESS_TOKEN_2
      Connection:
      - keep-alive
      User-Agent:
      - tests/v311
    method: GET
    uri: http://localhost:3000/api/v1/accounts/verify_credentials
  response:
    body:
      string: '{"id":"115033965466813222","username":"admin","acct":"admin","display_name":"","locked":false,"bot":false,"discoverable":null,"indexable":false,"group":false,"created_at":"2025-08-15T00:00:00.000Z","note":"","url":"http://localhost:3000/@admin","uri":"http://localhost:3000/users/admin","avatar":"http://localhost:3000/avatars/original/missing.png","avatar_static":"http://localhost:3000/avatars/original/missing.png","header":"http://localhost:3000/headers/original/missing.png","header_static":"http://localhost:3000/headers/original/missing.png","followers_count":1,"following_count":0,"statuses_count":0,"last_status_at":"2025-08-15","hide_collections":null,"noindex":false,"source":{"privacy":"public","sensitive":false,"language":null,"note":"","fields":[],"follow_requests_count":0,"hide_collections":null,"discoverable":null,"indexable":false},"emojis":[],"roles":[{"id":"3","name":"Owner","color":""}],"fields":[],"role":{"id":"3","name":"Owner","permissions":"1048575","color":"","highlighted":true}}'
    headers:
      Cache-Control:
      - private, no-store
      Content-Length:
      - '1010'
      Content-Security-Policy:
      - default-src 'none'; frame-ancestors 'none'; form-action 'none'
      Content-Type:
      - application/json; charset=utf-8
      ETag:
      - W/"f8044a322da9631ebc7b609d5f2b186b"
      Referrer-Policy:
      - strict-origin-when-cross-origin
      Server-Timing:
      - cache_read.active_support;dur=0.03, sql.active_record;dur=1.08, cache_generate.active_support;dur=1.34,
        cache_write.active_support;dur=0.10, instantiation.active_record;dur=0.33,
        start_processing.action_controller;dur=0.00, render.active_model_serializers;dur=4.31,
        process_action.action_controller;dur=25.43
      X-Content-Type-Options:
      - nosniff
      X-Frame-Options:
      - SAMEORIGIN
      X-Permitted-Cross-Domain-Policies:
      - none
      X-RateLimit-Limit:
      - '300'
      X-RateLimit-Remaining:
      - '299'
      X-RateLimit-Reset:
      - '2025-08-15T17:35:00.419127Z'
      X-Request-Id:
      - a57b673c-6233-484a-b8e5-17a36a5d4e08
      X-Runtime:
      - '0.048291'
      X-XSS-Protection:
      - '0'
      vary:
      - Authorization, Origin
    status:
      code: 200
      message: OK
- request:
    body: null
    headers:
      Accept:
      - '*/*'
      Accept-Encoding:
      - gzip, deflate, br
      Authorization:
      - Bearer __MASTODON_PY_TEST_ACCESS_TOKEN
      Connection:
      - keep-alive
      User-Agent:
      - tests/v311
    method: GET
    uri: http://localhost:3000/api/v1/accounts/relationships?id=115033965466813222
  response:
    body:
      string: '[{"id":"115033965466813222","following":true,"showing_reblogs":true,"notifying":false,"languages":null,"followed_by":false,"blocking":false,"blocked_by":false,"muting":false,"muting_notifications":false,"requested":false,"requested_by":false,"domain_blocking":false,"endorsed":false,"note":"top
        ebayer gerne wieder"}]'
    headers:
      Cache-Control:
      - private, no-store
      Content-Length:
      - '317'
      Content-Security-Policy:
      - default-src 'none'; frame-ancestors 'none'; form-action 'none'
      Content-Type:
      - application/json; charset=utf-8
      ETag:
      - W/"7157a81f286b83b9c9eb88e25f7da70a"
      Referrer-Policy:
      - strict-origin-when-cross-origin
      Server-Timing:
      - cache_read.active_support;dur=0.02, sql.active_record;dur=1.29, cache_generate.active_support;dur=0.93,
        cache_write.active_support;dur=0.07, instantiation.active_record;dur=0.31,
        start_processing.action_controller;dur=0.00, cache_read_multi.active_support;dur=0.05,
        cache_write_multi.active_support;dur=0.06, render.active_model_serializers;dur=0.17,
        process_action.action_controller;dur=26.78
      X-Content-Type-Options:
      - nosniff
      X-Frame-Options:
      - SAMEORIGIN
      X-Permitted-Cross-Domain-Policies:
      - none
      X-RateLimit-Limit:
      - '300'
      X-RateLimit-Remaining:
      - '299'
      X-RateLimit-Reset:
      - '2025-08-15T17:35:00.493555Z'
      X-Request-Id:
      - f89c0cfa-2cbf-4a0c-aaff-a09de124b0ce
      X-Runtime:
      - '0.048128'
      X-XSS-Protection:
      - '0'
      vary:
      - Authorization, Origin
    status:
      code: 200
      message: OK
- request:
    body: null
    headers:
      Accept:
      - '*/*'
      Accept-Encoding:
      - gzip, deflate, br
      Authorization:
      - Bearer __MASTODON_PY_TEST_ACCESS_TOKEN
      Connection:
      - keep-alive
      User-Agent:
      - tests/v311
    method: GET
    uri: http://localhost:3000/api/v1/accounts/verify_credentials
  response:
    body:
      string: '{"id":"115033965771926537","username":"mastodonpy_test","acct":"mastodonpy_test","display_name":"John
        Lennon","locked":true,"bot":false,"discoverable":null,"indexable":false,"group":false,"created_at":"2025-08-15T00:00:00.000Z","note":"\u003cp\u003eI
        walk funny\u003c/p\u003e","url":"http://localhost:3000/@mastodonpy_test","uri":"http://localhost:3000/users/mastodonpy_test","avatar":"http://localhost:3000/system/accounts/avatars/115/033/965/771/926/537/original/18c45c7a401c8a35.jpg","avatar_static":"http://localhost:3000/system/accounts/avatars/115/033/965/771/926/537/original/18c45c7a401c8a35.jpg","header":"http://localhost:3000/system/accounts/headers/115/033/965/771/926/537/original/52028bd44df7a0ef.jpg","header_static":"http://localhost:3000/system/accounts/headers/115/033/965/771/926/537/original/52028bd44df7a0ef.jpg","followers_count":0,"following_count":1,"statuses_count":0,"last_status_at":"2025-08-15","hide_collections":null,"noindex":false,"source":{"privacy":"private","sensitive":false,"language":null,"note":"I
        walk funny","fields":[{"name":"bread","value":"toasty.","verified_at":null},{"name":"lasagna","value":"no!!!","verified_at":null}],"follow_requests_count":0,"hide_collections":null,"discoverable":null,"indexable":false},"emojis":[],"roles":[],"fields":[{"name":"bread","value":"toasty.","verified_at":null},{"name":"lasagna","value":"no!!!","verified_at":null}],"role":{"id":"-99","name":"","permissions":"65536","color":"","highlighted":false}}'
    headers:
      Cache-Control:
      - private, no-store
      Content-Length:
      - '1482'
      Content-Security-Policy:
      - default-src 'none'; frame-ancestors 'none'; form-action 'none'
      Content-Type:
      - application/json; charset=utf-8
      ETag:
      - W/"7d4c1cabfcf5a62e2796eff3eca63771"
      Referrer-Policy:
      - strict-origin-when-cross-origin
      Server-Timing:
      - cache_read.active_support;dur=0.03, sql.active_record;dur=0.94, cache_generate.active_support;dur=1.46,
        cache_write.active_support;dur=0.10, instantiation.active_record;dur=0.31,
        start_processing.action_controller;dur=0.00, render.active_model_serializers;dur=4.16,
        process_action.action_controller;dur=24.86
      X-Content-Type-Options:
      - nosniff
      X-Frame-Options:
      - SAMEORIGIN
      X-Permitted-Cross-Domain-Policies:
      - none
      X-RateLimit-Limit:
      - '300'
      X-RateLimit-Remaining:
      - '299'
      X-RateLimit-Reset:
      - '2025-08-15T17:35:00.552521Z'
      X-Request-Id:
      - a6cdb0ae-6bbc-4163-acb2-8e455ccedd18
      X-Runtime:
      - '0.045460'
      X-XSS-Protection:
      - '0'
      vary:
      - Authorization, Origin
    status:
      code: 200
      message: OK
- request:
    body: null
    headers:
      Accept:
      - '*/*'
      Accept-Encoding:
      - gzip, deflate, br
      Authorization:
      - Bearer __MASTODON_PY_TEST_ACCESS_TOKEN_2
      Connection:
      - keep-alive
      Content-Length:
      - '0'
      User-Agent:
      - tests/v311
    method: POST
    uri: http://localhost:3000/api/v1/accounts/115033965771926537/remove_from_followers
  response:
    body:
      string: '{"id":"115033965771926537","following":false,"showing_reblogs":false,"notifying":false,"languages":null,"followed_by":false,"blocking":false,"blocked_by":false,"muting":false,"muting_notifications":false,"requested":false,"requested_by":false,"domain_blocking":false,"endorsed":false,"note":""}'
    headers:
      Cache-Control:
      - private, no-store
      Content-Length:
      - '294'
      Content-Security-Policy:
      - default-src 'none'; frame-ancestors 'none'; form-action 'none'
      Content-Type:
      - application/json; charset=utf-8
      ETag:
      - W/"8e2cab3e00fb1a64fff4151237f5f53f"
      Referrer-Policy:
      - strict-origin-when-cross-origin
      Server-Timing:
      - cache_read.active_support;dur=0.02, sql.active_record;dur=6.62, cache_generate.active_support;dur=0.74,
        cache_write.active_support;dur=0.07, instantiation.active_record;dur=4.84,
        start_processing.action_controller;dur=0.00, transaction.active_record;dur=15.55,
        cache_delete.active_support;dur=0.04, cache_read_multi.active_support;dur=0.02,
        cache_write_multi.active_support;dur=0.05, render.active_model_serializers;dur=0.14,
        process_action.action_controller;dur=45.17
      X-Content-Type-Options:
      - nosniff
      X-Frame-Options:
      - SAMEORIGIN
      X-Permitted-Cross-Domain-Policies:
      - none
      X-RateLimit-Limit:
      - '300'
      X-RateLimit-Remaining:
      - '299'
      X-RateLimit-Reset:
      - '2025-08-15T17:35:00.626591Z'
      X-Request-Id:
      - a2fdee74-2f8f-4c43-98ac-9e5eea625b0a
      X-Runtime:
      - '0.066005'
      X-XSS-Protection:
      - '0'
      vary:
      - Authorization, Origin
    status:
      code: 200
      message: OK
- request:
    body: null
    headers:
      Accept:
      - '*/*'
      Accept-Encoding:
      - gzip, deflate, br
      Authorization:
      - Bearer __MASTODON_PY_TEST_ACCESS_TOKEN_2
      Connection:
      - keep-alive
      User-Agent:
      - tests/v311
    method: GET
    uri: http://localhost:3000/api/v1/accounts/verify_credentials
  response:
    body:
      string: '{"id":"115033965466813222","username":"admin","acct":"admin","display_name":"","locked":false,"bot":false,"discoverable":null,"indexable":false,"group":false,"created_at":"2025-08-15T00:00:00.000Z","note":"","url":"http://localhost:3000/@admin","uri":"http://localhost:3000/users/admin","avatar":"http://localhost:3000/avatars/original/missing.png","avatar_static":"http://localhost:3000/avatars/original/missing.png","header":"http://localhost:3000/headers/original/missing.png","header_static":"http://localhost:3000/headers/original/missing.png","followers_count":0,"following_count":0,"statuses_count":0,"last_status_at":"2025-08-15","hide_collections":null,"noindex":false,"source":{"privacy":"public","sensitive":false,"language":null,"note":"","fields":[],"follow_requests_count":0,"hide_collections":null,"discoverable":null,"indexable":false},"emojis":[],"roles":[{"id":"3","name":"Owner","color":""}],"fields":[],"role":{"id":"3","name":"Owner","permissions":"1048575","color":"","highlighted":true}}'
    headers:
      Cache-Control:
      - private, no-store
      Content-Length:
      - '1010'
      Content-Security-Policy:
      - default-src 'none'; frame-ancestors 'none'; form-action 'none'
      Content-Type:
      - application/json; charset=utf-8
      ETag:
      - W/"901229a4c5a66235f03efff55b92086a"
      Referrer-Policy:
      - strict-origin-when-cross-origin
      Server-Timing:
      - cache_read.active_support;dur=0.03, sql.active_record;dur=1.06, cache_generate.active_support;dur=1.43,
        cache_write.active_support;dur=0.10, instantiation.active_record;dur=0.26,
        start_processing.action_controller;dur=0.00, render.active_model_serializers;dur=3.92,
        process_action.action_controller;dur=24.53
      X-Content-Type-Options:
      - nosniff
      X-Frame-Options:
      - SAMEORIGIN
      X-Permitted-Cross-Domain-Policies:
      - none
      X-RateLimit-Limit:
      - '300'
      X-RateLimit-Remaining:
      - '299'
      X-RateLimit-Reset:
      - '2025-08-15T17:35:00.703311Z'
      X-Request-Id:
      - 606fc46d-576f-4da4-a88e-f85a2e2f047b
      X-Runtime:
      - '0.044362'
      X-XSS-Protection:
      - '0'
      vary:
      - Authorization, Origin
    status:
      code: 200
      message: OK
- request:
    body: null
    headers:
      Accept:
      - '*/*'
      Accept-Encoding:
      - gzip, deflate, br
      Authorization:
      - Bearer __MASTODON_PY_TEST_ACCESS_TOKEN
      Connection:
      - keep-alive
      User-Agent:
      - tests/v311
    method: GET
    uri: http://localhost:3000/api/v1/accounts/relationships?id=115033965466813222
  response:
    body:
      string: '[{"id":"115033965466813222","following":false,"showing_reblogs":false,"notifying":false,"languages":null,"followed_by":false,"blocking":false,"blocked_by":false,"muting":false,"muting_notifications":false,"requested":false,"requested_by":false,"domain_blocking":false,"endorsed":false,"note":"top
        ebayer gerne wieder"}]'
    headers:
      Cache-Control:
      - private, no-store
      Content-Length:
      - '319'
      Content-Security-Policy:
      - default-src 'none'; frame-ancestors 'none'; form-action 'none'
      Content-Type:
      - application/json; charset=utf-8
      ETag:
      - W/"23c91b9c8837c8706a84003e61db2ff2"
      Referrer-Policy:
      - strict-origin-when-cross-origin
      Server-Timing:
      - cache_read.active_support;dur=0.02, sql.active_record;dur=1.24, cache_generate.active_support;dur=0.90,
        cache_write.active_support;dur=0.08, instantiation.active_record;dur=0.24,
        start_processing.action_controller;dur=0.00, cache_read_multi.active_support;dur=0.03,
        cache_write_multi.active_support;dur=0.05, render.active_model_serializers;dur=0.16,
        process_action.action_controller;dur=25.59
      X-Content-Type-Options:
      - nosniff
      X-Frame-Options:
      - SAMEORIGIN
      X-Permitted-Cross-Domain-Policies:
      - none
      X-RateLimit-Limit:
      - '300'
      X-RateLimit-Remaining:
      - '299'
      X-RateLimit-Reset:
      - '2025-08-15T17:35:00.769059Z'
      X-Request-Id:
      - 1d2a2106-b0e4-4550-8c41-6fdbe5715077
      X-Runtime:
      - '0.045161'
      X-XSS-Protection:
      - '0'
      vary:
      - Authorization, Origin
    status:
      code: 200
      message: OK
version: 1
